******************************************************************************
            TI ARM Clang Linker PC v3.2.0                      
******************************************************************************
>> Linked Thu Oct 24 11:19:26 2024

OUTPUT FILE NAME:   <uart2echo_CC3220SF_LAUNCHXL_nortos_ticlang.out>
ENTRY POINT SYMBOL: "resetISR"  address: 01004489


MEMORY CONFIGURATION

         name            origin    length      used     unused   attr    fill
----------------------  --------  ---------  --------  --------  ----  --------
  FLASH_HDR             01000000   000007ff  00000000  000007ff  R  X
  FLASH                 01000800   000ff800  000046b1  000fb14f  R  X
  SRAM                  20000000   00040000  0000a1b5  00035e4b  RW X
  LOG_DATA              90000000   00040000  00000000  00040000  R   
  LOG_PTR               94000008   00040000  00000000  00040000  R   


SEGMENT ALLOCATION MAP

run origin  load origin   length   init length attrs members
----------  ----------- ---------- ----------- ----- -------
01000800    01000800    000046b4   000046b4    r-x
  01000800    01000800    00000040   00000040    r-- .resetVecs
  01000840    01000840    0000416c   0000416c    r-x .text
  010049ac    010049ac    00000415   00000415    r-- .rodata
  01004dc4    01004dc4    000000f0   000000f0    r-- .cinit
20000310    20000310    00008000   00000000    rw-
  20000310    20000310    00008000   00000000    rw- .sysmem
20008400    20008400    00000ea9   00000000    rw-
  20008400    20008400    00000820   00000000    rw- .bss
  20008c20    20008c20    00000689   00000000    rw- .data
2003f000    2003f000    00001000   00000000    rw-
  2003f000    2003f000    00001000   00000000    rw- .stack


SECTION ALLOCATION MAP

 output                                  attributes/
section   page    origin      length       input sections
--------  ----  ----------  ----------   ----------------
.text      0    01000840    0000416c     
                  01000840    000004b8     driverlib.a : prcm.obj (.text.PRCMCC3200MCUInit)
                  01000cf8    000003e4     drivers_cc32xx.a : PowerCC32XX.c.obj (.text.Power_sleep)
                  010010dc    00000222                      : UART2CC32XX.c.obj (.text.UART2CC32XX_hwiIntFxn)
                  010012fe    000001d2                      : UART2.c.obj (.text.UART2_readTimeout)
                  010014d0    000001cc                      : UART2CC32XX.c.obj (.text.UART2_open)
                  0100169c    00000174                      : UART2.c.obj (.text.UART2_writeTimeoutBlocking)
                  01001810    00000150     nortos_cc32xx.a : PowerCC32XX_nortos.c.obj (.text.PowerCC32XX_sleepPolicy)
                  01001960    00000140     drivers_cc32xx.a : GPIOCC32XX.c.obj (.text.GPIO_setConfig)
                  01001aa0    00000120     libc.a : memory.c.obj (.text.aligned_alloc)
                  01001bc0    0000011a     drivers_cc32xx.a : UART2.c.obj (.text.UART2_writeTimeoutNonblocking)
                  01001cda    00000112     driverlib.a : udma.obj (.text.uDMAChannelTransferSet)
                  01001dec    000000f0     libc.a : memory.c.obj (.text.free)
                  01001edc    000000ec     uart2echo.o (.text.mainThread)
                  01001fc8    000000e8     drivers_cc32xx.a : UART2CC32XX.c.obj (.text.UART2_close)
                  010020b0    000000cc                      : UART2CC32XX.c.obj (.text.UART2Support_dmaStartRx)
                  0100217c    000000c8     driverlib.a : interrupt.obj (.text.IntDisable)
                  01002244    000000c8                 : interrupt.obj (.text.IntEnable)
                  0100230c    000000c4     drivers_cc32xx.a : UART2CC32XX.c.obj (.text.UART2CC32XX_initHw)
                  010023d0    000000b8                      : UART2CC32XX.c.obj (.text.UART2Support_dmaStartTx)
                  01002488    000000b0     libclang_rt.builtins.a : udivmoddi4.S.obj (.text)
                  01002538    000000ac     driverlib.a : gpio.obj (.text.GPIOIntTypeSet)
                  010025e4    000000a4                 : interrupt.obj (.text.IntPendSet)
                  01002688    000000a2                 : pin.obj (.text.PinConfigSet)
                  0100272a    00000002     ti_drivers_config.o (.text.Board_initHook)
                  0100272c    00000098     nortos_cc32xx.a : SemaphoreP_nortos.c.obj (.text.SemaphoreP_pend)
                  010027c4    0000000c     driverlib.a : cpu.obj (.text.CPUwfi)
                  010027d0    00000096     drivers_cc32xx.a : PowerCC32XX_ticlang.asm.obj (.text)
                  01002866    00000092     driverlib.a : udma.obj (.text.uDMAChannelAttributeDisable)
                  010028f8    00000090     drivers_cc32xx.a : GPIOCC32XX.c.obj (.text.GPIO_init)
                  01002988    0000008e     driverlib.a : prcm.obj (.text.PRCMSysResetCauseGet)
                  01002a16    00000002     nortos_cc32xx.a : PowerCC32XX_nortos.c.obj (.text.PowerCC32XX_initPolicy)
                  01002a18    00000088     drivers_cc32xx.a : PowerCC32XX.c.obj (.text.PowerCC32XX_configureWakeup)
                  01002aa0    00000078                      : PowerCC32XX.c.obj (.text.Power_init)
                  01002b18    00000074     nortos_cc32xx.a : HwiPCC32XX_nortos.c.obj (.text.HwiP_construct)
                  01002b8c    00000074     driverlib.a : prcm.obj (.text.PRCMHibernateWakeUpGPIOSelect)
                  01002c00    00000074                 : uart.obj (.text.UARTConfigSetExpClk)
                  01002c74    00000070     libc.a : copy_decompress_lzss.c.obj (.text:decompress:lzss)
                  01002ce4    0000006c     driverlib.a : pin.obj (.text.PinLockLevelSet)
                  01002d50    0000006c     drivers_cc32xx.a : PowerCC32XX.c.obj (.text.Power_setDependency)
                  01002dbc    0000006c                      : UDMACC32XX.c.obj (.text.UDMACC32XX_open)
                  01002e28    0000006c                      : GPIOCC32XX.c.obj (.text.powerNotifyFxn)
                  01002e94    0000006c     libc.a : memory.c.obj (.text.split)
                  01002f00    0000006a     driverlib.a : prcm.obj (.text.PRCMPeripheralReset)
                  01002f6a    00000068                 : interrupt.obj (.text.IntPendClear)
                  01002fd2    00000002     nortos_cc32xx.a : SemaphoreP_nortos.c.obj (.text.SemaphoreP_destruct)
                  01002fd4    00000060     drivers_cc32xx.a : GPIOCC32XX.c.obj (.text.GPIO_write)
                  01003034    00000060                      : UART2CC32XX.c.obj (.text.UART2Support_dmaStopTx)
                  01003094    0000005c     driverlib.a : flash.obj (.text.FlashDisable)
                  010030f0    0000005c                 : prcm.obj (.text.PRCMHibernateWakeupSourceDisable)
                  0100314c    0000005a                 : prcm.obj (.text.PRCMPeripheralClkEnable)
                  010031a6    00000002     drivers_cc32xx.a : UART2CC32XX.c.obj (.text.UART2CC32XX_eventCallback)
                  010031a8    00000058     nortos_cc32xx.a : ClockPSysTick_nortos.c.obj (.text.ClockP_startup)
                  01003200    00000058     driverlib.a : interrupt.obj (.text.IntPrioritySet)
                  01003258    00000056                 : prcm.obj (.text.PRCMLPDSEnter)
                  010032ae    00000002     libclang_rt.builtins.a : aeabi_div0.c.obj (.text.__aeabi_ldiv0)
                  010032b0    00000054     drivers_cc32xx.a : PowerCC32XX.c.obj (.text.PowerCC32XX_setParkState)
                  01003304    00000054                      : PowerCC32XX.c.obj (.text.Power_releaseDependency)
                  01003358    00000050                      : GPIOCC32XX.c.obj (.text.GPIO_hwiIntFxn)
                  010033a8    00000050     driverlib.a : prcm.obj (.text.PRCMHibernateWakeupSourceEnable)
                  010033f8    00000050     nortos_cc32xx.a : SemaphoreP_nortos.c.obj (.text.SemaphoreP_construct)
                  01003448    0000004e     driverlib.a : udma.obj (.text.uDMAChannelAssign)
                  01003496    00000002     libc.a : _lock.c.obj (.text._nop)
                  01003498    0000004c     drivers_cc32xx.a : GPIOCC32XX.c.obj (.text.GPIO_setInterruptConfig)
                  010034e4    0000004c     driverlib.a : prcm.obj (.text.PRCMLPDSRestoreInfoSet)
                  01003530    0000004a     drivers_cc32xx.a : UART2CC32XX.c.obj (.text.UART2Support_dmaStopRx)
                  0100357a    0000004a     driverlib.a : udma.obj (.text.uDMAChannelSizeGet)
                  010035c4    00000048     nortos_cc32xx.a : ClockPSysTick_nortos.c.obj (.text.ClockP_sysTickHandler)
                  0100360c    00000048     driverlib.a : prcm.obj (.text.PRCMIntEnable)
                  01003654    00000048                 : prcm.obj (.text.PRCMPeripheralStatusGet)
                  0100369c    00000048                 : pin.obj (.text.PinConfigGet)
                  010036e4    00000048     drivers_cc32xx.a : UART2.c.obj (.text.UART2_readFull)
                  0100372c    00000046     driverlib.a : prcm.obj (.text.PRCMLPDSEnterKeepDebugIf)
                  01003772    00000046     drivers_cc32xx.a : RingBuf.c.obj (.text.RingBuf_put)
                  010037b8    00000044     driverlib.a : gpio.obj (.text.GPIODirModeSet)
                  010037fc    00000044     drivers_cc32xx.a : GPIOCC32XX.c.obj (.text.GPIO_disableInt)
                  01003840    00000044                      : GPIOCC32XX.c.obj (.text.GPIO_enableInt)
                  01003884    00000044                      : PowerCC32XX.c.obj (.text.Power_releaseConstraint)
                  010038c8    00000044     nortos_cc32xx.a : ClockPSysTick_nortos.c.obj (.text.addToList)
                  0100390c    00000042     driverlib.a : pin.obj (.text.PinModeSet)
                  0100394e    00000042     nortos_cc32xx.a : PowerCC32XX_nortos.c.obj (.text.getCountsRTC)
                  01003990    00000040                     : SemaphoreP_nortos.c.obj (.text.SemaphoreP_post)
                  010039d0    00000040     driverlib.a : udma.obj (.text.uDMAChannelControlSet)
                  01003a10    0000003e                 : pin.obj (.text.PinDirModeSet)
                  01003a4e    00000002     nortos_cc32xx.a : startup_cc32xx_ticlang.c.obj (.text.busFaultHandler)
                  01003a50    0000003c                     : ClockPSysTick_nortos.c.obj (.text.ClockP_stop)
                  01003a8c    0000003c     drivers_cc32xx.a : UDMACC32XX.c.obj (.text.UDMACC32XX_init)
                  01003ac8    00000038     nortos_cc32xx.a : ClockPSysTick_nortos.c.obj (.text.ClockP_destruct)
                  01003b00    00000038     drivers_cc32xx.a : PowerCC32XX.c.obj (.text.Power_setConstraint)
                  01003b38    00000038                      : RingBuf.c.obj (.text.RingBuf_putAdvance)
                  01003b70    00000038     nortos_cc32xx.a : SwiP_nortos.c.obj (.text.SwiP_restore)
                  01003ba8    00000038     drivers_cc32xx.a : UART2.c.obj (.text.UART2_rxEnable)
                  01003be0    00000038                      : UDMACC32XX.c.obj (.text.UDMACC32XX_close)
                  01003c18    00000038     libc.a : autoinit.c.obj (.text:__TI_auto_init_nobinit_nopinit)
                  01003c50    00000036     driverlib.a : pin.obj (.text.PinLock)
                  01003c86    00000036                 : uart.obj (.text.UARTCharPutNonBlocking)
                  01003cbc    00000034     nortos_cc32xx.a : ClockPSysTick_nortos.c.obj (.text.ClockP_start)
                  01003cf0    00000034     driverlib.a : pin.obj (.text.PinDirModeGet)
                  01003d24    00000034                 : pin.obj (.text.PinModeGet)
                  01003d58    00000034     drivers_cc32xx.a : PowerCC32XX.c.obj (.text.PowerCC32XX_parkPin)
                  01003d8c    00000034                      : UART2.c.obj (.text.UART2_rxDisable)
                  01003dc0    00000034     nortos_cc32xx.a : startup_cc32xx_ticlang.c.obj (.text.initVectors)
                  01003df4    00000032     drivers_cc32xx.a : UART2CC32XX.c.obj (.text.UART2Support_enableInts)
                  01003e26    00000002     nortos_cc32xx.a : SemaphoreP_nortos.c.obj (.text.clkFxn)
                  01003e28    00000030                     : ClockPSysTick_nortos.c.obj (.text.ClockP_getTicksUntilInterrupt)
                  01003e58    00000030     driverlib.a : prcm.obj (.text.PRCMLPDSIntervalSet)
                  01003e88    00000030                 : prcm.obj (.text.PRCMSlowClkCtrFastGet)
                  01003eb8    00000030     drivers_cc32xx.a : PowerCC32XX.c.obj (.text.notify)
                  01003ee8    0000002e     driverlib.a : gpio.obj (.text.GPIOIntStatus)
                  01003f16    0000002e     drivers_cc32xx.a : RingBuf.c.obj (.text.RingBuf_getConsume)
                  01003f44    0000002e                      : RingBuf.c.obj (.text.RingBuf_putPointer)
                  01003f72    0000002e     driverlib.a : uart.obj (.text.UARTDisable)
                  01003fa0    0000002c     drivers_cc32xx.a : UART2CC32XX.c.obj (.text.UART2CC32XX_getRxData)
                  01003fcc    0000002a     nortos_cc32xx.a : HwiPCC32XX_nortos.c.obj (.text.HwiP_create)
                  01003ff6    0000002a     driverlib.a : prcm.obj (.text.PRCMLPDSWakeUpGPIOSelect)
                  01004020    0000002a                 : prcm.obj (.text.PRCMPeripheralClkDisable)
                  0100404a    0000002a                 : uart.obj (.text.UARTIntStatus)
                  01004074    00000028     drivers_cc32xx.a : List.c.obj (.text.List_remove)
                  0100409c    00000028     driverlib.a : prcm.obj (.text.PRCMSRAMRetentionEnable)
                  010040c4    00000028     drivers_cc32xx.a : PowerCC32XX.c.obj (.text.PowerCC32XX_getParkState)
                  010040ec    00000028     libc.a : memory.c.obj (.text.free_list_insert)
                  01004114    00000024     driverlib.a : interrupt.obj (.text.IntUnregister)
                  01004138    00000024     drivers_cc32xx.a : List.c.obj (.text.List_put)
                  0100415c    00000024     driverlib.a : prcm.obj (.text.PRCMLPDSWakeupSourceEnable)
                  01004180    00000024     drivers_cc32xx.a : PowerCC32XX.c.obj (.text.PowerCC32XX_restoreParkState)
                  010041a4    00000024                      : PowerCC32XX.c.obj (.text.PowerCC32XX_restoreParkedPin)
                  010041c8    00000024                      : PowerCC32XX.c.obj (.text.Power_registerNotify)
                  010041ec    00000024                      : UART2CC32XX.c.obj (.text.UART2Support_disableRx)
                  01004210    00000024     libc.a : boot_cortex_m.c.obj (.text:_c_int00_noargs)
                  01004234    00000022     driverlib.a : gpio.obj (.text.GPIOPinWrite)
                  01004256    00000022                 : pin.obj (.text.PinUnlock)
                  01004278    00000022     drivers_cc32xx.a : RingBuf.c.obj (.text.RingBuf_getPointer)
                  0100429a    00000022                      : UART2CC32XX.c.obj (.text.UART2Support_sendData)
                  010042bc    00000022                      : UART2.c.obj (.text.UART2_read)
                  010042de    00000020     driverlib.a : interrupt.obj (.text.IntRegister)
                  010042fe    00000002     nortos_cc32xx.a : startup_cc32xx_ticlang.c.obj (.text.defaultHandler)
                  01004300    00000020     drivers_cc32xx.a : PowerCC32XX.c.obj (.text.PowerCC32XX_reset)
                  01004320    00000020                      : PowerCC32XX.c.obj (.text.Power_unregisterNotify)
                  01004340    00000020     nortos_cc32xx.a : SemaphoreP_nortos.c.obj (.text.SemaphoreP_constructBinary)
                  01004360    00000020                     : SemaphoreP_nortos.c.obj (.text.SemaphoreP_createBinary)
                  01004380    0000001e     driverlib.a : pin.obj (.text.PinTypeUART)
                  0100439e    0000001e     drivers_cc32xx.a : UART2.c.obj (.text.UART2_writeTimeout)
                  010043bc    0000001e     driverlib.a : uart.obj (.text.UARTEnable)
                  010043da    0000001e                 : udma.obj (.text.uDMAChannelDisable)
                  010043f8    0000001e                 : udma.obj (.text.uDMAChannelEnable)
                  01004416    0000001e                 : udma.obj (.text.uDMAChannelIsEnabled)
                  01004434    0000001c     nortos_cc32xx.a : HwiPCC32XX_nortos.c.obj (.text.HwiP_dispatch)
                  01004450    0000001c                     : SwiP_nortos.c.obj (.text.SwiP_disable)
                  0100446c    0000001c     libc.a : memory.c.obj (.text.free_list_remove)
                  01004488    0000001c     nortos_cc32xx.a : startup_cc32xx_ticlang.c.obj (.text.resetISR)
                  010044a4    0000001a     driverlib.a : gpio.obj (.text.GPIOIntDisable)
                  010044be    0000001a                 : prcm.obj (.text.PRCMHIBRegRead)
                  010044d8    0000001a                 : prcm.obj (.text.PRCMHIBRegWrite)
                  010044f2    0000001a                 : prcm.obj (.text.PRCMLPDSWakeupSourceDisable)
                  0100450c    0000001a                 : pin.obj (.text.PinToPadGet)
                  01004526    0000001a                 : uart.obj (.text.UARTFlowControlSet)
                  01004540    00000018                 : gpio.obj (.text.GPIOIntEnable)
                  01004558    00000018     nortos_cc32xx.a : SemaphoreP_nortos.c.obj (.text.SemaphoreP_create)
                  01004570    00000016     ti_drivers_config.o (.text.Board_init)
                  01004586    00000016     driverlib.a : systick.obj (.text.SysTickPeriodSet)
                  0100459c    00000016                 : uart.obj (.text.UARTCharsAvail)
                  010045b2    00000016                 : uart.obj (.text.UARTDMADisable)
                  010045c8    00000016                 : uart.obj (.text.UARTFIFOLevelSet)
                  010045de    00000016                 : uart.obj (.text.UARTIntDisable)
                  010045f4    00000014                 : cpu.obj (.text.CPUcpsid)
                  01004608    00000014                 : cpu.obj (.text.CPUcpsie)
                  0100461c    00000014     nortos_cc32xx.a : HwiPCC32XX_nortos.c.obj (.text.HwiP_destruct)
                  01004630    00000014     driverlib.a : interrupt.obj (.text.IntVTableBaseSet)
                  01004644    00000014     drivers_cc32xx.a : PowerCC32XX.c.obj (.text.Power_disablePolicy)
                  01004658    00000014                      : PowerCC32XX.c.obj (.text.Power_getTransitionLatency)
                  0100466c    00000014                      : PowerCC32XX.c.obj (.text.Power_idleFunc)
                  01004680    00000014     driverlib.a : uart.obj (.text.UARTDMAEnable)
                  01004694    00000014                 : uart.obj (.text.UARTIntEnable)
                  010046a8    00000014     libclang_rt.builtins.a : aeabi_uldivmod.S.obj (.text.__aeabi_uldivmod)
                  010046bc    00000014     driverlib.a : udma.obj (.text.uDMAControlBaseSet)
                  010046d0    00000014                 : udma.obj (.text.uDMAIntClear)
                  010046e4    00000012     nortos_cc32xx.a : ClockPSysTick_nortos.c.obj (.text.ClockP_add)
                  010046f6    00000012     driverlib.a : gpio.obj (.text.GPIOIntClear)
                  01004708    00000012     nortos_cc32xx.a : HwiPCC32XX_nortos.c.obj (.text.HwiP_Params_init)
                  0100471a    00000012     driverlib.a : systick.obj (.text.SysTickEnable)
                  0100472c    00000012                 : systick.obj (.text.SysTickIntDisable)
                  0100473e    00000012                 : systick.obj (.text.SysTickIntEnable)
                  01004750    00000012     drivers_cc32xx.a : UDMACC32XX.c.obj (.text.postNotifyFxn)
                  01004762    00000012     libc.a : memcpy_t2.S.obj (.text:TI_memcpy_small)
                  01004774    00000010     nortos_cc32xx.a : ClockPSysTick_nortos.c.obj (.text.ClockP_getCpuFreq)
                  01004784    00000010                     : ClockPSysTick_nortos.c.obj (.text.ClockP_getSystemTicks)
                  01004794    00000010                     : ClockPSysTick_nortos.c.obj (.text.ClockP_setTicks)
                  010047a4    00000010                     : HwiPCC32XX_nortos.c.obj (.text.HwiP_inISR)
                  010047b4    00000010     drivers_cc32xx.a : PowerCC32XX.c.obj (.text.Power_enablePolicy)
                  010047c4    00000010                      : RingBuf.c.obj (.text.RingBuf_construct)
                  010047d4    00000010                      : UART2CC32XX.c.obj (.text.UART2Support_txDone)
                  010047e4    00000010     driverlib.a : uart.obj (.text.UARTBusy)
                  010047f4    00000010                 : uart.obj (.text.UARTIntClear)
                  01004804    00000010                 : uart.obj (.text.UARTRxErrorGet)
                  01004814    00000010     main_nortos.o (.text.main)
                  01004824    00000010     libc.a : copy_zero_init.c.obj (.text:decompress:ZI)
                  01004834    0000000e     nortos_cc32xx.a : HwiPCC32XX_nortos.c.obj (.text.HwiP_interruptsEnabled)
                  01004842    0000000e     drivers_cc32xx.a : UART2.c.obj (.text.UART2_write)
                  01004850    0000000e     driverlib.a : udma.obj (.text.uDMAEnable)
                  0100485e    0000000e                 : udma.obj (.text.uDMAErrorStatusClear)
                  0100486c    0000000e     libc.a : memset_t2.S.obj (.text:TI_memset_small)
                  0100487a    0000000e            : copy_decompress_none.c.obj (.text:decompress:none)
                  01004888    0000000c     drivers_cc32xx.a : UART2CC32XX.c.obj (.text.OUTLINED_FUNCTION_0)
                  01004894    0000000c     driverlib.a : prcm.obj (.text.PRCMLPDSWakeupCauseGet)
                  010048a0    0000000c     drivers_cc32xx.a : PowerCC32XX.c.obj (.text.Power_getConstraintMask)
                  010048ac    0000000c                      : UART2CC32XX.c.obj (.text.UART2CC32XX_postNotifyFxn)
                  010048b8    0000000c                      : UART2CC32XX.c.obj (.text.UART2Support_disableTx)
                  010048c4    0000000c                      : UART2CC32XX.c.obj (.text.UART2Support_enableRx)
                  010048d0    0000000c                      : UART2CC32XX.c.obj (.text.UART2Support_enableTx)
                  010048dc    0000000c                      : UART2.c.obj (.text.UART2_Params_init)
                  010048e8    0000000c     driverlib.a : udma.obj (.text.uDMAErrorStatusGet)
                  010048f4    0000000a                 : cpu.obj (.text.CPUprimask)
                  010048fe    0000000a     nortos_cc32xx.a : ClockPSysTick_nortos.c.obj (.text.ClockP_isActive)
                  01004908    0000000a     driverlib.a : interrupt.obj (.text.IntMasterDisable)
                  01004912    0000000a                 : interrupt.obj (.text.IntMasterEnable)
                  0100491c    0000000a     drivers_cc32xx.a : UART2CC32XX.c.obj (.text.OUTLINED_FUNCTION_1)
                  01004926    0000000a                      : UART2CC32XX.c.obj (.text.OUTLINED_FUNCTION_2)
                  01004930    0000000a     ti_drivers_config.o (.text.dmaErrorFxn)
                  0100493a    00000008     nortos_cc32xx.a : HwiPCC32XX_nortos.c.obj (.text.HwiP_disable)
                  01004942    00000008                     : HwiPCC32XX_nortos.c.obj (.text.HwiP_restore)
                  0100494a    00000008     driverlib.a : prcm.obj (.text.PRCMSleepEnter)
                  01004952    00000008                 : utils.obj (.text.UtilsDelay)
                  0100495a    00000002     nortos_cc32xx.a : startup_cc32xx_ticlang.c.obj (.text.faultISR)
                  0100495c    00000008     libclang_rt.builtins.a : aeabi_memset.S.obj (.text.__aeabi_memclr)
                  01004964    00000008     libc.a : memory.c.obj (.text.malloc)
                  0100496c    00000006     drivers_cc32xx.a : UART2.c.obj (.text.OUTLINED_FUNCTION_0)
                  01004972    00000006                      : UART2CC32XX.c.obj (.text.UART2Support_powerRelConstraint)
                  01004978    00000006                      : UART2CC32XX.c.obj (.text.UART2Support_powerSetConstraint)
                  0100497e    00000004     nortos_cc32xx.a : ClockPSysTick_nortos.c.obj (.text.ClockP_doTick)
                  01004982    00000004                     : HwiPCC32XX_nortos.c.obj (.text.HwiP_clearInterrupt)
                  01004986    00000004                     : HwiPCC32XX_nortos.c.obj (.text.HwiP_enable)
                  0100498a    00000004                     : HwiPCC32XX_nortos.c.obj (.text.HwiP_post)
                  0100498e    00000004     driverlib.a : interrupt.obj (.text.IntDefaultHandler)
                  01004992    00000004     nortos_cc32xx.a : NoRTOS.c.obj (.text.NoRTOS_start)
                  01004996    00000004     drivers_cc32xx.a : RingBuf.c.obj (.text.RingBuf_getCount)
                  0100499a    00000004     nortos_cc32xx.a : SemaphoreP_nortos.c.obj (.text.SemaphoreP_delete)
                  0100499e    00000002                     : startup_cc32xx_ticlang.c.obj (.text.nmiISR)
                  010049a0    00000004     libclang_rt.builtins.a : aeabi_memcpy.S.obj (.text.__aeabi_memcpy)
                  010049a4    00000004     libc.a : pre_init.c.obj (.text._system_pre_init)
                  010049a8    00000004            : exit.c.obj (.text:abort)

.rodata    0    010049ac    00000415     
                  010049ac    00000100     driverlib.a : pin.obj (.rodata.g_ulPinToPadMap)
                  01004aac    000000d4                 : interrupt.obj (.rodata.g_pulRegs)
                  01004b80    000000a8                 : prcm.obj (.rodata.PRCM_PeriphRegsList)
                  01004c28    00000044     ti_drivers_config.o (.rodata.PowerCC32XX_config)
                  01004c6c    00000038     ti_drivers_config.o (.rodata.uart2CC32XXHWAttrs0)
                  01004ca4    00000028     drivers_cc32xx.a : GPIOCC32XX.c.obj (.rodata.portConfigs)
                  01004ccc    00000024                      : UART2.c.obj (.rodata.UART2_defaultParams)
                  01004cf0    00000021                      : GPIOCC32XX.c.obj (.rodata.pinTable)
                  01004d11    00000002                      : UART2CC32XX.c.obj (.rodata.stopBits)
                  01004d13    00000001     ti_drivers_config.o (.rodata.GPIO_pinUpperBound)
                  01004d14    00000018     driverlib.a : interrupt.obj (.rodata.g_pulDisRegs)
                  01004d2c    00000018                 : interrupt.obj (.rodata.g_pulEnRegs)
                  01004d44    00000018                 : interrupt.obj (.rodata.g_pulPendRegs)
                  01004d5c    00000018                 : interrupt.obj (.rodata.g_pulUnpendRegs)
                  01004d74    00000016     uart2echo.o (.rodata.str1.167418819479580569774)
                  01004d8a    00000001     ti_drivers_config.o (.rodata.UART2_count)
                  01004d8b    00000001     --HOLE-- [fill = 0]
                  01004d8c    00000010     ti_drivers_config.o (.rodata.GPIO_config)
                  01004d9c    0000000c     ti_drivers_config.o (.rodata.udmaCC3220SHWAttrs)
                  01004da8    00000008     ti_drivers_config.o (.rodata.UART2_config)
                  01004db0    00000008     ti_drivers_config.o (.rodata.UDMACC32XX_config)
                  01004db8    00000005     drivers_cc32xx.a : UART2CC32XX.c.obj (.rodata.parityType)
                  01004dbd    00000004                      : UART2CC32XX.c.obj (.rodata.cst4)

.cinit     0    01004dc4    000000f0     
                  01004dc4    000000cb     (.cinit..data.load) [load image, compression = lzss]
                  01004e8f    00000001     --HOLE-- [fill = 0]
                  01004e90    0000000c     (__TI_handler_table)
                  01004e9c    00000008     (.cinit..bss.load) [load image, compression = zero_init]
                  01004ea4    00000010     (__TI_cinit_table)

.init_array 
*          0    01000800    00000000     UNINITIALIZED

.resetVecs 
*          0    01000800    00000040     
                  01000800    00000040     nortos_cc32xx.a : startup_cc32xx_ticlang.c.obj (.resetVecs)

.ramVecs   0    20000000    0000030c     NOLOAD SECTION
                  20000000    0000030c     nortos_cc32xx.a : startup_cc32xx_ticlang.c.obj (.ramVecs)

.sysmem    0    20000310    00008000     UNINITIALIZED
                  20000310    00000010     libc.a : memory.c.obj (.sysmem)
                  20000320    00007ff0     --HOLE--

.bss       0    20008400    00000820     UNINITIALIZED
                  20008400    00000400     ti_drivers_config.o (.bss.dmaControlTable)
                  20008800    00000178     (.common:uart2CC32XXObjects0)
                  20008978    0000012c     (.common:PowerCC32XX_contextSave)
                  20008aa4    00000084     (.common:gpioCallbackFunctions)
                  20008b28    00000084     (.common:gpioUserArgs)
                  20008bac    00000020     ti_drivers_config.o (.bss.uart2RxRingBuffer0)
                  20008bcc    00000020     ti_drivers_config.o (.bss.uart2TxRingBuffer0)
                  20008bec    00000014     drivers_cc32xx.a : UDMACC32XX.c.obj (.bss.postNotifyObj)
                  20008c00    00000010     (.common:ClockP_ctrl)
                  20008c10    00000008     (.common:udmaCC3220SObject)
                  20008c18    00000004     nortos_cc32xx.a : ClockPSysTick_nortos.c.obj (.bss.sysTickPeriod)
                  20008c1c    00000004     libc.a : memory.c.obj (.bss.sys_free)

.data      0    20008c20    00000689     UNINITIALIZED
                  20008c20    0000030c     nortos_cc32xx.a : HwiPCC32XX_nortos.c.obj (.data.HwiP_dispatchTable)
                  20008f2c    0000016c     drivers_cc32xx.a : PowerCC32XX.c.obj (.data.PowerCC32XX_module)
                  20009098    000000f8     ti_drivers_config.o (.data.parkInfo)
                  20009190    00000084     ti_drivers_config.o (.data.gpioPinConfigs)
                  20009214    0000004c     nortos_cc32xx.a : SwiP_nortos.c.obj (.data..L_MergedGlobals)
                  20009260    00000018     drivers_cc32xx.a : GPIOCC32XX.c.obj (.data..L_MergedGlobals)
                  20009278    00000010     nortos_cc32xx.a : SemaphoreP_nortos.c.obj (.data..L_MergedGlobals)
                  20009288    00000008     drivers_cc32xx.a : UDMACC32XX.c.obj (.data..L_MergedGlobals)
                  20009290    00000008     nortos_cc32xx.a : ClockPSysTick_nortos.c.obj (.data..L_MergedGlobals)
                  20009298    00000004                     : HwiPCC32XX_nortos.c.obj (.data.HwiP_swiPIntNum)
                  2000929c    00000004     libc.a : _lock.c.obj (.data._lock)
                  200092a0    00000004            : _lock.c.obj (.data._unlock)
                  200092a4    00000001     drivers_cc32xx.a : GPIOCC32XX.c.obj (.data.initCalled)
                  200092a5    00000001                      : GPIOCC32XX.c.obj (.data.portHwiCreatedBitMask)
                  200092a6    00000002     --HOLE--
                  200092a8    00000001     libc.a : memory.c.obj (.data.memory_is_initialized)

.stack     0    2003f000    00001000     UNINITIALIZED
                  2003f000    00000004     libc.a : boot_cortex_m.c.obj (.stack)
                  2003f004    00000ffc     --HOLE--

.log_data 
*          0    90000000    00000000     COPY SECTION

.log_ptr   0    94000008    00000000     COPY SECTION

__llvm_prf_cnts 
*          0    20000000    00000000     UNINITIALIZED

__llvm_prf_bits 
*          0    20000000    00000000     UNINITIALIZED

.binit     0    01000000    00000000     

MODULE SUMMARY

       Module                         code    ro data   rw data
       ------                         ----    -------   -------
    .\
       uart2echo.o                    236     22        0      
       main_nortos.o                  16      0         0      
    +--+------------------------------+-------+---------+---------+
       Total:                         252     22        0      
                                                               
    .\syscfg\
       ti_drivers_config.o            34      170       2116   
    +--+------------------------------+-------+---------+---------+
       Total:                         34      170       2116   
                                                               
    C:/ti/simplelink_cc32xx_sdk_7_10_00_13/kernel/nortos/lib/ticlang/m4/nortos_cc32xx.a
       HwiPCC32XX_nortos.c.obj        282     0         784    
       startup_cc32xx_ticlang.c.obj   88      64        780    
       ClockPSysTick_nortos.c.obj     524     0         28     
       SemaphoreP_nortos.c.obj        392     0         16     
       PowerCC32XX_nortos.c.obj       404     0         0      
       SwiP_nortos.c.obj              84      0         76     
       NoRTOS.c.obj                   4       0         0      
    +--+------------------------------+-------+---------+---------+
       Total:                         1778    64        1684   
                                                               
    C:/ti/simplelink_cc32xx_sdk_7_10_00_13/source/ti/devices/cc32xx/driverlib/ticlang/Release/driverlib.a
       prcm.obj                       2564    168       0      
       interrupt.obj                  868     308       0      
       pin.obj                        718     256       0      
       udma.obj                       806     0         0      
       uart.obj                       490     0         0      
       gpio.obj                       388     0         0      
       flash.obj                      92      0         0      
       systick.obj                    76      0         0      
       cpu.obj                        62      0         0      
       utils.obj                      8       0         0      
    +--+------------------------------+-------+---------+---------+
       Total:                         6072    732       0      
                                                               
    C:/ti/simplelink_cc32xx_sdk_7_10_00_13/source/ti/drivers/lib/ticlang/m4/drivers_cc32xx.a
       PowerCC32XX.c.obj              2052    0         664    
       UART2CC32XX.c.obj              2266    11        0      
       UART2.c.obj                    1396    36        0      
       GPIOCC32XX.c.obj               960     73        26     
       RingBuf.c.obj                  272     0         0      
       UDMACC32XX.c.obj               242     0         28     
       PowerCC32XX_ticlang.asm.obj    150     0         0      
       List.c.obj                     76      0         0      
    +--+------------------------------+-------+---------+---------+
       Total:                         7414    120       718    
                                                               
    C:\ti\ccs1250\ccs\tools\compiler\ti-cgt-armllvm_3.2.0.LTS\lib\armv7em-ti-none-eabi/c/libc.a
       memory.c.obj                   712     0         5      
       copy_decompress_lzss.c.obj     112     0         0      
       autoinit.c.obj                 56      0         0      
       boot_cortex_m.c.obj            36      0         0      
       memcpy_t2.S.obj                18      0         0      
       copy_zero_init.c.obj           16      0         0      
       copy_decompress_none.c.obj     14      0         0      
       memset_t2.S.obj                14      0         0      
       _lock.c.obj                    2       0         8      
       exit.c.obj                     4       0         0      
       pre_init.c.obj                 4       0         0      
    +--+------------------------------+-------+---------+---------+
       Total:                         988     0         13     
                                                               
    C:\ti\ccs1250\ccs\tools\compiler\ti-cgt-armllvm_3.2.0.LTS\lib\clang/15.0.7/lib/armv7em-ti-none-eabi/libclang_rt.builtins.a
       udivmoddi4.S.obj               176     0         0      
       aeabi_uldivmod.S.obj           20      0         0      
       aeabi_memset.S.obj             8       0         0      
       aeabi_memcpy.S.obj             4       0         0      
       aeabi_div0.c.obj               2       0         0      
    +--+------------------------------+-------+---------+---------+
       Total:                         210     0         0      
                                                               
       Heap:                          0       0         32768  
       Stack:                         0       0         4096   
       Linker Generated:              0       239       0      
    +--+------------------------------+-------+---------+---------+
       Grand Total:                   16748   1347      41395  


LINKER GENERATED COPY TABLES

__TI_cinit_table @ 01004ea4 records: 2, size/record: 8, table size: 16
	.data: load addr=01004dc4, load size=000000cb bytes, run addr=20008c20, run size=00000689 bytes, compression=lzss
	.bss: load addr=01004e9c, load size=00000008 bytes, run addr=20008400, run size=00000820 bytes, compression=zero_init


LINKER GENERATED HANDLER TABLE

__TI_handler_table @ 01004e90 records: 3, size/record: 4, table size: 12
	index: 0, handler: __TI_decompress_lzss
	index: 1, handler: __TI_decompress_none
	index: 2, handler: __TI_zero_init


GLOBAL SYMBOLS: SORTED ALPHABETICALLY BY Name 

address   name                            
-------   ----                            
01004571  Board_init                      
0100272b  Board_initHook                  
010049a8  C$$EXIT                         
010045f5  CPUcpsid                        
01004609  CPUcpsie                        
010048f5  CPUprimask                      
010027c5  CPUwfi                          
010046e5  ClockP_add                      
20008c00  ClockP_ctrl                     
01003ac9  ClockP_destruct                 
0100497f  ClockP_doTick                   
01004775  ClockP_getCpuFreq               
01004785  ClockP_getSystemTicks           
01003e29  ClockP_getTicksUntilInterrupt   
010048ff  ClockP_isActive                 
01004795  ClockP_setTicks                 
01003cbd  ClockP_start                    
010031a9  ClockP_startup                  
01003a51  ClockP_stop                     
010035c5  ClockP_sysTickHandler           
20009294  ClockP_tickPeriod               
01003095  FlashDisable                    
010037b9  GPIODirModeSet                  
010046f7  GPIOIntClear                    
010044a5  GPIOIntDisable                  
01004541  GPIOIntEnable                   
01003ee9  GPIOIntStatus                   
01002539  GPIOIntTypeSet                  
01004235  GPIOPinWrite                    
01004d8c  GPIO_config                     
010037fd  GPIO_disableInt                 
01003841  GPIO_enableInt                  
01003359  GPIO_hwiIntFxn                  
010028f9  GPIO_init                       
01004d13  GPIO_pinUpperBound              
01001961  GPIO_setConfig                  
01003499  GPIO_setInterruptConfig         
01002fd5  GPIO_write                      
01004709  HwiP_Params_init                
01004983  HwiP_clearInterrupt             
01002b19  HwiP_construct                  
01003fcd  HwiP_create                     
0100461d  HwiP_destruct                   
0100493b  HwiP_disable                    
01004435  HwiP_dispatch                   
01004987  HwiP_enable                     
010047a5  HwiP_inISR                      
01004835  HwiP_interruptsEnabled          
0100498b  HwiP_post                       
01004943  HwiP_restore                    
20009298  HwiP_swiPIntNum                 
UNDEFED   ITM_flush                       
UNDEFED   ITM_restore                     
0100217d  IntDisable                      
01002245  IntEnable                       
01004909  IntMasterDisable                
01004913  IntMasterEnable                 
01002f6b  IntPendClear                    
010025e5  IntPendSet                      
01003201  IntPrioritySet                  
010042df  IntRegister                     
01004115  IntUnregister                   
01004631  IntVTableBaseSet                
01004139  List_put                        
01004075  List_remove                     
01004993  NoRTOS_start                    
01000841  PRCMCC3200MCUInit               
010044bf  PRCMHIBRegRead                  
010044d9  PRCMHIBRegWrite                 
01002b8d  PRCMHibernateWakeUpGPIOSelect   
010030f1  PRCMHibernateWakeupSourceDisable
010033a9  PRCMHibernateWakeupSourceEnable 
0100360d  PRCMIntEnable                   
01003259  PRCMLPDSEnter                   
0100372d  PRCMLPDSEnterKeepDebugIf        
01003e59  PRCMLPDSIntervalSet             
010034e5  PRCMLPDSRestoreInfoSet          
01003ff7  PRCMLPDSWakeUpGPIOSelect        
01004895  PRCMLPDSWakeupCauseGet          
010044f3  PRCMLPDSWakeupSourceDisable     
0100415d  PRCMLPDSWakeupSourceEnable      
01004021  PRCMPeripheralClkDisable        
0100314d  PRCMPeripheralClkEnable         
01002f01  PRCMPeripheralReset             
01003655  PRCMPeripheralStatusGet         
0100409d  PRCMSRAMRetentionEnable         
0100494b  PRCMSleepEnter                  
01003e89  PRCMSlowClkCtrFastGet           
01002989  PRCMSysResetCauseGet            
0100369d  PinConfigGet                    
01002689  PinConfigSet                    
01003cf1  PinDirModeGet                   
01003a11  PinDirModeSet                   
01003c51  PinLock                         
01002ce5  PinLockLevelSet                 
01003d25  PinModeGet                      
0100390d  PinModeSet                      
0100450d  PinToPadGet                     
01004381  PinTypeUART                     
01004257  PinUnlock                       
01004c28  PowerCC32XX_config              
01002a19  PowerCC32XX_configureWakeup     
20008978  PowerCC32XX_contextSave         
010027d1  PowerCC32XX_enterLPDS           
010040c5  PowerCC32XX_getParkState        
01002a17  PowerCC32XX_initPolicy          
20008f2c  PowerCC32XX_module              
01003d59  PowerCC32XX_parkPin             
01004301  PowerCC32XX_reset               
01004181  PowerCC32XX_restoreParkState    
010041a5  PowerCC32XX_restoreParkedPin    
01002815  PowerCC32XX_resumeLPDS          
010032b1  PowerCC32XX_setParkState        
01001811  PowerCC32XX_sleepPolicy         
01004645  Power_disablePolicy             
010047b5  Power_enablePolicy              
010048a1  Power_getConstraintMask         
01004659  Power_getTransitionLatency      
0100466d  Power_idleFunc                  
01002aa1  Power_init                      
010041c9  Power_registerNotify            
01003885  Power_releaseConstraint         
01003305  Power_releaseDependency         
01003b01  Power_setConstraint             
01002d51  Power_setDependency             
01000cf9  Power_sleep                     
01004321  Power_unregisterNotify          
010047c5  RingBuf_construct               
01003f17  RingBuf_getConsume              
01004997  RingBuf_getCount                
01004279  RingBuf_getPointer              
01003773  RingBuf_put                     
01003b39  RingBuf_putAdvance              
01003f45  RingBuf_putPointer              
010033f9  SemaphoreP_construct            
01004341  SemaphoreP_constructBinary      
01004559  SemaphoreP_create               
01004361  SemaphoreP_createBinary         
20009280  SemaphoreP_defaultParams        
0100499b  SemaphoreP_delete               
01002fd3  SemaphoreP_destruct             
0100272d  SemaphoreP_pend                 
01003991  SemaphoreP_post                 
01004451  SwiP_disable                    
01003b71  SwiP_restore                    
0100471b  SysTickEnable                   
0100472d  SysTickIntDisable               
0100473f  SysTickIntEnable                
01004587  SysTickPeriodSet                
01004763  TI_memcpy_small                 
0100486d  TI_memset_small                 
010041ed  UART2Support_disableRx          
010048b9  UART2Support_disableTx          
010020b1  UART2Support_dmaStartRx         
010023d1  UART2Support_dmaStartTx         
01003531  UART2Support_dmaStopRx          
01003035  UART2Support_dmaStopTx          
01003df5  UART2Support_enableInts         
010048c5  UART2Support_enableRx           
010048d1  UART2Support_enableTx           
01004973  UART2Support_powerRelConstraint 
01004979  UART2Support_powerSetConstraint 
0100429b  UART2Support_sendData           
010047d5  UART2Support_txDone             
010048dd  UART2_Params_init               
01001fc9  UART2_close                     
01004da8  UART2_config                    
01004d8a  UART2_count                     
01004ccc  UART2_defaultParams             
010014d1  UART2_open                      
010042bd  UART2_read                      
010036e5  UART2_readFull                  
010012ff  UART2_readTimeout               
01003d8d  UART2_rxDisable                 
01003ba9  UART2_rxEnable                  
01004843  UART2_write                     
0100439f  UART2_writeTimeout              
0100169d  UART2_writeTimeoutBlocking      
01001bc1  UART2_writeTimeoutNonblocking   
010047e5  UARTBusy                        
01003c87  UARTCharPutNonBlocking          
0100459d  UARTCharsAvail                  
01002c01  UARTConfigSetExpClk             
010045b3  UARTDMADisable                  
01004681  UARTDMAEnable                   
01003f73  UARTDisable                     
010043bd  UARTEnable                      
010045c9  UARTFIFOLevelSet                
01004527  UARTFlowControlSet              
010047f5  UARTIntClear                    
010045df  UARTIntDisable                  
01004695  UARTIntEnable                   
0100404b  UARTIntStatus                   
01004805  UARTRxErrorGet                  
01003be1  UDMACC32XX_close                
01004db0  UDMACC32XX_config               
01003a8d  UDMACC32XX_init                 
01002dbd  UDMACC32XX_open                 
01004953  UtilsDelay                      
20040000  __STACK_END                     
00001000  __STACK_SIZE                    
00008000  __SYSMEM_SIZE                   
00000000  __TI_ATRegion0_region_sz        
00000000  __TI_ATRegion0_src_addr         
00000000  __TI_ATRegion0_trg_addr         
00000000  __TI_ATRegion1_region_sz        
00000000  __TI_ATRegion1_src_addr         
00000000  __TI_ATRegion1_trg_addr         
00000000  __TI_ATRegion2_region_sz        
00000000  __TI_ATRegion2_src_addr         
00000000  __TI_ATRegion2_trg_addr         
01004ea4  __TI_CINIT_Base                 
01004eb4  __TI_CINIT_Limit                
01004eb4  __TI_CINIT_Warm                 
01004e90  __TI_Handler_Table_Base         
01004e9c  __TI_Handler_Table_Limit        
01003c19  __TI_auto_init_nobinit_nopinit  
01002c75  __TI_decompress_lzss            
0100487b  __TI_decompress_none            
ffffffff  __TI_pprof_out_hndl             
ffffffff  __TI_prof_data_size             
ffffffff  __TI_prof_data_start            
01004dc4  __TI_static_base__              
01004825  __TI_zero_init                  
010032af  __aeabi_ldiv0                   
0100495d  __aeabi_memclr                  
0100495d  __aeabi_memclr4                 
0100495d  __aeabi_memclr8                 
010049a1  __aeabi_memcpy                  
010049a1  __aeabi_memcpy4                 
010049a1  __aeabi_memcpy8                 
010046a9  __aeabi_uldivmod                
ffffffff  __binit__                       
UNDEFED   __mpu_init                      
2003f000  __stack                         
20000000  __start___llvm_prf_bits         
20000000  __start___llvm_prf_cnts         
20000000  __stop___llvm_prf_bits          
20000000  __stop___llvm_prf_cnts          
01002489  __udivmoddi4                    
01004211  _c_int00_noargs                 
2000929c  _lock                           
01003497  _nop                            
20000310  _sys_memory                     
UNDEFED   _system_post_cinit              
010049a5  _system_pre_init                
200092a0  _unlock                         
010049a9  abort                           
01001aa1  aligned_alloc                   
ffffffff  binit                           
01003e27  clkFxn                          
01001ded  free                            
20008aa4  gpioCallbackFunctions           
20009190  gpioPinConfigs                  
20008b28  gpioUserArgs                    
01003dc1  initVectors                     
01004815  main                            
01001edd  mainThread                      
01004965  malloc                          
01001aa1  memalign                        
20009098  parkInfo                        
01004489  resetISR                        
01003449  uDMAChannelAssign               
01002867  uDMAChannelAttributeDisable     
010039d1  uDMAChannelControlSet           
010043db  uDMAChannelDisable              
010043f9  uDMAChannelEnable               
01004417  uDMAChannelIsEnabled            
0100357b  uDMAChannelSizeGet              
01001cdb  uDMAChannelTransferSet          
010046bd  uDMAControlBaseSet              
01004851  uDMAEnable                      
0100485f  uDMAErrorStatusClear            
010048e9  uDMAErrorStatusGet              
010046d1  uDMAIntClear                    
20008800  uart2CC32XXObjects0             
01004d9c  udmaCC3220SHWAttrs              
20008c10  udmaCC3220SObject               


GLOBAL SYMBOLS: SORTED BY Symbol Address 

address   name                            
-------   ----                            
00000000  __TI_ATRegion0_region_sz        
00000000  __TI_ATRegion0_src_addr         
00000000  __TI_ATRegion0_trg_addr         
00000000  __TI_ATRegion1_region_sz        
00000000  __TI_ATRegion1_src_addr         
00000000  __TI_ATRegion1_trg_addr         
00000000  __TI_ATRegion2_region_sz        
00000000  __TI_ATRegion2_src_addr         
00000000  __TI_ATRegion2_trg_addr         
00001000  __STACK_SIZE                    
00008000  __SYSMEM_SIZE                   
01000841  PRCMCC3200MCUInit               
01000cf9  Power_sleep                     
010012ff  UART2_readTimeout               
010014d1  UART2_open                      
0100169d  UART2_writeTimeoutBlocking      
01001811  PowerCC32XX_sleepPolicy         
01001961  GPIO_setConfig                  
01001aa1  aligned_alloc                   
01001aa1  memalign                        
01001bc1  UART2_writeTimeoutNonblocking   
01001cdb  uDMAChannelTransferSet          
01001ded  free                            
01001edd  mainThread                      
01001fc9  UART2_close                     
010020b1  UART2Support_dmaStartRx         
0100217d  IntDisable                      
01002245  IntEnable                       
010023d1  UART2Support_dmaStartTx         
01002489  __udivmoddi4                    
01002539  GPIOIntTypeSet                  
010025e5  IntPendSet                      
01002689  PinConfigSet                    
0100272b  Board_initHook                  
0100272d  SemaphoreP_pend                 
010027c5  CPUwfi                          
010027d1  PowerCC32XX_enterLPDS           
01002815  PowerCC32XX_resumeLPDS          
01002867  uDMAChannelAttributeDisable     
010028f9  GPIO_init                       
01002989  PRCMSysResetCauseGet            
01002a17  PowerCC32XX_initPolicy          
01002a19  PowerCC32XX_configureWakeup     
01002aa1  Power_init                      
01002b19  HwiP_construct                  
01002b8d  PRCMHibernateWakeUpGPIOSelect   
01002c01  UARTConfigSetExpClk             
01002c75  __TI_decompress_lzss            
01002ce5  PinLockLevelSet                 
01002d51  Power_setDependency             
01002dbd  UDMACC32XX_open                 
01002f01  PRCMPeripheralReset             
01002f6b  IntPendClear                    
01002fd3  SemaphoreP_destruct             
01002fd5  GPIO_write                      
01003035  UART2Support_dmaStopTx          
01003095  FlashDisable                    
010030f1  PRCMHibernateWakeupSourceDisable
0100314d  PRCMPeripheralClkEnable         
010031a9  ClockP_startup                  
01003201  IntPrioritySet                  
01003259  PRCMLPDSEnter                   
010032af  __aeabi_ldiv0                   
010032b1  PowerCC32XX_setParkState        
01003305  Power_releaseDependency         
01003359  GPIO_hwiIntFxn                  
010033a9  PRCMHibernateWakeupSourceEnable 
010033f9  SemaphoreP_construct            
01003449  uDMAChannelAssign               
01003497  _nop                            
01003499  GPIO_setInterruptConfig         
010034e5  PRCMLPDSRestoreInfoSet          
01003531  UART2Support_dmaStopRx          
0100357b  uDMAChannelSizeGet              
010035c5  ClockP_sysTickHandler           
0100360d  PRCMIntEnable                   
01003655  PRCMPeripheralStatusGet         
0100369d  PinConfigGet                    
010036e5  UART2_readFull                  
0100372d  PRCMLPDSEnterKeepDebugIf        
01003773  RingBuf_put                     
010037b9  GPIODirModeSet                  
010037fd  GPIO_disableInt                 
01003841  GPIO_enableInt                  
01003885  Power_releaseConstraint         
0100390d  PinModeSet                      
01003991  SemaphoreP_post                 
010039d1  uDMAChannelControlSet           
01003a11  PinDirModeSet                   
01003a51  ClockP_stop                     
01003a8d  UDMACC32XX_init                 
01003ac9  ClockP_destruct                 
01003b01  Power_setConstraint             
01003b39  RingBuf_putAdvance              
01003b71  SwiP_restore                    
01003ba9  UART2_rxEnable                  
01003be1  UDMACC32XX_close                
01003c19  __TI_auto_init_nobinit_nopinit  
01003c51  PinLock                         
01003c87  UARTCharPutNonBlocking          
01003cbd  ClockP_start                    
01003cf1  PinDirModeGet                   
01003d25  PinModeGet                      
01003d59  PowerCC32XX_parkPin             
01003d8d  UART2_rxDisable                 
01003dc1  initVectors                     
01003df5  UART2Support_enableInts         
01003e27  clkFxn                          
01003e29  ClockP_getTicksUntilInterrupt   
01003e59  PRCMLPDSIntervalSet             
01003e89  PRCMSlowClkCtrFastGet           
01003ee9  GPIOIntStatus                   
01003f17  RingBuf_getConsume              
01003f45  RingBuf_putPointer              
01003f73  UARTDisable                     
01003fcd  HwiP_create                     
01003ff7  PRCMLPDSWakeUpGPIOSelect        
01004021  PRCMPeripheralClkDisable        
0100404b  UARTIntStatus                   
01004075  List_remove                     
0100409d  PRCMSRAMRetentionEnable         
010040c5  PowerCC32XX_getParkState        
01004115  IntUnregister                   
01004139  List_put                        
0100415d  PRCMLPDSWakeupSourceEnable      
01004181  PowerCC32XX_restoreParkState    
010041a5  PowerCC32XX_restoreParkedPin    
010041c9  Power_registerNotify            
010041ed  UART2Support_disableRx          
01004211  _c_int00_noargs                 
01004235  GPIOPinWrite                    
01004257  PinUnlock                       
01004279  RingBuf_getPointer              
0100429b  UART2Support_sendData           
010042bd  UART2_read                      
010042df  IntRegister                     
01004301  PowerCC32XX_reset               
01004321  Power_unregisterNotify          
01004341  SemaphoreP_constructBinary      
01004361  SemaphoreP_createBinary         
01004381  PinTypeUART                     
0100439f  UART2_writeTimeout              
010043bd  UARTEnable                      
010043db  uDMAChannelDisable              
010043f9  uDMAChannelEnable               
01004417  uDMAChannelIsEnabled            
01004435  HwiP_dispatch                   
01004451  SwiP_disable                    
01004489  resetISR                        
010044a5  GPIOIntDisable                  
010044bf  PRCMHIBRegRead                  
010044d9  PRCMHIBRegWrite                 
010044f3  PRCMLPDSWakeupSourceDisable     
0100450d  PinToPadGet                     
01004527  UARTFlowControlSet              
01004541  GPIOIntEnable                   
01004559  SemaphoreP_create               
01004571  Board_init                      
01004587  SysTickPeriodSet                
0100459d  UARTCharsAvail                  
010045b3  UARTDMADisable                  
010045c9  UARTFIFOLevelSet                
010045df  UARTIntDisable                  
010045f5  CPUcpsid                        
01004609  CPUcpsie                        
0100461d  HwiP_destruct                   
01004631  IntVTableBaseSet                
01004645  Power_disablePolicy             
01004659  Power_getTransitionLatency      
0100466d  Power_idleFunc                  
01004681  UARTDMAEnable                   
01004695  UARTIntEnable                   
010046a9  __aeabi_uldivmod                
010046bd  uDMAControlBaseSet              
010046d1  uDMAIntClear                    
010046e5  ClockP_add                      
010046f7  GPIOIntClear                    
01004709  HwiP_Params_init                
0100471b  SysTickEnable                   
0100472d  SysTickIntDisable               
0100473f  SysTickIntEnable                
01004763  TI_memcpy_small                 
01004775  ClockP_getCpuFreq               
01004785  ClockP_getSystemTicks           
01004795  ClockP_setTicks                 
010047a5  HwiP_inISR                      
010047b5  Power_enablePolicy              
010047c5  RingBuf_construct               
010047d5  UART2Support_txDone             
010047e5  UARTBusy                        
010047f5  UARTIntClear                    
01004805  UARTRxErrorGet                  
01004815  main                            
01004825  __TI_zero_init                  
01004835  HwiP_interruptsEnabled          
01004843  UART2_write                     
01004851  uDMAEnable                      
0100485f  uDMAErrorStatusClear            
0100486d  TI_memset_small                 
0100487b  __TI_decompress_none            
01004895  PRCMLPDSWakeupCauseGet          
010048a1  Power_getConstraintMask         
010048b9  UART2Support_disableTx          
010048c5  UART2Support_enableRx           
010048d1  UART2Support_enableTx           
010048dd  UART2_Params_init               
010048e9  uDMAErrorStatusGet              
010048f5  CPUprimask                      
010048ff  ClockP_isActive                 
01004909  IntMasterDisable                
01004913  IntMasterEnable                 
0100493b  HwiP_disable                    
01004943  HwiP_restore                    
0100494b  PRCMSleepEnter                  
01004953  UtilsDelay                      
0100495d  __aeabi_memclr                  
0100495d  __aeabi_memclr4                 
0100495d  __aeabi_memclr8                 
01004965  malloc                          
01004973  UART2Support_powerRelConstraint 
01004979  UART2Support_powerSetConstraint 
0100497f  ClockP_doTick                   
01004983  HwiP_clearInterrupt             
01004987  HwiP_enable                     
0100498b  HwiP_post                       
01004993  NoRTOS_start                    
01004997  RingBuf_getCount                
0100499b  SemaphoreP_delete               
010049a1  __aeabi_memcpy                  
010049a1  __aeabi_memcpy4                 
010049a1  __aeabi_memcpy8                 
010049a5  _system_pre_init                
010049a8  C$$EXIT                         
010049a9  abort                           
01004c28  PowerCC32XX_config              
01004ccc  UART2_defaultParams             
01004d13  GPIO_pinUpperBound              
01004d8a  UART2_count                     
01004d8c  GPIO_config                     
01004d9c  udmaCC3220SHWAttrs              
01004da8  UART2_config                    
01004db0  UDMACC32XX_config               
01004dc4  __TI_static_base__              
01004e90  __TI_Handler_Table_Base         
01004e9c  __TI_Handler_Table_Limit        
01004ea4  __TI_CINIT_Base                 
01004eb4  __TI_CINIT_Limit                
01004eb4  __TI_CINIT_Warm                 
20000000  __start___llvm_prf_bits         
20000000  __start___llvm_prf_cnts         
20000000  __stop___llvm_prf_bits          
20000000  __stop___llvm_prf_cnts          
20000310  _sys_memory                     
20008800  uart2CC32XXObjects0             
20008978  PowerCC32XX_contextSave         
20008aa4  gpioCallbackFunctions           
20008b28  gpioUserArgs                    
20008c00  ClockP_ctrl                     
20008c10  udmaCC3220SObject               
20008f2c  PowerCC32XX_module              
20009098  parkInfo                        
20009190  gpioPinConfigs                  
20009280  SemaphoreP_defaultParams        
20009294  ClockP_tickPeriod               
20009298  HwiP_swiPIntNum                 
2000929c  _lock                           
200092a0  _unlock                         
2003f000  __stack                         
20040000  __STACK_END                     
ffffffff  __TI_pprof_out_hndl             
ffffffff  __TI_prof_data_size             
ffffffff  __TI_prof_data_start            
ffffffff  __binit__                       
ffffffff  binit                           
UNDEFED   ITM_flush                       
UNDEFED   ITM_restore                     
UNDEFED   __mpu_init                      
UNDEFED   _system_post_cinit              

[278 symbols]
