<?xml version="1.0" encoding="ISO-8859-1" ?>
<link_info>
   <banner>TI ARM Clang Linker PC v3.2.0.LTS</banner>
   <copyright>Copyright (c) 1996-2018 Texas Instruments Incorporated</copyright>
   <link_time>0x671a738e</link_time>
   <link_errors>0x0</link_errors>
   <output_file>C:\Users\Grant S\workspace_v12\uart2echo_CC3220SF_LAUNCHXL_nortos_ticlang\Debug\uart2echo_CC3220SF_LAUNCHXL_nortos_ticlang.out</output_file>
   <entry_point>
      <name>resetISR</name>
      <address>0x1004489</address>
   </entry_point>
   <input_file_list>
      <input_file id="fl-1">
         <path>C:\Users\Grant S\workspace_v12\uart2echo_CC3220SF_LAUNCHXL_nortos_ticlang\Debug\.\</path>
         <kind>object</kind>
         <file>main_nortos.o</file>
         <name>main_nortos.o</name>
      </input_file>
      <input_file id="fl-2">
         <path>C:\Users\Grant S\workspace_v12\uart2echo_CC3220SF_LAUNCHXL_nortos_ticlang\Debug\.\</path>
         <kind>object</kind>
         <file>uart2echo.o</file>
         <name>uart2echo.o</name>
      </input_file>
      <input_file id="fl-3">
         <path>C:\Users\Grant S\workspace_v12\uart2echo_CC3220SF_LAUNCHXL_nortos_ticlang\Debug\.\syscfg\</path>
         <kind>object</kind>
         <file>ti_drivers_config.o</file>
         <name>ti_drivers_config.o</name>
      </input_file>
      <input_file id="fl-13">
         <path>C:\Users\Grant S\workspace_v12\uart2echo_CC3220SF_LAUNCHXL_nortos_ticlang\Debug\</path>
         <kind>object</kind>
         <file>&lt;internal&gt;</file>
         <name>&lt;internal&gt;</name>
      </input_file>
      <input_file id="fl-14">
         <path>C:\ti\simplelink_cc32xx_sdk_7_10_00_13\source\ti\drivers\lib\ticlang\m4\</path>
         <kind>archive</kind>
         <file>drivers_cc32xx.a</file>
         <name>GPIOCC32XX.c.obj</name>
      </input_file>
      <input_file id="fl-15">
         <path>C:\ti\simplelink_cc32xx_sdk_7_10_00_13\source\ti\drivers\lib\ticlang\m4\</path>
         <kind>archive</kind>
         <file>drivers_cc32xx.a</file>
         <name>PowerCC32XX.c.obj</name>
      </input_file>
      <input_file id="fl-16">
         <path>C:\ti\simplelink_cc32xx_sdk_7_10_00_13\source\ti\drivers\lib\ticlang\m4\</path>
         <kind>archive</kind>
         <file>drivers_cc32xx.a</file>
         <name>PowerCC32XX_ticlang.asm.obj</name>
      </input_file>
      <input_file id="fl-17">
         <path>C:\ti\simplelink_cc32xx_sdk_7_10_00_13\source\ti\drivers\lib\ticlang\m4\</path>
         <kind>archive</kind>
         <file>drivers_cc32xx.a</file>
         <name>UART2.c.obj</name>
      </input_file>
      <input_file id="fl-18">
         <path>C:\ti\simplelink_cc32xx_sdk_7_10_00_13\source\ti\drivers\lib\ticlang\m4\</path>
         <kind>archive</kind>
         <file>drivers_cc32xx.a</file>
         <name>UART2CC32XX.c.obj</name>
      </input_file>
      <input_file id="fl-19">
         <path>C:\ti\simplelink_cc32xx_sdk_7_10_00_13\source\ti\drivers\lib\ticlang\m4\</path>
         <kind>archive</kind>
         <file>drivers_cc32xx.a</file>
         <name>List.c.obj</name>
      </input_file>
      <input_file id="fl-1a">
         <path>C:\ti\simplelink_cc32xx_sdk_7_10_00_13\source\ti\drivers\lib\ticlang\m4\</path>
         <kind>archive</kind>
         <file>drivers_cc32xx.a</file>
         <name>RingBuf.c.obj</name>
      </input_file>
      <input_file id="fl-1b">
         <path>C:\ti\simplelink_cc32xx_sdk_7_10_00_13\source\ti\drivers\lib\ticlang\m4\</path>
         <kind>archive</kind>
         <file>drivers_cc32xx.a</file>
         <name>UDMACC32XX.c.obj</name>
      </input_file>
      <input_file id="fl-1c">
         <path>C:\ti\simplelink_cc32xx_sdk_7_10_00_13\kernel\nortos\lib\ticlang\m4\</path>
         <kind>archive</kind>
         <file>nortos_cc32xx.a</file>
         <name>NoRTOS.c.obj</name>
      </input_file>
      <input_file id="fl-1d">
         <path>C:\ti\simplelink_cc32xx_sdk_7_10_00_13\kernel\nortos\lib\ticlang\m4\</path>
         <kind>archive</kind>
         <file>nortos_cc32xx.a</file>
         <name>SemaphoreP_nortos.c.obj</name>
      </input_file>
      <input_file id="fl-1e">
         <path>C:\ti\simplelink_cc32xx_sdk_7_10_00_13\kernel\nortos\lib\ticlang\m4\</path>
         <kind>archive</kind>
         <file>nortos_cc32xx.a</file>
         <name>ClockPSysTick_nortos.c.obj</name>
      </input_file>
      <input_file id="fl-1f">
         <path>C:\ti\simplelink_cc32xx_sdk_7_10_00_13\kernel\nortos\lib\ticlang\m4\</path>
         <kind>archive</kind>
         <file>nortos_cc32xx.a</file>
         <name>HwiPCC32XX_nortos.c.obj</name>
      </input_file>
      <input_file id="fl-20">
         <path>C:\ti\simplelink_cc32xx_sdk_7_10_00_13\kernel\nortos\lib\ticlang\m4\</path>
         <kind>archive</kind>
         <file>nortos_cc32xx.a</file>
         <name>PowerCC32XX_nortos.c.obj</name>
      </input_file>
      <input_file id="fl-21">
         <path>C:\ti\simplelink_cc32xx_sdk_7_10_00_13\kernel\nortos\lib\ticlang\m4\</path>
         <kind>archive</kind>
         <file>nortos_cc32xx.a</file>
         <name>startup_cc32xx_ticlang.c.obj</name>
      </input_file>
      <input_file id="fl-22">
         <path>C:\ti\simplelink_cc32xx_sdk_7_10_00_13\kernel\nortos\lib\ticlang\m4\</path>
         <kind>archive</kind>
         <file>nortos_cc32xx.a</file>
         <name>SwiP_nortos.c.obj</name>
      </input_file>
      <input_file id="fl-23">
         <path>C:\ti\simplelink_cc32xx_sdk_7_10_00_13\source\ti\devices\cc32xx\driverlib\ticlang\Release\</path>
         <kind>archive</kind>
         <file>driverlib.a</file>
         <name>cpu.obj</name>
      </input_file>
      <input_file id="fl-24">
         <path>C:\ti\simplelink_cc32xx_sdk_7_10_00_13\source\ti\devices\cc32xx\driverlib\ticlang\Release\</path>
         <kind>archive</kind>
         <file>driverlib.a</file>
         <name>gpio.obj</name>
      </input_file>
      <input_file id="fl-25">
         <path>C:\ti\simplelink_cc32xx_sdk_7_10_00_13\source\ti\devices\cc32xx\driverlib\ticlang\Release\</path>
         <kind>archive</kind>
         <file>driverlib.a</file>
         <name>hwspinlock.obj</name>
      </input_file>
      <input_file id="fl-26">
         <path>C:\ti\simplelink_cc32xx_sdk_7_10_00_13\source\ti\devices\cc32xx\driverlib\ticlang\Release\</path>
         <kind>archive</kind>
         <file>driverlib.a</file>
         <name>interrupt.obj</name>
      </input_file>
      <input_file id="fl-27">
         <path>C:\ti\simplelink_cc32xx_sdk_7_10_00_13\source\ti\devices\cc32xx\driverlib\ticlang\Release\</path>
         <kind>archive</kind>
         <file>driverlib.a</file>
         <name>pin.obj</name>
      </input_file>
      <input_file id="fl-28">
         <path>C:\ti\simplelink_cc32xx_sdk_7_10_00_13\source\ti\devices\cc32xx\driverlib\ticlang\Release\</path>
         <kind>archive</kind>
         <file>driverlib.a</file>
         <name>prcm.obj</name>
      </input_file>
      <input_file id="fl-29">
         <path>C:\ti\simplelink_cc32xx_sdk_7_10_00_13\source\ti\devices\cc32xx\driverlib\ticlang\Release\</path>
         <kind>archive</kind>
         <file>driverlib.a</file>
         <name>spi.obj</name>
      </input_file>
      <input_file id="fl-2a">
         <path>C:\ti\simplelink_cc32xx_sdk_7_10_00_13\source\ti\devices\cc32xx\driverlib\ticlang\Release\</path>
         <kind>archive</kind>
         <file>driverlib.a</file>
         <name>systick.obj</name>
      </input_file>
      <input_file id="fl-2b">
         <path>C:\ti\simplelink_cc32xx_sdk_7_10_00_13\source\ti\devices\cc32xx\driverlib\ticlang\Release\</path>
         <kind>archive</kind>
         <file>driverlib.a</file>
         <name>uart.obj</name>
      </input_file>
      <input_file id="fl-2c">
         <path>C:\ti\simplelink_cc32xx_sdk_7_10_00_13\source\ti\devices\cc32xx\driverlib\ticlang\Release\</path>
         <kind>archive</kind>
         <file>driverlib.a</file>
         <name>udma.obj</name>
      </input_file>
      <input_file id="fl-2d">
         <path>C:\ti\simplelink_cc32xx_sdk_7_10_00_13\source\ti\devices\cc32xx\driverlib\ticlang\Release\</path>
         <kind>archive</kind>
         <file>driverlib.a</file>
         <name>utils.obj</name>
      </input_file>
      <input_file id="fl-2e">
         <path>C:\ti\simplelink_cc32xx_sdk_7_10_00_13\source\ti\devices\cc32xx\driverlib\ticlang\Release\</path>
         <kind>archive</kind>
         <file>driverlib.a</file>
         <name>flash.obj</name>
      </input_file>
      <input_file id="fl-3b">
         <path>C:\ti\ccs1250\ccs\tools\compiler\ti-cgt-armllvm_3.2.0.LTS\lib\armv7em-ti-none-eabi\c\</path>
         <kind>archive</kind>
         <file>libc.a</file>
         <name>memory.c.obj</name>
      </input_file>
      <input_file id="fl-3c">
         <path>C:\ti\ccs1250\ccs\tools\compiler\ti-cgt-armllvm_3.2.0.LTS\lib\armv7em-ti-none-eabi\c\</path>
         <kind>archive</kind>
         <file>libc.a</file>
         <name>boot_cortex_m.c.obj</name>
      </input_file>
      <input_file id="fl-3d">
         <path>C:\ti\ccs1250\ccs\tools\compiler\ti-cgt-armllvm_3.2.0.LTS\lib\armv7em-ti-none-eabi\c\</path>
         <kind>archive</kind>
         <file>libc.a</file>
         <name>mathacl_init.c.obj</name>
      </input_file>
      <input_file id="fl-3e">
         <path>C:\ti\ccs1250\ccs\tools\compiler\ti-cgt-armllvm_3.2.0.LTS\lib\armv7em-ti-none-eabi\c\</path>
         <kind>archive</kind>
         <file>libc.a</file>
         <name>autoinit.c.obj</name>
      </input_file>
      <input_file id="fl-3f">
         <path>C:\ti\ccs1250\ccs\tools\compiler\ti-cgt-armllvm_3.2.0.LTS\lib\armv7em-ti-none-eabi\c\</path>
         <kind>archive</kind>
         <file>libc.a</file>
         <name>pre_init.c.obj</name>
      </input_file>
      <input_file id="fl-40">
         <path>C:\ti\ccs1250\ccs\tools\compiler\ti-cgt-armllvm_3.2.0.LTS\lib\armv7em-ti-none-eabi\c\</path>
         <kind>archive</kind>
         <file>libc.a</file>
         <name>cpy_tbl.c.obj</name>
      </input_file>
      <input_file id="fl-41">
         <path>C:\ti\ccs1250\ccs\tools\compiler\ti-cgt-armllvm_3.2.0.LTS\lib\armv7em-ti-none-eabi\c\</path>
         <kind>archive</kind>
         <file>libc.a</file>
         <name>copy_zero_init.c.obj</name>
      </input_file>
      <input_file id="fl-42">
         <path>C:\ti\ccs1250\ccs\tools\compiler\ti-cgt-armllvm_3.2.0.LTS\lib\armv7em-ti-none-eabi\c\</path>
         <kind>archive</kind>
         <file>libc.a</file>
         <name>copy_decompress_none.c.obj</name>
      </input_file>
      <input_file id="fl-43">
         <path>C:\ti\ccs1250\ccs\tools\compiler\ti-cgt-armllvm_3.2.0.LTS\lib\armv7em-ti-none-eabi\c\</path>
         <kind>archive</kind>
         <file>libc.a</file>
         <name>copy_decompress_lzss.c.obj</name>
      </input_file>
      <input_file id="fl-44">
         <path>C:\ti\ccs1250\ccs\tools\compiler\ti-cgt-armllvm_3.2.0.LTS\lib\armv7em-ti-none-eabi\c\</path>
         <kind>archive</kind>
         <file>libc.a</file>
         <name>exit.c.obj</name>
      </input_file>
      <input_file id="fl-45">
         <path>C:\ti\ccs1250\ccs\tools\compiler\ti-cgt-armllvm_3.2.0.LTS\lib\armv7em-ti-none-eabi\c\</path>
         <kind>archive</kind>
         <file>libc.a</file>
         <name>_lock.c.obj</name>
      </input_file>
      <input_file id="fl-46">
         <path>C:\ti\ccs1250\ccs\tools\compiler\ti-cgt-armllvm_3.2.0.LTS\lib\armv7em-ti-none-eabi\c\</path>
         <kind>archive</kind>
         <file>libc.a</file>
         <name>args_main.c.obj</name>
      </input_file>
      <input_file id="fl-aa">
         <path>C:\ti\ccs1250\ccs\tools\compiler\ti-cgt-armllvm_3.2.0.LTS\lib\clang\15.0.7\lib\armv7em-ti-none-eabi\</path>
         <kind>archive</kind>
         <file>libclang_rt.builtins.a</file>
         <name>aeabi_memcpy.S.obj</name>
      </input_file>
      <input_file id="fl-ab">
         <path>C:\ti\ccs1250\ccs\tools\compiler\ti-cgt-armllvm_3.2.0.LTS\lib\clang\15.0.7\lib\armv7em-ti-none-eabi\</path>
         <kind>archive</kind>
         <file>libclang_rt.builtins.a</file>
         <name>aeabi_memset.S.obj</name>
      </input_file>
      <input_file id="fl-ac">
         <path>C:\ti\ccs1250\ccs\tools\compiler\ti-cgt-armllvm_3.2.0.LTS\lib\clang\15.0.7\lib\armv7em-ti-none-eabi\</path>
         <kind>archive</kind>
         <file>libclang_rt.builtins.a</file>
         <name>aeabi_uldivmod.S.obj</name>
      </input_file>
      <input_file id="fl-ad">
         <path>C:\ti\ccs1250\ccs\tools\compiler\ti-cgt-armllvm_3.2.0.LTS\lib\clang\15.0.7\lib\armv7em-ti-none-eabi\</path>
         <kind>archive</kind>
         <file>libclang_rt.builtins.a</file>
         <name>udivmoddi4.S.obj</name>
      </input_file>
      <input_file id="fl-ae">
         <path>C:\ti\ccs1250\ccs\tools\compiler\ti-cgt-armllvm_3.2.0.LTS\lib\clang\15.0.7\lib\armv7em-ti-none-eabi\</path>
         <kind>archive</kind>
         <file>libclang_rt.builtins.a</file>
         <name>aeabi_div0.c.obj</name>
      </input_file>
      <input_file id="fl-af">
         <path>C:\ti\ccs1250\ccs\tools\compiler\ti-cgt-armllvm_3.2.0.LTS\lib\armv7em-ti-none-eabi\c\</path>
         <kind>archive</kind>
         <file>libc.a</file>
         <name>memcpy_t2.S.obj</name>
      </input_file>
      <input_file id="fl-b0">
         <path>C:\ti\ccs1250\ccs\tools\compiler\ti-cgt-armllvm_3.2.0.LTS\lib\armv7em-ti-none-eabi\c\</path>
         <kind>archive</kind>
         <file>libc.a</file>
         <name>memset_t2.S.obj</name>
      </input_file>
   </input_file_list>
   <object_component_list>
      <object_component id="oc-d1">
         <name>.text.PRCMCC3200MCUInit</name>
         <load_address>0x1000840</load_address>
         <readonly>true</readonly>
         <executable>true</executable>
         <run_address>0x1000840</run_address>
         <size>0x4b8</size>
         <alignment>0x2</alignment>
         <input_file_ref idref="fl-28"/>
      </object_component>
      <object_component id="oc-209">
         <name>.text.Power_sleep</name>
         <load_address>0x1000cf8</load_address>
         <readonly>true</readonly>
         <executable>true</executable>
         <run_address>0x1000cf8</run_address>
         <size>0x3e4</size>
         <alignment>0x4</alignment>
         <input_file_ref idref="fl-15"/>
      </object_component>
      <object_component id="oc-168">
         <name>.text.UART2CC32XX_hwiIntFxn</name>
         <load_address>0x10010dc</load_address>
         <readonly>true</readonly>
         <executable>true</executable>
         <run_address>0x10010dc</run_address>
         <size>0x222</size>
         <alignment>0x2</alignment>
         <input_file_ref idref="fl-18"/>
      </object_component>
      <object_component id="oc-16c">
         <name>.text.UART2_readTimeout</name>
         <load_address>0x10012fe</load_address>
         <readonly>true</readonly>
         <executable>true</executable>
         <run_address>0x10012fe</run_address>
         <size>0x1d2</size>
         <alignment>0x2</alignment>
         <input_file_ref idref="fl-17"/>
      </object_component>
      <object_component id="oc-f2">
         <name>.text.UART2_open</name>
         <load_address>0x10014d0</load_address>
         <readonly>true</readonly>
         <executable>true</executable>
         <run_address>0x10014d0</run_address>
         <size>0x1cc</size>
         <alignment>0x4</alignment>
         <input_file_ref idref="fl-18"/>
      </object_component>
      <object_component id="oc-1ed">
         <name>.text.UART2_writeTimeoutBlocking</name>
         <load_address>0x100169c</load_address>
         <readonly>true</readonly>
         <executable>true</executable>
         <run_address>0x100169c</run_address>
         <size>0x174</size>
         <alignment>0x2</alignment>
         <input_file_ref idref="fl-17"/>
      </object_component>
      <object_component id="oc-188">
         <name>.text.PowerCC32XX_sleepPolicy</name>
         <load_address>0x1001810</load_address>
         <readonly>true</readonly>
         <executable>true</executable>
         <run_address>0x1001810</run_address>
         <size>0x150</size>
         <alignment>0x4</alignment>
         <input_file_ref idref="fl-20"/>
      </object_component>
      <object_component id="oc-ec">
         <name>.text.GPIO_setConfig</name>
         <load_address>0x1001960</load_address>
         <readonly>true</readonly>
         <executable>true</executable>
         <run_address>0x1001960</run_address>
         <size>0x140</size>
         <alignment>0x4</alignment>
         <input_file_ref idref="fl-14"/>
      </object_component>
      <object_component id="oc-218">
         <name>.text.aligned_alloc</name>
         <load_address>0x1001aa0</load_address>
         <readonly>true</readonly>
         <executable>true</executable>
         <run_address>0x1001aa0</run_address>
         <size>0x120</size>
         <alignment>0x4</alignment>
         <input_file_ref idref="fl-3b"/>
      </object_component>
      <object_component id="oc-1ec">
         <name>.text.UART2_writeTimeoutNonblocking</name>
         <load_address>0x1001bc0</load_address>
         <readonly>true</readonly>
         <executable>true</executable>
         <run_address>0x1001bc0</run_address>
         <size>0x11a</size>
         <alignment>0x2</alignment>
         <input_file_ref idref="fl-17"/>
      </object_component>
      <object_component id="oc-233">
         <name>.text.uDMAChannelTransferSet</name>
         <load_address>0x1001cda</load_address>
         <readonly>true</readonly>
         <executable>true</executable>
         <run_address>0x1001cda</run_address>
         <size>0x112</size>
         <alignment>0x2</alignment>
         <input_file_ref idref="fl-2c"/>
      </object_component>
      <object_component id="oc-18f">
         <name>.text.free</name>
         <load_address>0x1001dec</load_address>
         <readonly>true</readonly>
         <executable>true</executable>
         <run_address>0x1001dec</run_address>
         <size>0xf0</size>
         <alignment>0x4</alignment>
         <input_file_ref idref="fl-3b"/>
      </object_component>
      <object_component id="oc-b1">
         <name>.text.mainThread</name>
         <load_address>0x1001edc</load_address>
         <readonly>true</readonly>
         <executable>true</executable>
         <run_address>0x1001edc</run_address>
         <size>0xec</size>
         <alignment>0x4</alignment>
         <input_file_ref idref="fl-2"/>
      </object_component>
      <object_component id="oc-163">
         <name>.text.UART2_close</name>
         <load_address>0x1001fc8</load_address>
         <readonly>true</readonly>
         <executable>true</executable>
         <run_address>0x1001fc8</run_address>
         <size>0xe8</size>
         <alignment>0x4</alignment>
         <input_file_ref idref="fl-18"/>
      </object_component>
      <object_component id="oc-1e8">
         <name>.text.UART2Support_dmaStartRx</name>
         <load_address>0x10020b0</load_address>
         <readonly>true</readonly>
         <executable>true</executable>
         <run_address>0x10020b0</run_address>
         <size>0xcc</size>
         <alignment>0x4</alignment>
         <input_file_ref idref="fl-18"/>
      </object_component>
      <object_component id="oc-226">
         <name>.text.IntDisable</name>
         <load_address>0x100217c</load_address>
         <readonly>true</readonly>
         <executable>true</executable>
         <run_address>0x100217c</run_address>
         <size>0xc8</size>
         <alignment>0x2</alignment>
         <input_file_ref idref="fl-26"/>
      </object_component>
      <object_component id="oc-1d0">
         <name>.text.IntEnable</name>
         <load_address>0x1002244</load_address>
         <readonly>true</readonly>
         <executable>true</executable>
         <run_address>0x1002244</run_address>
         <size>0xc8</size>
         <alignment>0x2</alignment>
         <input_file_ref idref="fl-26"/>
      </object_component>
      <object_component id="oc-15f">
         <name>.text.UART2CC32XX_initHw</name>
         <load_address>0x100230c</load_address>
         <readonly>true</readonly>
         <executable>true</executable>
         <run_address>0x100230c</run_address>
         <size>0xc4</size>
         <alignment>0x4</alignment>
         <input_file_ref idref="fl-18"/>
      </object_component>
      <object_component id="oc-1eb">
         <name>.text.UART2Support_dmaStartTx</name>
         <load_address>0x10023d0</load_address>
         <readonly>true</readonly>
         <executable>true</executable>
         <run_address>0x10023d0</run_address>
         <size>0xb8</size>
         <alignment>0x4</alignment>
         <input_file_ref idref="fl-18"/>
      </object_component>
      <object_component id="oc-243">
         <name>.text</name>
         <load_address>0x1002488</load_address>
         <readonly>true</readonly>
         <executable>true</executable>
         <run_address>0x1002488</run_address>
         <size>0xb0</size>
         <alignment>0x4</alignment>
         <input_file_ref idref="fl-ad"/>
      </object_component>
      <object_component id="oc-1a8">
         <name>.text.GPIOIntTypeSet</name>
         <load_address>0x1002538</load_address>
         <readonly>true</readonly>
         <executable>true</executable>
         <run_address>0x1002538</run_address>
         <size>0xac</size>
         <alignment>0x2</alignment>
         <input_file_ref idref="fl-24"/>
      </object_component>
      <object_component id="oc-278">
         <name>.text.IntPendSet</name>
         <load_address>0x10025e4</load_address>
         <readonly>true</readonly>
         <executable>true</executable>
         <run_address>0x10025e4</run_address>
         <size>0xa4</size>
         <alignment>0x2</alignment>
         <input_file_ref idref="fl-26"/>
      </object_component>
      <object_component id="oc-13b">
         <name>.text.PinConfigSet</name>
         <load_address>0x1002688</load_address>
         <readonly>true</readonly>
         <executable>true</executable>
         <run_address>0x1002688</run_address>
         <size>0xa2</size>
         <alignment>0x2</alignment>
         <input_file_ref idref="fl-27"/>
      </object_component>
      <object_component id="oc-e1">
         <name>.text.Board_initHook</name>
         <load_address>0x100272a</load_address>
         <readonly>true</readonly>
         <executable>true</executable>
         <run_address>0x100272a</run_address>
         <size>0x2</size>
         <alignment>0x2</alignment>
         <input_file_ref idref="fl-3"/>
      </object_component>
      <object_component id="oc-12d">
         <name>.text.SemaphoreP_pend</name>
         <load_address>0x100272c</load_address>
         <readonly>true</readonly>
         <executable>true</executable>
         <run_address>0x100272c</run_address>
         <size>0x98</size>
         <alignment>0x4</alignment>
         <input_file_ref idref="fl-1d"/>
      </object_component>
      <object_component id="oc-25a">
         <name>.text.CPUwfi</name>
         <load_address>0x10027c4</load_address>
         <readonly>true</readonly>
         <executable>true</executable>
         <run_address>0x10027c4</run_address>
         <size>0xc</size>
         <alignment>0x2</alignment>
         <input_file_ref idref="fl-23"/>
      </object_component>
      <object_component id="oc-24f">
         <name>.text</name>
         <load_address>0x10027d0</load_address>
         <readonly>true</readonly>
         <executable>true</executable>
         <run_address>0x10027d0</run_address>
         <size>0x96</size>
         <alignment>0x10</alignment>
         <input_file_ref idref="fl-16"/>
      </object_component>
      <object_component id="oc-1c9">
         <name>.text.uDMAChannelAttributeDisable</name>
         <load_address>0x1002866</load_address>
         <readonly>true</readonly>
         <executable>true</executable>
         <run_address>0x1002866</run_address>
         <size>0x92</size>
         <alignment>0x2</alignment>
         <input_file_ref idref="fl-2c"/>
      </object_component>
      <object_component id="oc-db">
         <name>.text.GPIO_init</name>
         <load_address>0x10028f8</load_address>
         <readonly>true</readonly>
         <executable>true</executable>
         <run_address>0x10028f8</run_address>
         <size>0x90</size>
         <alignment>0x4</alignment>
         <input_file_ref idref="fl-14"/>
      </object_component>
      <object_component id="oc-10c">
         <name>.text.PRCMSysResetCauseGet</name>
         <load_address>0x1002988</load_address>
         <readonly>true</readonly>
         <executable>true</executable>
         <run_address>0x1002988</run_address>
         <size>0x8e</size>
         <alignment>0x2</alignment>
         <input_file_ref idref="fl-28"/>
      </object_component>
      <object_component id="oc-183">
         <name>.text.PowerCC32XX_initPolicy</name>
         <load_address>0x1002a16</load_address>
         <readonly>true</readonly>
         <executable>true</executable>
         <run_address>0x1002a16</run_address>
         <size>0x2</size>
         <alignment>0x2</alignment>
         <input_file_ref idref="fl-20"/>
      </object_component>
      <object_component id="oc-11e">
         <name>.text.PowerCC32XX_configureWakeup</name>
         <load_address>0x1002a18</load_address>
         <readonly>true</readonly>
         <executable>true</executable>
         <run_address>0x1002a18</run_address>
         <size>0x88</size>
         <alignment>0x4</alignment>
         <input_file_ref idref="fl-15"/>
      </object_component>
      <object_component id="oc-d6">
         <name>.text.Power_init</name>
         <load_address>0x1002aa0</load_address>
         <readonly>true</readonly>
         <executable>true</executable>
         <run_address>0x1002aa0</run_address>
         <size>0x78</size>
         <alignment>0x4</alignment>
         <input_file_ref idref="fl-15"/>
      </object_component>
      <object_component id="oc-161">
         <name>.text.HwiP_construct</name>
         <load_address>0x1002b18</load_address>
         <readonly>true</readonly>
         <executable>true</executable>
         <run_address>0x1002b18</run_address>
         <size>0x74</size>
         <alignment>0x4</alignment>
         <input_file_ref idref="fl-1f"/>
      </object_component>
      <object_component id="oc-180">
         <name>.text.PRCMHibernateWakeUpGPIOSelect</name>
         <load_address>0x1002b8c</load_address>
         <readonly>true</readonly>
         <executable>true</executable>
         <run_address>0x1002b8c</run_address>
         <size>0x74</size>
         <alignment>0x2</alignment>
         <input_file_ref idref="fl-28"/>
      </object_component>
      <object_component id="oc-1be">
         <name>.text.UARTConfigSetExpClk</name>
         <load_address>0x1002c00</load_address>
         <readonly>true</readonly>
         <executable>true</executable>
         <run_address>0x1002c00</run_address>
         <size>0x74</size>
         <alignment>0x2</alignment>
         <input_file_ref idref="fl-2b"/>
      </object_component>
      <object_component id="oc-19">
         <name>.text:decompress:lzss</name>
         <load_address>0x1002c74</load_address>
         <readonly>true</readonly>
         <executable>true</executable>
         <run_address>0x1002c74</run_address>
         <size>0x70</size>
         <alignment>0x2</alignment>
         <input_file_ref idref="fl-43"/>
      </object_component>
      <object_component id="oc-24d">
         <name>.text.PinLockLevelSet</name>
         <load_address>0x1002ce4</load_address>
         <readonly>true</readonly>
         <executable>true</executable>
         <run_address>0x1002ce4</run_address>
         <size>0x6c</size>
         <alignment>0x2</alignment>
         <input_file_ref idref="fl-27"/>
      </object_component>
      <object_component id="oc-13c">
         <name>.text.Power_setDependency</name>
         <load_address>0x1002d50</load_address>
         <readonly>true</readonly>
         <executable>true</executable>
         <run_address>0x1002d50</run_address>
         <size>0x6c</size>
         <alignment>0x4</alignment>
         <input_file_ref idref="fl-15"/>
      </object_component>
      <object_component id="oc-15d">
         <name>.text.UDMACC32XX_open</name>
         <load_address>0x1002dbc</load_address>
         <readonly>true</readonly>
         <executable>true</executable>
         <run_address>0x1002dbc</run_address>
         <size>0x6c</size>
         <alignment>0x4</alignment>
         <input_file_ref idref="fl-1b"/>
      </object_component>
      <object_component id="oc-134">
         <name>.text.powerNotifyFxn</name>
         <load_address>0x1002e28</load_address>
         <readonly>true</readonly>
         <executable>true</executable>
         <run_address>0x1002e28</run_address>
         <size>0x6c</size>
         <alignment>0x4</alignment>
         <input_file_ref idref="fl-14"/>
      </object_component>
      <object_component id="oc-25d">
         <name>.text.split</name>
         <load_address>0x1002e94</load_address>
         <readonly>true</readonly>
         <executable>true</executable>
         <run_address>0x1002e94</run_address>
         <size>0x6c</size>
         <alignment>0x4</alignment>
         <input_file_ref idref="fl-3b"/>
      </object_component>
      <object_component id="oc-114">
         <name>.text.PRCMPeripheralReset</name>
         <load_address>0x1002f00</load_address>
         <readonly>true</readonly>
         <executable>true</executable>
         <run_address>0x1002f00</run_address>
         <size>0x6a</size>
         <alignment>0x2</alignment>
         <input_file_ref idref="fl-28"/>
      </object_component>
      <object_component id="oc-1cd">
         <name>.text.IntPendClear</name>
         <load_address>0x1002f6a</load_address>
         <readonly>true</readonly>
         <executable>true</executable>
         <run_address>0x1002f6a</run_address>
         <size>0x68</size>
         <alignment>0x2</alignment>
         <input_file_ref idref="fl-26"/>
      </object_component>
      <object_component id="oc-1da">
         <name>.text.SemaphoreP_destruct</name>
         <load_address>0x1002fd2</load_address>
         <readonly>true</readonly>
         <executable>true</executable>
         <run_address>0x1002fd2</run_address>
         <size>0x2</size>
         <alignment>0x2</alignment>
         <input_file_ref idref="fl-1d"/>
      </object_component>
      <object_component id="oc-f8">
         <name>.text.GPIO_write</name>
         <load_address>0x1002fd4</load_address>
         <readonly>true</readonly>
         <executable>true</executable>
         <run_address>0x1002fd4</run_address>
         <size>0x60</size>
         <alignment>0x4</alignment>
         <input_file_ref idref="fl-14"/>
      </object_component>
      <object_component id="oc-1ea">
         <name>.text.UART2Support_dmaStopTx</name>
         <load_address>0x1003034</load_address>
         <readonly>true</readonly>
         <executable>true</executable>
         <run_address>0x1003034</run_address>
         <size>0x60</size>
         <alignment>0x2</alignment>
         <input_file_ref idref="fl-18"/>
      </object_component>
      <object_component id="oc-273">
         <name>.text.FlashDisable</name>
         <load_address>0x1003094</load_address>
         <readonly>true</readonly>
         <executable>true</executable>
         <run_address>0x1003094</run_address>
         <size>0x5c</size>
         <alignment>0x2</alignment>
         <input_file_ref idref="fl-2e"/>
      </object_component>
      <object_component id="oc-182">
         <name>.text.PRCMHibernateWakeupSourceDisable</name>
         <load_address>0x10030f0</load_address>
         <readonly>true</readonly>
         <executable>true</executable>
         <run_address>0x10030f0</run_address>
         <size>0x5c</size>
         <alignment>0x2</alignment>
         <input_file_ref idref="fl-28"/>
      </object_component>
      <object_component id="oc-113">
         <name>.text.PRCMPeripheralClkEnable</name>
         <load_address>0x100314c</load_address>
         <readonly>true</readonly>
         <executable>true</executable>
         <run_address>0x100314c</run_address>
         <size>0x5a</size>
         <alignment>0x2</alignment>
         <input_file_ref idref="fl-28"/>
      </object_component>
      <object_component id="oc-166">
         <name>.text.UART2CC32XX_eventCallback</name>
         <load_address>0x10031a6</load_address>
         <readonly>true</readonly>
         <executable>true</executable>
         <run_address>0x10031a6</run_address>
         <size>0x2</size>
         <alignment>0x2</alignment>
         <input_file_ref idref="fl-18"/>
      </object_component>
      <object_component id="oc-223">
         <name>.text.ClockP_startup</name>
         <load_address>0x10031a8</load_address>
         <readonly>true</readonly>
         <executable>true</executable>
         <run_address>0x10031a8</run_address>
         <size>0x58</size>
         <alignment>0x4</alignment>
         <input_file_ref idref="fl-1e"/>
      </object_component>
      <object_component id="oc-1cf">
         <name>.text.IntPrioritySet</name>
         <load_address>0x1003200</load_address>
         <readonly>true</readonly>
         <executable>true</executable>
         <run_address>0x1003200</run_address>
         <size>0x58</size>
         <alignment>0x2</alignment>
         <input_file_ref idref="fl-26"/>
      </object_component>
      <object_component id="oc-259">
         <name>.text.PRCMLPDSEnter</name>
         <load_address>0x1003258</load_address>
         <readonly>true</readonly>
         <executable>true</executable>
         <run_address>0x1003258</run_address>
         <size>0x56</size>
         <alignment>0x2</alignment>
         <input_file_ref idref="fl-28"/>
      </object_component>
      <object_component id="oc-267">
         <name>.text.__aeabi_ldiv0</name>
         <load_address>0x10032ae</load_address>
         <readonly>true</readonly>
         <executable>true</executable>
         <run_address>0x10032ae</run_address>
         <size>0x2</size>
         <alignment>0x2</alignment>
         <input_file_ref idref="fl-ae"/>
      </object_component>
      <object_component id="oc-1a2">
         <name>.text.PowerCC32XX_setParkState</name>
         <load_address>0x10032b0</load_address>
         <readonly>true</readonly>
         <executable>true</executable>
         <run_address>0x10032b0</run_address>
         <size>0x54</size>
         <alignment>0x4</alignment>
         <input_file_ref idref="fl-15"/>
      </object_component>
      <object_component id="oc-1dd">
         <name>.text.Power_releaseDependency</name>
         <load_address>0x1003304</load_address>
         <readonly>true</readonly>
         <executable>true</executable>
         <run_address>0x1003304</run_address>
         <size>0x54</size>
         <alignment>0x4</alignment>
         <input_file_ref idref="fl-15"/>
      </object_component>
      <object_component id="oc-14a">
         <name>.text.GPIO_hwiIntFxn</name>
         <load_address>0x1003358</load_address>
         <readonly>true</readonly>
         <executable>true</executable>
         <run_address>0x1003358</run_address>
         <size>0x50</size>
         <alignment>0x4</alignment>
         <input_file_ref idref="fl-14"/>
      </object_component>
      <object_component id="oc-181">
         <name>.text.PRCMHibernateWakeupSourceEnable</name>
         <load_address>0x10033a8</load_address>
         <readonly>true</readonly>
         <executable>true</executable>
         <run_address>0x10033a8</run_address>
         <size>0x50</size>
         <alignment>0x2</alignment>
         <input_file_ref idref="fl-28"/>
      </object_component>
      <object_component id="oc-1d4">
         <name>.text.SemaphoreP_construct</name>
         <load_address>0x10033f8</load_address>
         <readonly>true</readonly>
         <executable>true</executable>
         <run_address>0x10033f8</run_address>
         <size>0x50</size>
         <alignment>0x4</alignment>
         <input_file_ref idref="fl-1d"/>
      </object_component>
      <object_component id="oc-1c8">
         <name>.text.uDMAChannelAssign</name>
         <load_address>0x1003448</load_address>
         <readonly>true</readonly>
         <executable>true</executable>
         <run_address>0x1003448</run_address>
         <size>0x4e</size>
         <alignment>0x2</alignment>
         <input_file_ref idref="fl-2c"/>
      </object_component>
      <object_component id="oc-16e">
         <name>.text._nop</name>
         <load_address>0x1003496</load_address>
         <readonly>true</readonly>
         <executable>true</executable>
         <run_address>0x1003496</run_address>
         <size>0x2</size>
         <alignment>0x2</alignment>
         <input_file_ref idref="fl-45"/>
      </object_component>
      <object_component id="oc-145">
         <name>.text.GPIO_setInterruptConfig</name>
         <load_address>0x1003498</load_address>
         <readonly>true</readonly>
         <executable>true</executable>
         <run_address>0x1003498</run_address>
         <size>0x4c</size>
         <alignment>0x4</alignment>
         <input_file_ref idref="fl-14"/>
      </object_component>
      <object_component id="oc-271">
         <name>.text.PRCMLPDSRestoreInfoSet</name>
         <load_address>0x10034e4</load_address>
         <readonly>true</readonly>
         <executable>true</executable>
         <run_address>0x10034e4</run_address>
         <size>0x4c</size>
         <alignment>0x2</alignment>
         <input_file_ref idref="fl-28"/>
      </object_component>
      <object_component id="oc-1e6">
         <name>.text.UART2Support_dmaStopRx</name>
         <load_address>0x1003530</load_address>
         <readonly>true</readonly>
         <executable>true</executable>
         <run_address>0x1003530</run_address>
         <size>0x4a</size>
         <alignment>0x2</alignment>
         <input_file_ref idref="fl-18"/>
      </object_component>
      <object_component id="oc-22d">
         <name>.text.uDMAChannelSizeGet</name>
         <load_address>0x100357a</load_address>
         <readonly>true</readonly>
         <executable>true</executable>
         <run_address>0x100357a</run_address>
         <size>0x4a</size>
         <alignment>0x2</alignment>
         <input_file_ref idref="fl-2c"/>
      </object_component>
      <object_component id="oc-59">
         <name>.text.ClockP_sysTickHandler</name>
         <load_address>0x10035c4</load_address>
         <readonly>true</readonly>
         <executable>true</executable>
         <run_address>0x10035c4</run_address>
         <size>0x48</size>
         <alignment>0x4</alignment>
         <input_file_ref idref="fl-1e"/>
      </object_component>
      <object_component id="oc-253">
         <name>.text.PRCMIntEnable</name>
         <load_address>0x100360c</load_address>
         <readonly>true</readonly>
         <executable>true</executable>
         <run_address>0x100360c</run_address>
         <size>0x48</size>
         <alignment>0x2</alignment>
         <input_file_ref idref="fl-28"/>
      </object_component>
      <object_component id="oc-1a4">
         <name>.text.PRCMPeripheralStatusGet</name>
         <load_address>0x1003654</load_address>
         <readonly>true</readonly>
         <executable>true</executable>
         <run_address>0x1003654</run_address>
         <size>0x48</size>
         <alignment>0x2</alignment>
         <input_file_ref idref="fl-28"/>
      </object_component>
      <object_component id="oc-26e">
         <name>.text.PinConfigGet</name>
         <load_address>0x100369c</load_address>
         <readonly>true</readonly>
         <executable>true</executable>
         <run_address>0x100369c</run_address>
         <size>0x48</size>
         <alignment>0x2</alignment>
         <input_file_ref idref="fl-27"/>
      </object_component>
      <object_component id="oc-16d">
         <name>.text.UART2_readFull</name>
         <load_address>0x10036e4</load_address>
         <readonly>true</readonly>
         <executable>true</executable>
         <run_address>0x10036e4</run_address>
         <size>0x48</size>
         <alignment>0x2</alignment>
         <input_file_ref idref="fl-17"/>
      </object_component>
      <object_component id="oc-258">
         <name>.text.PRCMLPDSEnterKeepDebugIf</name>
         <load_address>0x100372c</load_address>
         <readonly>true</readonly>
         <executable>true</executable>
         <run_address>0x100372c</run_address>
         <size>0x46</size>
         <alignment>0x2</alignment>
         <input_file_ref idref="fl-28"/>
      </object_component>
      <object_component id="oc-22b">
         <name>.text.RingBuf_put</name>
         <load_address>0x1003772</load_address>
         <readonly>true</readonly>
         <executable>true</executable>
         <run_address>0x1003772</run_address>
         <size>0x46</size>
         <alignment>0x2</alignment>
         <input_file_ref idref="fl-1a"/>
      </object_component>
      <object_component id="oc-13f">
         <name>.text.GPIODirModeSet</name>
         <load_address>0x10037b8</load_address>
         <readonly>true</readonly>
         <executable>true</executable>
         <run_address>0x10037b8</run_address>
         <size>0x44</size>
         <alignment>0x2</alignment>
         <input_file_ref idref="fl-24"/>
      </object_component>
      <object_component id="oc-1a9">
         <name>.text.GPIO_disableInt</name>
         <load_address>0x10037fc</load_address>
         <readonly>true</readonly>
         <executable>true</executable>
         <run_address>0x10037fc</run_address>
         <size>0x44</size>
         <alignment>0x4</alignment>
         <input_file_ref idref="fl-14"/>
      </object_component>
      <object_component id="oc-146">
         <name>.text.GPIO_enableInt</name>
         <load_address>0x1003840</load_address>
         <readonly>true</readonly>
         <executable>true</executable>
         <run_address>0x1003840</run_address>
         <size>0x44</size>
         <alignment>0x4</alignment>
         <input_file_ref idref="fl-14"/>
      </object_component>
      <object_component id="oc-1e9">
         <name>.text.Power_releaseConstraint</name>
         <load_address>0x1003884</load_address>
         <readonly>true</readonly>
         <executable>true</executable>
         <run_address>0x1003884</run_address>
         <size>0x44</size>
         <alignment>0x4</alignment>
         <input_file_ref idref="fl-15"/>
      </object_component>
      <object_component id="oc-7e">
         <name>.text.addToList</name>
         <load_address>0x10038c8</load_address>
         <readonly>true</readonly>
         <executable>true</executable>
         <run_address>0x10038c8</run_address>
         <size>0x44</size>
         <alignment>0x4</alignment>
         <input_file_ref idref="fl-1e"/>
      </object_component>
      <object_component id="oc-11b">
         <name>.text.PinModeSet</name>
         <load_address>0x100390c</load_address>
         <readonly>true</readonly>
         <executable>true</executable>
         <run_address>0x100390c</run_address>
         <size>0x42</size>
         <alignment>0x2</alignment>
         <input_file_ref idref="fl-27"/>
      </object_component>
      <object_component id="oc-1fe">
         <name>.text.getCountsRTC</name>
         <load_address>0x100394e</load_address>
         <readonly>true</readonly>
         <executable>true</executable>
         <run_address>0x100394e</run_address>
         <size>0x42</size>
         <alignment>0x2</alignment>
         <input_file_ref idref="fl-20"/>
      </object_component>
      <object_component id="oc-12f">
         <name>.text.SemaphoreP_post</name>
         <load_address>0x1003990</load_address>
         <readonly>true</readonly>
         <executable>true</executable>
         <run_address>0x1003990</run_address>
         <size>0x40</size>
         <alignment>0x4</alignment>
         <input_file_ref idref="fl-1d"/>
      </object_component>
      <object_component id="oc-232">
         <name>.text.uDMAChannelControlSet</name>
         <load_address>0x10039d0</load_address>
         <readonly>true</readonly>
         <executable>true</executable>
         <run_address>0x10039d0</run_address>
         <size>0x40</size>
         <alignment>0x2</alignment>
         <input_file_ref idref="fl-2c"/>
      </object_component>
      <object_component id="oc-270">
         <name>.text.PinDirModeSet</name>
         <load_address>0x1003a10</load_address>
         <readonly>true</readonly>
         <executable>true</executable>
         <run_address>0x1003a10</run_address>
         <size>0x3e</size>
         <alignment>0x2</alignment>
         <input_file_ref idref="fl-27"/>
      </object_component>
      <object_component id="oc-58">
         <name>.text.busFaultHandler</name>
         <load_address>0x1003a4e</load_address>
         <readonly>true</readonly>
         <executable>true</executable>
         <run_address>0x1003a4e</run_address>
         <size>0x2</size>
         <alignment>0x2</alignment>
         <input_file_ref idref="fl-21"/>
      </object_component>
      <object_component id="oc-215">
         <name>.text.ClockP_stop</name>
         <load_address>0x1003a50</load_address>
         <readonly>true</readonly>
         <executable>true</executable>
         <run_address>0x1003a50</run_address>
         <size>0x3c</size>
         <alignment>0x4</alignment>
         <input_file_ref idref="fl-1e"/>
      </object_component>
      <object_component id="oc-158">
         <name>.text.UDMACC32XX_init</name>
         <load_address>0x1003a8c</load_address>
         <readonly>true</readonly>
         <executable>true</executable>
         <run_address>0x1003a8c</run_address>
         <size>0x3c</size>
         <alignment>0x4</alignment>
         <input_file_ref idref="fl-1b"/>
      </object_component>
      <object_component id="oc-195">
         <name>.text.ClockP_destruct</name>
         <load_address>0x1003ac8</load_address>
         <readonly>true</readonly>
         <executable>true</executable>
         <run_address>0x1003ac8</run_address>
         <size>0x38</size>
         <alignment>0x4</alignment>
         <input_file_ref idref="fl-1e"/>
      </object_component>
      <object_component id="oc-236">
         <name>.text.Power_setConstraint</name>
         <load_address>0x1003b00</load_address>
         <readonly>true</readonly>
         <executable>true</executable>
         <run_address>0x1003b00</run_address>
         <size>0x38</size>
         <alignment>0x4</alignment>
         <input_file_ref idref="fl-15"/>
      </object_component>
      <object_component id="oc-22f">
         <name>.text.RingBuf_putAdvance</name>
         <load_address>0x1003b38</load_address>
         <readonly>true</readonly>
         <executable>true</executable>
         <run_address>0x1003b38</run_address>
         <size>0x38</size>
         <alignment>0x2</alignment>
         <input_file_ref idref="fl-1a"/>
      </object_component>
      <object_component id="oc-20f">
         <name>.text.SwiP_restore</name>
         <load_address>0x1003b70</load_address>
         <readonly>true</readonly>
         <executable>true</executable>
         <run_address>0x1003b70</run_address>
         <size>0x38</size>
         <alignment>0x4</alignment>
         <input_file_ref idref="fl-22"/>
      </object_component>
      <object_component id="oc-1ef">
         <name>.text.UART2_rxEnable</name>
         <load_address>0x1003ba8</load_address>
         <readonly>true</readonly>
         <executable>true</executable>
         <run_address>0x1003ba8</run_address>
         <size>0x38</size>
         <alignment>0x2</alignment>
         <input_file_ref idref="fl-17"/>
      </object_component>
      <object_component id="oc-1db">
         <name>.text.UDMACC32XX_close</name>
         <load_address>0x1003be0</load_address>
         <readonly>true</readonly>
         <executable>true</executable>
         <run_address>0x1003be0</run_address>
         <size>0x38</size>
         <alignment>0x4</alignment>
         <input_file_ref idref="fl-1b"/>
      </object_component>
      <object_component id="oc-be">
         <name>.text:__TI_auto_init_nobinit_nopinit</name>
         <load_address>0x1003c18</load_address>
         <readonly>true</readonly>
         <executable>true</executable>
         <run_address>0x1003c18</run_address>
         <size>0x38</size>
         <alignment>0x4</alignment>
         <input_file_ref idref="fl-3e"/>
      </object_component>
      <object_component id="oc-24e">
         <name>.text.PinLock</name>
         <load_address>0x1003c50</load_address>
         <readonly>true</readonly>
         <executable>true</executable>
         <run_address>0x1003c50</run_address>
         <size>0x36</size>
         <alignment>0x2</alignment>
         <input_file_ref idref="fl-27"/>
      </object_component>
      <object_component id="oc-265">
         <name>.text.UARTCharPutNonBlocking</name>
         <load_address>0x1003c86</load_address>
         <readonly>true</readonly>
         <executable>true</executable>
         <run_address>0x1003c86</run_address>
         <size>0x36</size>
         <alignment>0x2</alignment>
         <input_file_ref idref="fl-2b"/>
      </object_component>
      <object_component id="oc-192">
         <name>.text.ClockP_start</name>
         <load_address>0x1003cbc</load_address>
         <readonly>true</readonly>
         <executable>true</executable>
         <run_address>0x1003cbc</run_address>
         <size>0x34</size>
         <alignment>0x4</alignment>
         <input_file_ref idref="fl-1e"/>
      </object_component>
      <object_component id="oc-26f">
         <name>.text.PinDirModeGet</name>
         <load_address>0x1003cf0</load_address>
         <readonly>true</readonly>
         <executable>true</executable>
         <run_address>0x1003cf0</run_address>
         <size>0x34</size>
         <alignment>0x2</alignment>
         <input_file_ref idref="fl-27"/>
      </object_component>
      <object_component id="oc-116">
         <name>.text.PinModeGet</name>
         <load_address>0x1003d24</load_address>
         <readonly>true</readonly>
         <executable>true</executable>
         <run_address>0x1003d24</run_address>
         <size>0x34</size>
         <alignment>0x2</alignment>
         <input_file_ref idref="fl-27"/>
      </object_component>
      <object_component id="oc-24c">
         <name>.text.PowerCC32XX_parkPin</name>
         <load_address>0x1003d58</load_address>
         <readonly>true</readonly>
         <executable>true</executable>
         <run_address>0x1003d58</run_address>
         <size>0x34</size>
         <alignment>0x2</alignment>
         <input_file_ref idref="fl-15"/>
      </object_component>
      <object_component id="oc-1d7">
         <name>.text.UART2_rxDisable</name>
         <load_address>0x1003d8c</load_address>
         <readonly>true</readonly>
         <executable>true</executable>
         <run_address>0x1003d8c</run_address>
         <size>0x34</size>
         <alignment>0x2</alignment>
         <input_file_ref idref="fl-17"/>
      </object_component>
      <object_component id="oc-50">
         <name>.text.initVectors</name>
         <load_address>0x1003dc0</load_address>
         <readonly>true</readonly>
         <executable>true</executable>
         <run_address>0x1003dc0</run_address>
         <size>0x34</size>
         <alignment>0x4</alignment>
         <input_file_ref idref="fl-21"/>
      </object_component>
      <object_component id="oc-23c">
         <name>.text.UART2Support_enableInts</name>
         <load_address>0x1003df4</load_address>
         <readonly>true</readonly>
         <executable>true</executable>
         <run_address>0x1003df4</run_address>
         <size>0x32</size>
         <alignment>0x2</alignment>
         <input_file_ref idref="fl-18"/>
      </object_component>
      <object_component id="oc-196">
         <name>.text.clkFxn</name>
         <load_address>0x1003e26</load_address>
         <readonly>true</readonly>
         <executable>true</executable>
         <run_address>0x1003e26</run_address>
         <size>0x2</size>
         <alignment>0x2</alignment>
         <input_file_ref idref="fl-1d"/>
      </object_component>
      <object_component id="oc-1fb">
         <name>.text.ClockP_getTicksUntilInterrupt</name>
         <load_address>0x1003e28</load_address>
         <readonly>true</readonly>
         <executable>true</executable>
         <run_address>0x1003e28</run_address>
         <size>0x30</size>
         <alignment>0x4</alignment>
         <input_file_ref idref="fl-1e"/>
      </object_component>
      <object_component id="oc-208">
         <name>.text.PRCMLPDSIntervalSet</name>
         <load_address>0x1003e58</load_address>
         <readonly>true</readonly>
         <executable>true</executable>
         <run_address>0x1003e58</run_address>
         <size>0x30</size>
         <alignment>0x2</alignment>
         <input_file_ref idref="fl-28"/>
      </object_component>
      <object_component id="oc-242">
         <name>.text.PRCMSlowClkCtrFastGet</name>
         <load_address>0x1003e88</load_address>
         <readonly>true</readonly>
         <executable>true</executable>
         <run_address>0x1003e88</run_address>
         <size>0x30</size>
         <alignment>0x2</alignment>
         <input_file_ref idref="fl-28"/>
      </object_component>
      <object_component id="oc-24a">
         <name>.text.notify</name>
         <load_address>0x1003eb8</load_address>
         <readonly>true</readonly>
         <executable>true</executable>
         <run_address>0x1003eb8</run_address>
         <size>0x30</size>
         <alignment>0x4</alignment>
         <input_file_ref idref="fl-15"/>
      </object_component>
      <object_component id="oc-1ac">
         <name>.text.GPIOIntStatus</name>
         <load_address>0x1003ee8</load_address>
         <readonly>true</readonly>
         <executable>true</executable>
         <run_address>0x1003ee8</run_address>
         <size>0x2e</size>
         <alignment>0x2</alignment>
         <input_file_ref idref="fl-24"/>
      </object_component>
      <object_component id="oc-1f1">
         <name>.text.RingBuf_getConsume</name>
         <load_address>0x1003f16</load_address>
         <readonly>true</readonly>
         <executable>true</executable>
         <run_address>0x1003f16</run_address>
         <size>0x2e</size>
         <alignment>0x2</alignment>
         <input_file_ref idref="fl-1a"/>
      </object_component>
      <object_component id="oc-231">
         <name>.text.RingBuf_putPointer</name>
         <load_address>0x1003f44</load_address>
         <readonly>true</readonly>
         <executable>true</executable>
         <run_address>0x1003f44</run_address>
         <size>0x2e</size>
         <alignment>0x2</alignment>
         <input_file_ref idref="fl-1a"/>
      </object_component>
      <object_component id="oc-1d8">
         <name>.text.UARTDisable</name>
         <load_address>0x1003f72</load_address>
         <readonly>true</readonly>
         <executable>true</executable>
         <run_address>0x1003f72</run_address>
         <size>0x2e</size>
         <alignment>0x2</alignment>
         <input_file_ref idref="fl-2b"/>
      </object_component>
      <object_component id="oc-1e3">
         <name>.text.UART2CC32XX_getRxData</name>
         <load_address>0x1003fa0</load_address>
         <readonly>true</readonly>
         <executable>true</executable>
         <run_address>0x1003fa0</run_address>
         <size>0x2c</size>
         <alignment>0x2</alignment>
         <input_file_ref idref="fl-18"/>
      </object_component>
      <object_component id="oc-13e">
         <name>.text.HwiP_create</name>
         <load_address>0x1003fcc</load_address>
         <readonly>true</readonly>
         <executable>true</executable>
         <run_address>0x1003fcc</run_address>
         <size>0x2a</size>
         <alignment>0x2</alignment>
         <input_file_ref idref="fl-1f"/>
      </object_component>
      <object_component id="oc-17f">
         <name>.text.PRCMLPDSWakeUpGPIOSelect</name>
         <load_address>0x1003ff6</load_address>
         <readonly>true</readonly>
         <executable>true</executable>
         <run_address>0x1003ff6</run_address>
         <size>0x2a</size>
         <alignment>0x2</alignment>
         <input_file_ref idref="fl-28"/>
      </object_component>
      <object_component id="oc-115">
         <name>.text.PRCMPeripheralClkDisable</name>
         <load_address>0x1004020</load_address>
         <readonly>true</readonly>
         <executable>true</executable>
         <run_address>0x1004020</run_address>
         <size>0x2a</size>
         <alignment>0x2</alignment>
         <input_file_ref idref="fl-28"/>
      </object_component>
      <object_component id="oc-1e2">
         <name>.text.UARTIntStatus</name>
         <load_address>0x100404a</load_address>
         <readonly>true</readonly>
         <executable>true</executable>
         <run_address>0x100404a</run_address>
         <size>0x2a</size>
         <alignment>0x2</alignment>
         <input_file_ref idref="fl-2b"/>
      </object_component>
      <object_component id="oc-228">
         <name>.text.List_remove</name>
         <load_address>0x1004074</load_address>
         <readonly>true</readonly>
         <executable>true</executable>
         <run_address>0x1004074</run_address>
         <size>0x28</size>
         <alignment>0x2</alignment>
         <input_file_ref idref="fl-19"/>
      </object_component>
      <object_component id="oc-24b">
         <name>.text.PRCMSRAMRetentionEnable</name>
         <load_address>0x100409c</load_address>
         <readonly>true</readonly>
         <executable>true</executable>
         <run_address>0x100409c</run_address>
         <size>0x28</size>
         <alignment>0x2</alignment>
         <input_file_ref idref="fl-28"/>
      </object_component>
      <object_component id="oc-156">
         <name>.text.PowerCC32XX_getParkState</name>
         <load_address>0x10040c4</load_address>
         <readonly>true</readonly>
         <executable>true</executable>
         <run_address>0x10040c4</run_address>
         <size>0x28</size>
         <alignment>0x4</alignment>
         <input_file_ref idref="fl-15"/>
      </object_component>
      <object_component id="oc-214">
         <name>.text.free_list_insert</name>
         <load_address>0x10040ec</load_address>
         <readonly>true</readonly>
         <executable>true</executable>
         <run_address>0x10040ec</run_address>
         <size>0x28</size>
         <alignment>0x4</alignment>
         <input_file_ref idref="fl-3b"/>
      </object_component>
      <object_component id="oc-227">
         <name>.text.IntUnregister</name>
         <load_address>0x1004114</load_address>
         <readonly>true</readonly>
         <executable>true</executable>
         <run_address>0x1004114</run_address>
         <size>0x24</size>
         <alignment>0x2</alignment>
         <input_file_ref idref="fl-26"/>
      </object_component>
      <object_component id="oc-197">
         <name>.text.List_put</name>
         <load_address>0x1004138</load_address>
         <readonly>true</readonly>
         <executable>true</executable>
         <run_address>0x1004138</run_address>
         <size>0x24</size>
         <alignment>0x2</alignment>
         <input_file_ref idref="fl-19"/>
      </object_component>
      <object_component id="oc-17d">
         <name>.text.PRCMLPDSWakeupSourceEnable</name>
         <load_address>0x100415c</load_address>
         <readonly>true</readonly>
         <executable>true</executable>
         <run_address>0x100415c</run_address>
         <size>0x24</size>
         <alignment>0x2</alignment>
         <input_file_ref idref="fl-28"/>
      </object_component>
      <object_component id="oc-1de">
         <name>.text.PowerCC32XX_restoreParkState</name>
         <load_address>0x1004180</load_address>
         <readonly>true</readonly>
         <executable>true</executable>
         <run_address>0x1004180</run_address>
         <size>0x24</size>
         <alignment>0x4</alignment>
         <input_file_ref idref="fl-15"/>
      </object_component>
      <object_component id="oc-255">
         <name>.text.PowerCC32XX_restoreParkedPin</name>
         <load_address>0x10041a4</load_address>
         <readonly>true</readonly>
         <executable>true</executable>
         <run_address>0x10041a4</run_address>
         <size>0x24</size>
         <alignment>0x2</alignment>
         <input_file_ref idref="fl-15"/>
      </object_component>
      <object_component id="oc-12e">
         <name>.text.Power_registerNotify</name>
         <load_address>0x10041c8</load_address>
         <readonly>true</readonly>
         <executable>true</executable>
         <run_address>0x10041c8</run_address>
         <size>0x24</size>
         <alignment>0x4</alignment>
         <input_file_ref idref="fl-15"/>
      </object_component>
      <object_component id="oc-224">
         <name>.text.UART2Support_disableRx</name>
         <load_address>0x10041ec</load_address>
         <readonly>true</readonly>
         <executable>true</executable>
         <run_address>0x10041ec</run_address>
         <size>0x24</size>
         <alignment>0x2</alignment>
         <input_file_ref idref="fl-18"/>
      </object_component>
      <object_component id="oc-77">
         <name>.text:_c_int00_noargs</name>
         <load_address>0x1004210</load_address>
         <readonly>true</readonly>
         <executable>true</executable>
         <run_address>0x1004210</run_address>
         <size>0x24</size>
         <alignment>0x4</alignment>
         <input_file_ref idref="fl-3c"/>
      </object_component>
      <object_component id="oc-144">
         <name>.text.GPIOPinWrite</name>
         <load_address>0x1004234</load_address>
         <readonly>true</readonly>
         <executable>true</executable>
         <run_address>0x1004234</run_address>
         <size>0x22</size>
         <alignment>0x2</alignment>
         <input_file_ref idref="fl-24"/>
      </object_component>
      <object_component id="oc-254">
         <name>.text.PinUnlock</name>
         <load_address>0x1004256</load_address>
         <readonly>true</readonly>
         <executable>true</executable>
         <run_address>0x1004256</run_address>
         <size>0x22</size>
         <alignment>0x2</alignment>
         <input_file_ref idref="fl-27"/>
      </object_component>
      <object_component id="oc-1f0">
         <name>.text.RingBuf_getPointer</name>
         <load_address>0x1004278</load_address>
         <readonly>true</readonly>
         <executable>true</executable>
         <run_address>0x1004278</run_address>
         <size>0x22</size>
         <alignment>0x2</alignment>
         <input_file_ref idref="fl-1a"/>
      </object_component>
      <object_component id="oc-239">
         <name>.text.UART2Support_sendData</name>
         <load_address>0x100429a</load_address>
         <readonly>true</readonly>
         <executable>true</executable>
         <run_address>0x100429a</run_address>
         <size>0x22</size>
         <alignment>0x2</alignment>
         <input_file_ref idref="fl-18"/>
      </object_component>
      <object_component id="oc-fb">
         <name>.text.UART2_read</name>
         <load_address>0x10042bc</load_address>
         <readonly>true</readonly>
         <executable>true</executable>
         <run_address>0x10042bc</run_address>
         <size>0x22</size>
         <alignment>0x2</alignment>
         <input_file_ref idref="fl-17"/>
      </object_component>
      <object_component id="oc-1ce">
         <name>.text.IntRegister</name>
         <load_address>0x10042de</load_address>
         <readonly>true</readonly>
         <executable>true</executable>
         <run_address>0x10042de</run_address>
         <size>0x20</size>
         <alignment>0x2</alignment>
         <input_file_ref idref="fl-26"/>
      </object_component>
      <object_component id="oc-57">
         <name>.text.defaultHandler</name>
         <load_address>0x10042fe</load_address>
         <readonly>true</readonly>
         <executable>true</executable>
         <run_address>0x10042fe</run_address>
         <size>0x2</size>
         <alignment>0x2</alignment>
         <input_file_ref idref="fl-21"/>
      </object_component>
      <object_component id="oc-14e">
         <name>.text.PowerCC32XX_reset</name>
         <load_address>0x1004300</load_address>
         <readonly>true</readonly>
         <executable>true</executable>
         <run_address>0x1004300</run_address>
         <size>0x20</size>
         <alignment>0x4</alignment>
         <input_file_ref idref="fl-15"/>
      </object_component>
      <object_component id="oc-1dc">
         <name>.text.Power_unregisterNotify</name>
         <load_address>0x1004320</load_address>
         <readonly>true</readonly>
         <executable>true</executable>
         <run_address>0x1004320</run_address>
         <size>0x20</size>
         <alignment>0x4</alignment>
         <input_file_ref idref="fl-15"/>
      </object_component>
      <object_component id="oc-162">
         <name>.text.SemaphoreP_constructBinary</name>
         <load_address>0x1004340</load_address>
         <readonly>true</readonly>
         <executable>true</executable>
         <run_address>0x1004340</run_address>
         <size>0x20</size>
         <alignment>0x4</alignment>
         <input_file_ref idref="fl-1d"/>
      </object_component>
      <object_component id="oc-124">
         <name>.text.SemaphoreP_createBinary</name>
         <load_address>0x1004360</load_address>
         <readonly>true</readonly>
         <executable>true</executable>
         <run_address>0x1004360</run_address>
         <size>0x20</size>
         <alignment>0x4</alignment>
         <input_file_ref idref="fl-1d"/>
      </object_component>
      <object_component id="oc-1b0">
         <name>.text.PinTypeUART</name>
         <load_address>0x1004380</load_address>
         <readonly>true</readonly>
         <executable>true</executable>
         <run_address>0x1004380</run_address>
         <size>0x1e</size>
         <alignment>0x2</alignment>
         <input_file_ref idref="fl-27"/>
      </object_component>
      <object_component id="oc-16b">
         <name>.text.UART2_writeTimeout</name>
         <load_address>0x100439e</load_address>
         <readonly>true</readonly>
         <executable>true</executable>
         <run_address>0x100439e</run_address>
         <size>0x1e</size>
         <alignment>0x2</alignment>
         <input_file_ref idref="fl-17"/>
      </object_component>
      <object_component id="oc-1c4">
         <name>.text.UARTEnable</name>
         <load_address>0x10043bc</load_address>
         <readonly>true</readonly>
         <executable>true</executable>
         <run_address>0x10043bc</run_address>
         <size>0x1e</size>
         <alignment>0x2</alignment>
         <input_file_ref idref="fl-2b"/>
      </object_component>
      <object_component id="oc-22c">
         <name>.text.uDMAChannelDisable</name>
         <load_address>0x10043da</load_address>
         <readonly>true</readonly>
         <executable>true</executable>
         <run_address>0x10043da</run_address>
         <size>0x1e</size>
         <alignment>0x2</alignment>
         <input_file_ref idref="fl-2c"/>
      </object_component>
      <object_component id="oc-234">
         <name>.text.uDMAChannelEnable</name>
         <load_address>0x10043f8</load_address>
         <readonly>true</readonly>
         <executable>true</executable>
         <run_address>0x10043f8</run_address>
         <size>0x1e</size>
         <alignment>0x2</alignment>
         <input_file_ref idref="fl-2c"/>
      </object_component>
      <object_component id="oc-1e5">
         <name>.text.uDMAChannelIsEnabled</name>
         <load_address>0x1004416</load_address>
         <readonly>true</readonly>
         <executable>true</executable>
         <run_address>0x1004416</run_address>
         <size>0x1e</size>
         <alignment>0x2</alignment>
         <input_file_ref idref="fl-2c"/>
      </object_component>
      <object_component id="oc-1d3">
         <name>.text.HwiP_dispatch</name>
         <load_address>0x1004434</load_address>
         <readonly>true</readonly>
         <executable>true</executable>
         <run_address>0x1004434</run_address>
         <size>0x1c</size>
         <alignment>0x4</alignment>
         <input_file_ref idref="fl-1f"/>
      </object_component>
      <object_component id="oc-1f4">
         <name>.text.SwiP_disable</name>
         <load_address>0x1004450</load_address>
         <readonly>true</readonly>
         <executable>true</executable>
         <run_address>0x1004450</run_address>
         <size>0x1c</size>
         <alignment>0x4</alignment>
         <input_file_ref idref="fl-22"/>
      </object_component>
      <object_component id="oc-213">
         <name>.text.free_list_remove</name>
         <load_address>0x100446c</load_address>
         <readonly>true</readonly>
         <executable>true</executable>
         <run_address>0x100446c</run_address>
         <size>0x1c</size>
         <alignment>0x4</alignment>
         <input_file_ref idref="fl-3b"/>
      </object_component>
      <object_component id="oc-22">
         <name>.text.resetISR</name>
         <load_address>0x1004488</load_address>
         <readonly>true</readonly>
         <executable>true</executable>
         <run_address>0x1004488</run_address>
         <size>0x1c</size>
         <alignment>0x2</alignment>
         <input_file_ref idref="fl-21"/>
      </object_component>
      <object_component id="oc-219">
         <name>.text.GPIOIntDisable</name>
         <load_address>0x10044a4</load_address>
         <readonly>true</readonly>
         <executable>true</executable>
         <run_address>0x10044a4</run_address>
         <size>0x1a</size>
         <alignment>0x2</alignment>
         <input_file_ref idref="fl-24"/>
      </object_component>
      <object_component id="oc-112">
         <name>.text.PRCMHIBRegRead</name>
         <load_address>0x10044be</load_address>
         <readonly>true</readonly>
         <executable>true</executable>
         <run_address>0x10044be</run_address>
         <size>0x1a</size>
         <alignment>0x2</alignment>
         <input_file_ref idref="fl-28"/>
      </object_component>
      <object_component id="oc-111">
         <name>.text.PRCMHIBRegWrite</name>
         <load_address>0x10044d8</load_address>
         <readonly>true</readonly>
         <executable>true</executable>
         <run_address>0x10044d8</run_address>
         <size>0x1a</size>
         <alignment>0x2</alignment>
         <input_file_ref idref="fl-28"/>
      </object_component>
      <object_component id="oc-17e">
         <name>.text.PRCMLPDSWakeupSourceDisable</name>
         <load_address>0x10044f2</load_address>
         <readonly>true</readonly>
         <executable>true</executable>
         <run_address>0x10044f2</run_address>
         <size>0x1a</size>
         <alignment>0x2</alignment>
         <input_file_ref idref="fl-28"/>
      </object_component>
      <object_component id="oc-1df">
         <name>.text.PinToPadGet</name>
         <load_address>0x100450c</load_address>
         <readonly>true</readonly>
         <executable>true</executable>
         <run_address>0x100450c</run_address>
         <size>0x1a</size>
         <alignment>0x2</alignment>
         <input_file_ref idref="fl-27"/>
      </object_component>
      <object_component id="oc-1c7">
         <name>.text.UARTFlowControlSet</name>
         <load_address>0x1004526</load_address>
         <readonly>true</readonly>
         <executable>true</executable>
         <run_address>0x1004526</run_address>
         <size>0x1a</size>
         <alignment>0x2</alignment>
         <input_file_ref idref="fl-2b"/>
      </object_component>
      <object_component id="oc-1ab">
         <name>.text.GPIOIntEnable</name>
         <load_address>0x1004540</load_address>
         <readonly>true</readonly>
         <executable>true</executable>
         <run_address>0x1004540</run_address>
         <size>0x18</size>
         <alignment>0x2</alignment>
         <input_file_ref idref="fl-24"/>
      </object_component>
      <object_component id="oc-18b">
         <name>.text.SemaphoreP_create</name>
         <load_address>0x1004558</load_address>
         <readonly>true</readonly>
         <executable>true</executable>
         <run_address>0x1004558</run_address>
         <size>0x18</size>
         <alignment>0x2</alignment>
         <input_file_ref idref="fl-1d"/>
      </object_component>
      <object_component id="oc-a7">
         <name>.text.Board_init</name>
         <load_address>0x1004570</load_address>
         <readonly>true</readonly>
         <executable>true</executable>
         <run_address>0x1004570</run_address>
         <size>0x16</size>
         <alignment>0x2</alignment>
         <input_file_ref idref="fl-3"/>
      </object_component>
      <object_component id="oc-20b">
         <name>.text.SysTickPeriodSet</name>
         <load_address>0x1004586</load_address>
         <readonly>true</readonly>
         <executable>true</executable>
         <run_address>0x1004586</run_address>
         <size>0x16</size>
         <alignment>0x2</alignment>
         <input_file_ref idref="fl-2a"/>
      </object_component>
      <object_component id="oc-1e7">
         <name>.text.UARTCharsAvail</name>
         <load_address>0x100459c</load_address>
         <readonly>true</readonly>
         <executable>true</executable>
         <run_address>0x100459c</run_address>
         <size>0x16</size>
         <alignment>0x2</alignment>
         <input_file_ref idref="fl-2b"/>
      </object_component>
      <object_component id="oc-1d6">
         <name>.text.UARTDMADisable</name>
         <load_address>0x10045b2</load_address>
         <readonly>true</readonly>
         <executable>true</executable>
         <run_address>0x10045b2</run_address>
         <size>0x16</size>
         <alignment>0x2</alignment>
         <input_file_ref idref="fl-2b"/>
      </object_component>
      <object_component id="oc-1c6">
         <name>.text.UARTFIFOLevelSet</name>
         <load_address>0x10045c8</load_address>
         <readonly>true</readonly>
         <executable>true</executable>
         <run_address>0x10045c8</run_address>
         <size>0x16</size>
         <alignment>0x2</alignment>
         <input_file_ref idref="fl-2b"/>
      </object_component>
      <object_component id="oc-1d5">
         <name>.text.UARTIntDisable</name>
         <load_address>0x10045de</load_address>
         <readonly>true</readonly>
         <executable>true</executable>
         <run_address>0x10045de</run_address>
         <size>0x16</size>
         <alignment>0x2</alignment>
         <input_file_ref idref="fl-2b"/>
      </object_component>
      <object_component id="oc-6d">
         <name>.text.CPUcpsid</name>
         <load_address>0x10045f4</load_address>
         <readonly>true</readonly>
         <executable>true</executable>
         <run_address>0x10045f4</run_address>
         <size>0x14</size>
         <alignment>0x2</alignment>
         <input_file_ref idref="fl-23"/>
      </object_component>
      <object_component id="oc-1a3">
         <name>.text.CPUcpsie</name>
         <load_address>0x1004608</load_address>
         <readonly>true</readonly>
         <executable>true</executable>
         <run_address>0x1004608</run_address>
         <size>0x14</size>
         <alignment>0x2</alignment>
         <input_file_ref idref="fl-23"/>
      </object_component>
      <object_component id="oc-1d9">
         <name>.text.HwiP_destruct</name>
         <load_address>0x100461c</load_address>
         <readonly>true</readonly>
         <executable>true</executable>
         <run_address>0x100461c</run_address>
         <size>0x14</size>
         <alignment>0x2</alignment>
         <input_file_ref idref="fl-1f"/>
      </object_component>
      <object_component id="oc-74">
         <name>.text.IntVTableBaseSet</name>
         <load_address>0x1004630</load_address>
         <readonly>true</readonly>
         <executable>true</executable>
         <run_address>0x1004630</run_address>
         <size>0x14</size>
         <alignment>0x2</alignment>
         <input_file_ref idref="fl-26"/>
      </object_component>
      <object_component id="oc-19e">
         <name>.text.Power_disablePolicy</name>
         <load_address>0x1004644</load_address>
         <readonly>true</readonly>
         <executable>true</executable>
         <run_address>0x1004644</run_address>
         <size>0x14</size>
         <alignment>0x4</alignment>
         <input_file_ref idref="fl-15"/>
      </object_component>
      <object_component id="oc-1fc">
         <name>.text.Power_getTransitionLatency</name>
         <load_address>0x1004658</load_address>
         <readonly>true</readonly>
         <executable>true</executable>
         <run_address>0x1004658</run_address>
         <size>0x14</size>
         <alignment>0x4</alignment>
         <input_file_ref idref="fl-15"/>
      </object_component>
      <object_component id="oc-212">
         <name>.text.Power_idleFunc</name>
         <load_address>0x100466c</load_address>
         <readonly>true</readonly>
[...]
      </symbol>
      <symbol id="sm-2d3">
         <name>CPUprimask</name>
         <value>0x10048f5</value>
         <object_component_ref idref="oc-264"/>
      </symbol>
      <symbol id="sm-2d4">
         <name>CPUwfi</name>
         <value>0x10027c5</value>
         <object_component_ref idref="oc-25a"/>
      </symbol>
      <symbol id="sm-30d">
         <name>GPIODirModeSet</name>
         <value>0x10037b9</value>
         <object_component_ref idref="oc-13f"/>
      </symbol>
      <symbol id="sm-30e">
         <name>GPIOIntClear</name>
         <value>0x10046f7</value>
         <object_component_ref idref="oc-1aa"/>
      </symbol>
      <symbol id="sm-30f">
         <name>GPIOIntDisable</name>
         <value>0x10044a5</value>
         <object_component_ref idref="oc-219"/>
      </symbol>
      <symbol id="sm-310">
         <name>GPIOIntEnable</name>
         <value>0x1004541</value>
         <object_component_ref idref="oc-1ab"/>
      </symbol>
      <symbol id="sm-311">
         <name>GPIOIntStatus</name>
         <value>0x1003ee9</value>
         <object_component_ref idref="oc-1ac"/>
      </symbol>
      <symbol id="sm-312">
         <name>GPIOIntTypeSet</name>
         <value>0x1002539</value>
         <object_component_ref idref="oc-1a8"/>
      </symbol>
      <symbol id="sm-313">
         <name>GPIOPinWrite</name>
         <value>0x1004235</value>
         <object_component_ref idref="oc-144"/>
      </symbol>
      <symbol id="sm-363">
         <name>IntDisable</name>
         <value>0x100217d</value>
         <object_component_ref idref="oc-226"/>
      </symbol>
      <symbol id="sm-364">
         <name>IntEnable</name>
         <value>0x1002245</value>
         <object_component_ref idref="oc-1d0"/>
      </symbol>
      <symbol id="sm-365">
         <name>IntMasterDisable</name>
         <value>0x1004909</value>
         <object_component_ref idref="oc-4b"/>
      </symbol>
      <symbol id="sm-366">
         <name>IntMasterEnable</name>
         <value>0x1004913</value>
         <object_component_ref idref="oc-137"/>
      </symbol>
      <symbol id="sm-367">
         <name>IntPendClear</name>
         <value>0x1002f6b</value>
         <object_component_ref idref="oc-1cd"/>
      </symbol>
      <symbol id="sm-368">
         <name>IntPendSet</name>
         <value>0x10025e5</value>
         <object_component_ref idref="oc-278"/>
      </symbol>
      <symbol id="sm-369">
         <name>IntPrioritySet</name>
         <value>0x1003201</value>
         <object_component_ref idref="oc-1cf"/>
      </symbol>
      <symbol id="sm-36a">
         <name>IntRegister</name>
         <value>0x10042df</value>
         <object_component_ref idref="oc-1ce"/>
      </symbol>
      <symbol id="sm-36b">
         <name>IntUnregister</name>
         <value>0x1004115</value>
         <object_component_ref idref="oc-227"/>
      </symbol>
      <symbol id="sm-36c">
         <name>IntVTableBaseSet</name>
         <value>0x1004631</value>
         <object_component_ref idref="oc-74"/>
      </symbol>
      <symbol id="sm-3b4">
         <name>PinConfigGet</name>
         <value>0x100369d</value>
         <object_component_ref idref="oc-26e"/>
      </symbol>
      <symbol id="sm-3b5">
         <name>PinConfigSet</name>
         <value>0x1002689</value>
         <object_component_ref idref="oc-13b"/>
      </symbol>
      <symbol id="sm-3b6">
         <name>PinDirModeGet</name>
         <value>0x1003cf1</value>
         <object_component_ref idref="oc-26f"/>
      </symbol>
      <symbol id="sm-3b7">
         <name>PinDirModeSet</name>
         <value>0x1003a11</value>
         <object_component_ref idref="oc-270"/>
      </symbol>
      <symbol id="sm-3b8">
         <name>PinLock</name>
         <value>0x1003c51</value>
         <object_component_ref idref="oc-24e"/>
      </symbol>
      <symbol id="sm-3b9">
         <name>PinLockLevelSet</name>
         <value>0x1002ce5</value>
         <object_component_ref idref="oc-24d"/>
      </symbol>
      <symbol id="sm-3ba">
         <name>PinModeGet</name>
         <value>0x1003d25</value>
         <object_component_ref idref="oc-116"/>
      </symbol>
      <symbol id="sm-3bb">
         <name>PinModeSet</name>
         <value>0x100390d</value>
         <object_component_ref idref="oc-11b"/>
      </symbol>
      <symbol id="sm-3bc">
         <name>PinToPadGet</name>
         <value>0x100450d</value>
         <object_component_ref idref="oc-1df"/>
      </symbol>
      <symbol id="sm-3bd">
         <name>PinTypeUART</name>
         <value>0x1004381</value>
         <object_component_ref idref="oc-1b0"/>
      </symbol>
      <symbol id="sm-3be">
         <name>PinUnlock</name>
         <value>0x1004257</value>
         <object_component_ref idref="oc-254"/>
      </symbol>
      <symbol id="sm-470">
         <name>PRCMCC3200MCUInit</name>
         <value>0x1000841</value>
         <object_component_ref idref="oc-d1"/>
      </symbol>
      <symbol id="sm-471">
         <name>PRCMHIBRegRead</name>
         <value>0x10044bf</value>
         <object_component_ref idref="oc-112"/>
      </symbol>
      <symbol id="sm-472">
         <name>PRCMHIBRegWrite</name>
         <value>0x10044d9</value>
         <object_component_ref idref="oc-111"/>
      </symbol>
      <symbol id="sm-473">
         <name>PRCMHibernateWakeUpGPIOSelect</name>
         <value>0x1002b8d</value>
         <object_component_ref idref="oc-180"/>
      </symbol>
      <symbol id="sm-474">
         <name>PRCMHibernateWakeupSourceDisable</name>
         <value>0x10030f1</value>
         <object_component_ref idref="oc-182"/>
      </symbol>
      <symbol id="sm-475">
         <name>PRCMHibernateWakeupSourceEnable</name>
         <value>0x10033a9</value>
         <object_component_ref idref="oc-181"/>
      </symbol>
      <symbol id="sm-476">
         <name>PRCMIntEnable</name>
         <value>0x100360d</value>
         <object_component_ref idref="oc-253"/>
      </symbol>
      <symbol id="sm-477">
         <name>PRCMLPDSEnter</name>
         <value>0x1003259</value>
         <object_component_ref idref="oc-259"/>
      </symbol>
      <symbol id="sm-478">
         <name>PRCMLPDSEnterKeepDebugIf</name>
         <value>0x100372d</value>
         <object_component_ref idref="oc-258"/>
      </symbol>
      <symbol id="sm-479">
         <name>PRCMLPDSIntervalSet</name>
         <value>0x1003e59</value>
         <object_component_ref idref="oc-208"/>
      </symbol>
      <symbol id="sm-47a">
         <name>PRCMLPDSRestoreInfoSet</name>
         <value>0x10034e5</value>
         <object_component_ref idref="oc-271"/>
      </symbol>
      <symbol id="sm-47b">
         <name>PRCMLPDSWakeUpGPIOSelect</name>
         <value>0x1003ff7</value>
         <object_component_ref idref="oc-17f"/>
      </symbol>
      <symbol id="sm-47c">
         <name>PRCMLPDSWakeupCauseGet</name>
         <value>0x1004895</value>
         <object_component_ref idref="oc-256"/>
      </symbol>
      <symbol id="sm-47d">
         <name>PRCMLPDSWakeupSourceDisable</name>
         <value>0x10044f3</value>
         <object_component_ref idref="oc-17e"/>
      </symbol>
      <symbol id="sm-47e">
         <name>PRCMLPDSWakeupSourceEnable</name>
         <value>0x100415d</value>
         <object_component_ref idref="oc-17d"/>
      </symbol>
      <symbol id="sm-47f">
         <name>PRCMPeripheralClkDisable</name>
         <value>0x1004021</value>
         <object_component_ref idref="oc-115"/>
      </symbol>
      <symbol id="sm-480">
         <name>PRCMPeripheralClkEnable</name>
         <value>0x100314d</value>
         <object_component_ref idref="oc-113"/>
      </symbol>
      <symbol id="sm-481">
         <name>PRCMPeripheralReset</name>
         <value>0x1002f01</value>
         <object_component_ref idref="oc-114"/>
      </symbol>
      <symbol id="sm-482">
         <name>PRCMPeripheralStatusGet</name>
         <value>0x1003655</value>
         <object_component_ref idref="oc-1a4"/>
      </symbol>
      <symbol id="sm-483">
         <name>PRCMSRAMRetentionEnable</name>
         <value>0x100409d</value>
         <object_component_ref idref="oc-24b"/>
      </symbol>
      <symbol id="sm-484">
         <name>PRCMSleepEnter</name>
         <value>0x100494b</value>
         <object_component_ref idref="oc-20e"/>
      </symbol>
      <symbol id="sm-485">
         <name>PRCMSlowClkCtrFastGet</name>
         <value>0x1003e89</value>
         <object_component_ref idref="oc-242"/>
      </symbol>
      <symbol id="sm-486">
         <name>PRCMSysResetCauseGet</name>
         <value>0x1002989</value>
         <object_component_ref idref="oc-10c"/>
      </symbol>
      <symbol id="sm-4a4">
         <name>SysTickEnable</name>
         <value>0x100471b</value>
         <object_component_ref idref="oc-20c"/>
      </symbol>
      <symbol id="sm-4a5">
         <name>SysTickIntDisable</name>
         <value>0x100472d</value>
         <object_component_ref idref="oc-203"/>
      </symbol>
      <symbol id="sm-4a6">
         <name>SysTickIntEnable</name>
         <value>0x100473f</value>
         <object_component_ref idref="oc-20d"/>
      </symbol>
      <symbol id="sm-4a7">
         <name>SysTickPeriodSet</name>
         <value>0x1004587</value>
         <object_component_ref idref="oc-20b"/>
      </symbol>
      <symbol id="sm-511">
         <name>UARTBusy</name>
         <value>0x10047e5</value>
         <object_component_ref idref="oc-266"/>
      </symbol>
      <symbol id="sm-512">
         <name>UARTCharPutNonBlocking</name>
         <value>0x1003c87</value>
         <object_component_ref idref="oc-265"/>
      </symbol>
      <symbol id="sm-513">
         <name>UARTCharsAvail</name>
         <value>0x100459d</value>
         <object_component_ref idref="oc-1e7"/>
      </symbol>
      <symbol id="sm-514">
         <name>UARTConfigSetExpClk</name>
         <value>0x1002c01</value>
         <object_component_ref idref="oc-1be"/>
      </symbol>
      <symbol id="sm-515">
         <name>UARTDMADisable</name>
         <value>0x10045b3</value>
         <object_component_ref idref="oc-1d6"/>
      </symbol>
      <symbol id="sm-516">
         <name>UARTDMAEnable</name>
         <value>0x1004681</value>
         <object_component_ref idref="oc-235"/>
      </symbol>
      <symbol id="sm-517">
         <name>UARTDisable</name>
         <value>0x1003f73</value>
         <object_component_ref idref="oc-1d8"/>
      </symbol>
      <symbol id="sm-518">
         <name>UARTEnable</name>
         <value>0x10043bd</value>
         <object_component_ref idref="oc-1c4"/>
      </symbol>
      <symbol id="sm-519">
         <name>UARTFIFOLevelSet</name>
         <value>0x10045c9</value>
         <object_component_ref idref="oc-1c6"/>
      </symbol>
      <symbol id="sm-51a">
         <name>UARTFlowControlSet</name>
         <value>0x1004527</value>
         <object_component_ref idref="oc-1c7"/>
      </symbol>
      <symbol id="sm-51b">
         <name>UARTIntClear</name>
         <value>0x10047f5</value>
         <object_component_ref idref="oc-1c3"/>
      </symbol>
      <symbol id="sm-51c">
         <name>UARTIntDisable</name>
         <value>0x10045df</value>
         <object_component_ref idref="oc-1d5"/>
      </symbol>
      <symbol id="sm-51d">
         <name>UARTIntEnable</name>
         <value>0x1004695</value>
         <object_component_ref idref="oc-1c5"/>
      </symbol>
      <symbol id="sm-51e">
         <name>UARTIntStatus</name>
         <value>0x100404b</value>
         <object_component_ref idref="oc-1e2"/>
      </symbol>
      <symbol id="sm-51f">
         <name>UARTRxErrorGet</name>
         <value>0x1004805</value>
         <object_component_ref idref="oc-1e4"/>
      </symbol>
      <symbol id="sm-578">
         <name>uDMAChannelAssign</name>
         <value>0x1003449</value>
         <object_component_ref idref="oc-1c8"/>
      </symbol>
      <symbol id="sm-579">
         <name>uDMAChannelAttributeDisable</name>
         <value>0x1002867</value>
         <object_component_ref idref="oc-1c9"/>
      </symbol>
      <symbol id="sm-57a">
         <name>uDMAChannelControlSet</name>
         <value>0x10039d1</value>
         <object_component_ref idref="oc-232"/>
      </symbol>
      <symbol id="sm-57b">
         <name>uDMAChannelDisable</name>
         <value>0x10043db</value>
         <object_component_ref idref="oc-22c"/>
      </symbol>
      <symbol id="sm-57c">
         <name>uDMAChannelEnable</name>
         <value>0x10043f9</value>
         <object_component_ref idref="oc-234"/>
      </symbol>
      <symbol id="sm-57d">
         <name>uDMAChannelIsEnabled</name>
         <value>0x1004417</value>
         <object_component_ref idref="oc-1e5"/>
      </symbol>
      <symbol id="sm-57e">
         <name>uDMAChannelSizeGet</name>
         <value>0x100357b</value>
         <object_component_ref idref="oc-22d"/>
      </symbol>
      <symbol id="sm-57f">
         <name>uDMAChannelTransferSet</name>
         <value>0x1001cdb</value>
         <object_component_ref idref="oc-233"/>
      </symbol>
      <symbol id="sm-580">
         <name>uDMAControlBaseSet</name>
         <value>0x10046bd</value>
         <object_component_ref idref="oc-1ba"/>
      </symbol>
      <symbol id="sm-581">
         <name>uDMAEnable</name>
         <value>0x1004851</value>
         <object_component_ref idref="oc-1b5"/>
      </symbol>
      <symbol id="sm-582">
         <name>uDMAErrorStatusClear</name>
         <value>0x100485f</value>
         <object_component_ref idref="oc-27a"/>
      </symbol>
      <symbol id="sm-583">
         <name>uDMAErrorStatusGet</name>
         <value>0x10048e9</value>
         <object_component_ref idref="oc-279"/>
      </symbol>
      <symbol id="sm-584">
         <name>uDMAIntClear</name>
         <value>0x10046d1</value>
         <object_component_ref idref="oc-22e"/>
      </symbol>
      <symbol id="sm-58f">
         <name>UtilsDelay</name>
         <value>0x1004953</value>
         <object_component_ref idref="oc-10d"/>
      </symbol>
      <symbol id="sm-5bc">
         <name>FlashDisable</name>
         <value>0x1003095</value>
         <object_component_ref idref="oc-273"/>
      </symbol>
      <symbol id="sm-5dc">
         <name>malloc</name>
         <value>0x1004965</value>
         <object_component_ref idref="oc-1a5"/>
      </symbol>
      <symbol id="sm-5dd">
         <name>aligned_alloc</name>
         <value>0x1001aa1</value>
         <object_component_ref idref="oc-218"/>
      </symbol>
      <symbol id="sm-5de">
         <name>free</name>
         <value>0x1001ded</value>
         <object_component_ref idref="oc-18f"/>
      </symbol>
      <symbol id="sm-5df">
         <name>_sys_memory</name>
         <value>0x20000310</value>
         <object_component_ref idref="oc-32"/>
      </symbol>
      <symbol id="sm-5e0">
         <name>memalign</name>
         <value>0x1001aa1</value>
         <object_component_ref idref="oc-218"/>
      </symbol>
      <symbol id="sm-5eb">
         <name>_c_int00_noargs</name>
         <value>0x1004211</value>
         <object_component_ref idref="oc-77"/>
      </symbol>
      <symbol id="sm-5ec">
         <name>__stack</name>
         <value>0x2003f000</value>
         <object_component_ref idref="oc-17"/>
      </symbol>
      <symbol id="sm-5f8">
         <name>__TI_auto_init_nobinit_nopinit</name>
         <value>0x1003c19</value>
         <object_component_ref idref="oc-be"/>
      </symbol>
      <symbol id="sm-600">
         <name>_system_pre_init</name>
         <value>0x10049a5</value>
         <object_component_ref idref="oc-8c"/>
      </symbol>
      <symbol id="sm-60b">
         <name>__TI_zero_init</name>
         <value>0x1004825</value>
         <object_component_ref idref="oc-4a"/>
      </symbol>
      <symbol id="sm-614">
         <name>__TI_decompress_none</name>
         <value>0x100487b</value>
         <object_component_ref idref="oc-1d"/>
      </symbol>
      <symbol id="sm-61e">
         <name>__TI_decompress_lzss</name>
         <value>0x1002c75</value>
         <object_component_ref idref="oc-19"/>
      </symbol>
      <symbol id="sm-628">
         <name>abort</name>
         <value>0x10049a9</value>
         <object_component_ref idref="oc-b7"/>
      </symbol>
      <symbol id="sm-629">
         <name>C$$EXIT</name>
         <value>0x10049a8</value>
         <object_component_ref idref="oc-b7"/>
      </symbol>
      <symbol id="sm-632">
         <name>_nop</name>
         <value>0x1003497</value>
         <object_component_ref idref="oc-16e"/>
      </symbol>
      <symbol id="sm-633">
         <name>_lock</name>
         <value>0x2000929c</value>
         <object_component_ref idref="oc-102"/>
      </symbol>
      <symbol id="sm-634">
         <name>_unlock</name>
         <value>0x200092a0</value>
         <object_component_ref idref="oc-105"/>
      </symbol>
      <symbol id="sm-63b">
         <name>__aeabi_memcpy</name>
         <value>0x10049a1</value>
         <object_component_ref idref="oc-3d"/>
      </symbol>
      <symbol id="sm-63c">
         <name>__aeabi_memcpy4</name>
         <value>0x10049a1</value>
         <object_component_ref idref="oc-3d"/>
      </symbol>
      <symbol id="sm-63d">
         <name>__aeabi_memcpy8</name>
         <value>0x10049a1</value>
         <object_component_ref idref="oc-3d"/>
      </symbol>
      <symbol id="sm-644">
         <name>__aeabi_memclr</name>
         <value>0x100495d</value>
         <object_component_ref idref="oc-68"/>
      </symbol>
      <symbol id="sm-645">
         <name>__aeabi_memclr4</name>
         <value>0x100495d</value>
         <object_component_ref idref="oc-68"/>
      </symbol>
      <symbol id="sm-646">
         <name>__aeabi_memclr8</name>
         <value>0x100495d</value>
         <object_component_ref idref="oc-68"/>
      </symbol>
      <symbol id="sm-64c">
         <name>__aeabi_uldivmod</name>
         <value>0x10046a9</value>
         <object_component_ref idref="oc-1ff"/>
      </symbol>
      <symbol id="sm-652">
         <name>__udivmoddi4</name>
         <value>0x1002489</value>
         <object_component_ref idref="oc-243"/>
      </symbol>
      <symbol id="sm-65c">
         <name>__aeabi_ldiv0</name>
         <value>0x10032af</value>
         <object_component_ref idref="oc-267"/>
      </symbol>
      <symbol id="sm-664">
         <name>TI_memcpy_small</name>
         <value>0x1004763</value>
         <object_component_ref idref="oc-82"/>
      </symbol>
      <symbol id="sm-66c">
         <name>TI_memset_small</name>
         <value>0x100486d</value>
         <object_component_ref idref="oc-9f"/>
      </symbol>
      <symbol id="sm-66d">
         <name>__TI_static_base__</name>
         <value>0x1004dc4</value>
      </symbol>
      <symbol id="sm-670">
         <name>ITM_flush</name>
         <value>0x0</value>
      </symbol>
      <symbol id="sm-671">
         <name>ITM_restore</name>
         <value>0x0</value>
      </symbol>
      <symbol id="sm-672">
         <name>__mpu_init</name>
         <value>0x0</value>
      </symbol>
      <symbol id="sm-673">
         <name>_system_post_cinit</name>
         <value>0x0</value>
      </symbol>
   </symbol_table>
   <title>Link successful</title>
</link_info>
