<?xml version="1.0" encoding="ISO-8859-1" ?>
<link_info>
   <banner>TI ARM Clang Linker PC v3.2.0.LTS</banner>
   <copyright>Copyright (c) 1996-2018 Texas Instruments Incorporated</copyright>
   <link_time>0x671dcebe</link_time>
   <link_errors>0x0</link_errors>
   <output_file>C:\Users\Grant S\workspace_v12\gpiointerrupt_CC3220SF_LAUNCHXL_nortos_ticlang\MCU+Image\gpiointerrupt_CC3220SF_LAUNCHXL_nortos_ticlang.out</output_file>
   <entry_point>
      <name>resetISR</name>
      <address>0x1006aed</address>
   </entry_point>
   <input_file_list>
      <input_file id="fl-1">
         <path>C:\Users\Grant S\workspace_v12\gpiointerrupt_CC3220SF_LAUNCHXL_nortos_ticlang\MCU+Image\.\</path>
         <kind>object</kind>
         <file>gpiointerrupt.o</file>
         <name>gpiointerrupt.o</name>
      </input_file>
      <input_file id="fl-2">
         <path>C:\Users\Grant S\workspace_v12\gpiointerrupt_CC3220SF_LAUNCHXL_nortos_ticlang\MCU+Image\.\syscfg\</path>
         <kind>object</kind>
         <file>ti_drivers_config.o</file>
         <name>ti_drivers_config.o</name>
      </input_file>
      <input_file id="fl-3">
         <path>C:\Users\Grant S\workspace_v12\gpiointerrupt_CC3220SF_LAUNCHXL_nortos_ticlang\MCU+Image\.\</path>
         <kind>object</kind>
         <file>main_nortos.o</file>
         <name>main_nortos.o</name>
      </input_file>
      <input_file id="fl-13">
         <path>C:\Users\Grant S\workspace_v12\gpiointerrupt_CC3220SF_LAUNCHXL_nortos_ticlang\MCU+Image\</path>
         <kind>object</kind>
         <file>&lt;internal&gt;</file>
         <name>&lt;internal&gt;</name>
      </input_file>
      <input_file id="fl-14">
         <path>C:\ti\simplelink_cc32xx_sdk_7_10_00_13\source\ti\drivers\lib\ticlang\m4\</path>
         <kind>archive</kind>
         <file>drivers_cc32xx.a</file>
         <name>GPIO.c.obj</name>
      </input_file>
      <input_file id="fl-15">
         <path>C:\ti\simplelink_cc32xx_sdk_7_10_00_13\source\ti\drivers\lib\ticlang\m4\</path>
         <kind>archive</kind>
         <file>drivers_cc32xx.a</file>
         <name>GPIOCC32XX.c.obj</name>
      </input_file>
      <input_file id="fl-16">
         <path>C:\ti\simplelink_cc32xx_sdk_7_10_00_13\source\ti\drivers\lib\ticlang\m4\</path>
         <kind>archive</kind>
         <file>drivers_cc32xx.a</file>
         <name>I2C.c.obj</name>
      </input_file>
      <input_file id="fl-17">
         <path>C:\ti\simplelink_cc32xx_sdk_7_10_00_13\source\ti\drivers\lib\ticlang\m4\</path>
         <kind>archive</kind>
         <file>drivers_cc32xx.a</file>
         <name>I2CCC32XX.c.obj</name>
      </input_file>
      <input_file id="fl-18">
         <path>C:\ti\simplelink_cc32xx_sdk_7_10_00_13\source\ti\drivers\lib\ticlang\m4\</path>
         <kind>archive</kind>
         <file>drivers_cc32xx.a</file>
         <name>PowerCC32XX.c.obj</name>
      </input_file>
      <input_file id="fl-19">
         <path>C:\ti\simplelink_cc32xx_sdk_7_10_00_13\source\ti\drivers\lib\ticlang\m4\</path>
         <kind>archive</kind>
         <file>drivers_cc32xx.a</file>
         <name>PowerCC32XX_ticlang.asm.obj</name>
      </input_file>
      <input_file id="fl-1a">
         <path>C:\ti\simplelink_cc32xx_sdk_7_10_00_13\source\ti\drivers\lib\ticlang\m4\</path>
         <kind>archive</kind>
         <file>drivers_cc32xx.a</file>
         <name>Timer.c.obj</name>
      </input_file>
      <input_file id="fl-1b">
         <path>C:\ti\simplelink_cc32xx_sdk_7_10_00_13\source\ti\drivers\lib\ticlang\m4\</path>
         <kind>archive</kind>
         <file>drivers_cc32xx.a</file>
         <name>TimerCC32XX.c.obj</name>
      </input_file>
      <input_file id="fl-1c">
         <path>C:\ti\simplelink_cc32xx_sdk_7_10_00_13\source\ti\drivers\lib\ticlang\m4\</path>
         <kind>archive</kind>
         <file>drivers_cc32xx.a</file>
         <name>UART2.c.obj</name>
      </input_file>
      <input_file id="fl-1d">
         <path>C:\ti\simplelink_cc32xx_sdk_7_10_00_13\source\ti\drivers\lib\ticlang\m4\</path>
         <kind>archive</kind>
         <file>drivers_cc32xx.a</file>
         <name>UART2CC32XX.c.obj</name>
      </input_file>
      <input_file id="fl-1e">
         <path>C:\ti\simplelink_cc32xx_sdk_7_10_00_13\source\ti\drivers\lib\ticlang\m4\</path>
         <kind>archive</kind>
         <file>drivers_cc32xx.a</file>
         <name>List.c.obj</name>
      </input_file>
      <input_file id="fl-1f">
         <path>C:\ti\simplelink_cc32xx_sdk_7_10_00_13\source\ti\drivers\lib\ticlang\m4\</path>
         <kind>archive</kind>
         <file>drivers_cc32xx.a</file>
         <name>RingBuf.c.obj</name>
      </input_file>
      <input_file id="fl-20">
         <path>C:\ti\simplelink_cc32xx_sdk_7_10_00_13\source\ti\drivers\lib\ticlang\m4\</path>
         <kind>archive</kind>
         <file>drivers_cc32xx.a</file>
         <name>UDMACC32XX.c.obj</name>
      </input_file>
      <input_file id="fl-21">
         <path>C:\ti\simplelink_cc32xx_sdk_7_10_00_13\kernel\nortos\lib\ticlang\m4\</path>
         <kind>archive</kind>
         <file>nortos_cc32xx.a</file>
         <name>NoRTOS.c.obj</name>
      </input_file>
      <input_file id="fl-22">
         <path>C:\ti\simplelink_cc32xx_sdk_7_10_00_13\kernel\nortos\lib\ticlang\m4\</path>
         <kind>archive</kind>
         <file>nortos_cc32xx.a</file>
         <name>SemaphoreP_nortos.c.obj</name>
      </input_file>
      <input_file id="fl-23">
         <path>C:\ti\simplelink_cc32xx_sdk_7_10_00_13\kernel\nortos\lib\ticlang\m4\</path>
         <kind>archive</kind>
         <file>nortos_cc32xx.a</file>
         <name>ClockPSysTick_nortos.c.obj</name>
      </input_file>
      <input_file id="fl-24">
         <path>C:\ti\simplelink_cc32xx_sdk_7_10_00_13\kernel\nortos\lib\ticlang\m4\</path>
         <kind>archive</kind>
         <file>nortos_cc32xx.a</file>
         <name>HwiPCC32XX_nortos.c.obj</name>
      </input_file>
      <input_file id="fl-25">
         <path>C:\ti\simplelink_cc32xx_sdk_7_10_00_13\kernel\nortos\lib\ticlang\m4\</path>
         <kind>archive</kind>
         <file>nortos_cc32xx.a</file>
         <name>PowerCC32XX_nortos.c.obj</name>
      </input_file>
      <input_file id="fl-26">
         <path>C:\ti\simplelink_cc32xx_sdk_7_10_00_13\kernel\nortos\lib\ticlang\m4\</path>
         <kind>archive</kind>
         <file>nortos_cc32xx.a</file>
         <name>startup_cc32xx_ticlang.c.obj</name>
      </input_file>
      <input_file id="fl-27">
         <path>C:\ti\simplelink_cc32xx_sdk_7_10_00_13\kernel\nortos\lib\ticlang\m4\</path>
         <kind>archive</kind>
         <file>nortos_cc32xx.a</file>
         <name>SwiP_nortos.c.obj</name>
      </input_file>
      <input_file id="fl-28">
         <path>C:\ti\simplelink_cc32xx_sdk_7_10_00_13\source\ti\devices\cc32xx\driverlib\ticlang\Release\</path>
         <kind>archive</kind>
         <file>driverlib.a</file>
         <name>cpu.obj</name>
      </input_file>
      <input_file id="fl-29">
         <path>C:\ti\simplelink_cc32xx_sdk_7_10_00_13\source\ti\devices\cc32xx\driverlib\ticlang\Release\</path>
         <kind>archive</kind>
         <file>driverlib.a</file>
         <name>gpio.obj</name>
      </input_file>
      <input_file id="fl-2a">
         <path>C:\ti\simplelink_cc32xx_sdk_7_10_00_13\source\ti\devices\cc32xx\driverlib\ticlang\Release\</path>
         <kind>archive</kind>
         <file>driverlib.a</file>
         <name>hwspinlock.obj</name>
      </input_file>
      <input_file id="fl-2b">
         <path>C:\ti\simplelink_cc32xx_sdk_7_10_00_13\source\ti\devices\cc32xx\driverlib\ticlang\Release\</path>
         <kind>archive</kind>
         <file>driverlib.a</file>
         <name>i2c.obj</name>
      </input_file>
      <input_file id="fl-2c">
         <path>C:\ti\simplelink_cc32xx_sdk_7_10_00_13\source\ti\devices\cc32xx\driverlib\ticlang\Release\</path>
         <kind>archive</kind>
         <file>driverlib.a</file>
         <name>interrupt.obj</name>
      </input_file>
      <input_file id="fl-2d">
         <path>C:\ti\simplelink_cc32xx_sdk_7_10_00_13\source\ti\devices\cc32xx\driverlib\ticlang\Release\</path>
         <kind>archive</kind>
         <file>driverlib.a</file>
         <name>pin.obj</name>
      </input_file>
      <input_file id="fl-2e">
         <path>C:\ti\simplelink_cc32xx_sdk_7_10_00_13\source\ti\devices\cc32xx\driverlib\ticlang\Release\</path>
         <kind>archive</kind>
         <file>driverlib.a</file>
         <name>prcm.obj</name>
      </input_file>
      <input_file id="fl-2f">
         <path>C:\ti\simplelink_cc32xx_sdk_7_10_00_13\source\ti\devices\cc32xx\driverlib\ticlang\Release\</path>
         <kind>archive</kind>
         <file>driverlib.a</file>
         <name>spi.obj</name>
      </input_file>
      <input_file id="fl-30">
         <path>C:\ti\simplelink_cc32xx_sdk_7_10_00_13\source\ti\devices\cc32xx\driverlib\ticlang\Release\</path>
         <kind>archive</kind>
         <file>driverlib.a</file>
         <name>systick.obj</name>
      </input_file>
      <input_file id="fl-31">
         <path>C:\ti\simplelink_cc32xx_sdk_7_10_00_13\source\ti\devices\cc32xx\driverlib\ticlang\Release\</path>
         <kind>archive</kind>
         <file>driverlib.a</file>
         <name>timer.obj</name>
      </input_file>
      <input_file id="fl-32">
         <path>C:\ti\simplelink_cc32xx_sdk_7_10_00_13\source\ti\devices\cc32xx\driverlib\ticlang\Release\</path>
         <kind>archive</kind>
         <file>driverlib.a</file>
         <name>uart.obj</name>
      </input_file>
      <input_file id="fl-33">
         <path>C:\ti\simplelink_cc32xx_sdk_7_10_00_13\source\ti\devices\cc32xx\driverlib\ticlang\Release\</path>
         <kind>archive</kind>
         <file>driverlib.a</file>
         <name>udma.obj</name>
      </input_file>
      <input_file id="fl-34">
         <path>C:\ti\simplelink_cc32xx_sdk_7_10_00_13\source\ti\devices\cc32xx\driverlib\ticlang\Release\</path>
         <kind>archive</kind>
         <file>driverlib.a</file>
         <name>utils.obj</name>
      </input_file>
      <input_file id="fl-35">
         <path>C:\ti\simplelink_cc32xx_sdk_7_10_00_13\source\ti\devices\cc32xx\driverlib\ticlang\Release\</path>
         <kind>archive</kind>
         <file>driverlib.a</file>
         <name>flash.obj</name>
      </input_file>
      <input_file id="fl-42">
         <path>C:\ti\ccs1250\ccs\tools\compiler\ti-cgt-armllvm_3.2.0.LTS\lib\armv7em-ti-none-eabi\c\</path>
         <kind>archive</kind>
         <file>libc.a</file>
         <name>snprintf.c.obj</name>
      </input_file>
      <input_file id="fl-43">
         <path>C:\ti\ccs1250\ccs\tools\compiler\ti-cgt-armllvm_3.2.0.LTS\lib\armv7em-ti-none-eabi\c\</path>
         <kind>archive</kind>
         <file>libc.a</file>
         <name>memory.c.obj</name>
      </input_file>
      <input_file id="fl-44">
         <path>C:\ti\ccs1250\ccs\tools\compiler\ti-cgt-armllvm_3.2.0.LTS\lib\armv7em-ti-none-eabi\c\</path>
         <kind>archive</kind>
         <file>libc.a</file>
         <name>boot_cortex_m.c.obj</name>
      </input_file>
      <input_file id="fl-45">
         <path>C:\ti\ccs1250\ccs\tools\compiler\ti-cgt-armllvm_3.2.0.LTS\lib\armv7em-ti-none-eabi\c\</path>
         <kind>archive</kind>
         <file>libc.a</file>
         <name>mathacl_init.c.obj</name>
      </input_file>
      <input_file id="fl-46">
         <path>C:\ti\ccs1250\ccs\tools\compiler\ti-cgt-armllvm_3.2.0.LTS\lib\armv7em-ti-none-eabi\c\</path>
         <kind>archive</kind>
         <file>libc.a</file>
         <name>autoinit.c.obj</name>
      </input_file>
      <input_file id="fl-47">
         <path>C:\ti\ccs1250\ccs\tools\compiler\ti-cgt-armllvm_3.2.0.LTS\lib\armv7em-ti-none-eabi\c\</path>
         <kind>archive</kind>
         <file>libc.a</file>
         <name>pre_init.c.obj</name>
      </input_file>
      <input_file id="fl-48">
         <path>C:\ti\ccs1250\ccs\tools\compiler\ti-cgt-armllvm_3.2.0.LTS\lib\armv7em-ti-none-eabi\c\</path>
         <kind>archive</kind>
         <file>libc.a</file>
         <name>cpy_tbl.c.obj</name>
      </input_file>
      <input_file id="fl-49">
         <path>C:\ti\ccs1250\ccs\tools\compiler\ti-cgt-armllvm_3.2.0.LTS\lib\armv7em-ti-none-eabi\c\</path>
         <kind>archive</kind>
         <file>libc.a</file>
         <name>copy_zero_init.c.obj</name>
      </input_file>
      <input_file id="fl-4a">
         <path>C:\ti\ccs1250\ccs\tools\compiler\ti-cgt-armllvm_3.2.0.LTS\lib\armv7em-ti-none-eabi\c\</path>
         <kind>archive</kind>
         <file>libc.a</file>
         <name>copy_decompress_none.c.obj</name>
      </input_file>
      <input_file id="fl-4b">
         <path>C:\ti\ccs1250\ccs\tools\compiler\ti-cgt-armllvm_3.2.0.LTS\lib\armv7em-ti-none-eabi\c\</path>
         <kind>archive</kind>
         <file>libc.a</file>
         <name>copy_decompress_lzss.c.obj</name>
      </input_file>
      <input_file id="fl-4c">
         <path>C:\ti\ccs1250\ccs\tools\compiler\ti-cgt-armllvm_3.2.0.LTS\lib\armv7em-ti-none-eabi\c\</path>
         <kind>archive</kind>
         <file>libc.a</file>
         <name>_printfi.c.obj</name>
      </input_file>
      <input_file id="fl-4d">
         <path>C:\ti\ccs1250\ccs\tools\compiler\ti-cgt-armllvm_3.2.0.LTS\lib\armv7em-ti-none-eabi\c\</path>
         <kind>archive</kind>
         <file>libc.a</file>
         <name>wcslen.c.obj</name>
      </input_file>
      <input_file id="fl-4e">
         <path>C:\ti\ccs1250\ccs\tools\compiler\ti-cgt-armllvm_3.2.0.LTS\lib\armv7em-ti-none-eabi\c\</path>
         <kind>archive</kind>
         <file>libc.a</file>
         <name>aeabi_portable.c.obj</name>
      </input_file>
      <input_file id="fl-4f">
         <path>C:\ti\ccs1250\ccs\tools\compiler\ti-cgt-armllvm_3.2.0.LTS\lib\armv7em-ti-none-eabi\c\</path>
         <kind>archive</kind>
         <file>libc.a</file>
         <name>exit.c.obj</name>
      </input_file>
      <input_file id="fl-50">
         <path>C:\ti\ccs1250\ccs\tools\compiler\ti-cgt-armllvm_3.2.0.LTS\lib\armv7em-ti-none-eabi\c\</path>
         <kind>archive</kind>
         <file>libc.a</file>
         <name>_lock.c.obj</name>
      </input_file>
      <input_file id="fl-51">
         <path>C:\ti\ccs1250\ccs\tools\compiler\ti-cgt-armllvm_3.2.0.LTS\lib\armv7em-ti-none-eabi\c\</path>
         <kind>archive</kind>
         <file>libc.a</file>
         <name>_ltoa.c.obj</name>
      </input_file>
      <input_file id="fl-52">
         <path>C:\ti\ccs1250\ccs\tools\compiler\ti-cgt-armllvm_3.2.0.LTS\lib\armv7em-ti-none-eabi\c\</path>
         <kind>archive</kind>
         <file>libc.a</file>
         <name>args_main.c.obj</name>
      </input_file>
      <input_file id="fl-53">
         <path>C:\ti\ccs1250\ccs\tools\compiler\ti-cgt-armllvm_3.2.0.LTS\lib\armv7em-ti-none-eabi\c\</path>
         <kind>archive</kind>
         <file>libc.a</file>
         <name>assert.c.obj</name>
      </input_file>
      <input_file id="fl-54">
         <path>C:\ti\ccs1250\ccs\tools\compiler\ti-cgt-armllvm_3.2.0.LTS\lib\armv7em-ti-none-eabi\c\</path>
         <kind>archive</kind>
         <file>libc.a</file>
         <name>atoi.c.obj</name>
      </input_file>
      <input_file id="fl-55">
         <path>C:\ti\ccs1250\ccs\tools\compiler\ti-cgt-armllvm_3.2.0.LTS\lib\armv7em-ti-none-eabi\c\</path>
         <kind>archive</kind>
         <file>libc.a</file>
         <name>defs.c.obj</name>
      </input_file>
      <input_file id="fl-56">
         <path>C:\ti\ccs1250\ccs\tools\compiler\ti-cgt-armllvm_3.2.0.LTS\lib\armv7em-ti-none-eabi\c\</path>
         <kind>archive</kind>
         <file>libc.a</file>
         <name>memccpy.c.obj</name>
      </input_file>
      <input_file id="fl-57">
         <path>C:\ti\ccs1250\ccs\tools\compiler\ti-cgt-armllvm_3.2.0.LTS\lib\armv7em-ti-none-eabi\c\</path>
         <kind>archive</kind>
         <file>libc.a</file>
         <name>s_frexp.c.obj</name>
      </input_file>
      <input_file id="fl-58">
         <path>C:\ti\ccs1250\ccs\tools\compiler\ti-cgt-armllvm_3.2.0.LTS\lib\armv7em-ti-none-eabi\c\</path>
         <kind>archive</kind>
         <file>libc.a</file>
         <name>s_scalbn.c.obj</name>
      </input_file>
      <input_file id="fl-59">
         <path>C:\ti\ccs1250\ccs\tools\compiler\ti-cgt-armllvm_3.2.0.LTS\lib\armv7em-ti-none-eabi\c\</path>
         <kind>archive</kind>
         <file>libc.a</file>
         <name>sprintf.c.obj</name>
      </input_file>
      <input_file id="fl-5a">
         <path>C:\ti\ccs1250\ccs\tools\compiler\ti-cgt-armllvm_3.2.0.LTS\lib\armv7em-ti-none-eabi\c\</path>
         <kind>archive</kind>
         <file>libc.a</file>
         <name>fflush.c.obj</name>
      </input_file>
      <input_file id="fl-5b">
         <path>C:\ti\ccs1250\ccs\tools\compiler\ti-cgt-armllvm_3.2.0.LTS\lib\armv7em-ti-none-eabi\c\</path>
         <kind>archive</kind>
         <file>libc.a</file>
         <name>fputs.c.obj</name>
      </input_file>
      <input_file id="fl-5c">
         <path>C:\ti\ccs1250\ccs\tools\compiler\ti-cgt-armllvm_3.2.0.LTS\lib\armv7em-ti-none-eabi\c\</path>
         <kind>archive</kind>
         <file>libc.a</file>
         <name>_io_perm.c.obj</name>
      </input_file>
      <input_file id="fl-5d">
         <path>C:\ti\ccs1250\ccs\tools\compiler\ti-cgt-armllvm_3.2.0.LTS\lib\armv7em-ti-none-eabi\c\</path>
         <kind>archive</kind>
         <file>libc.a</file>
         <name>setvbuf.c.obj</name>
      </input_file>
      <input_file id="fl-5e">
         <path>C:\ti\ccs1250\ccs\tools\compiler\ti-cgt-armllvm_3.2.0.LTS\lib\armv7em-ti-none-eabi\c\</path>
         <kind>archive</kind>
         <file>libc.a</file>
         <name>aeabi_ctype.S.obj</name>
      </input_file>
      <input_file id="fl-5f">
         <path>C:\ti\ccs1250\ccs\tools\compiler\ti-cgt-armllvm_3.2.0.LTS\lib\armv7em-ti-none-eabi\c\</path>
         <kind>archive</kind>
         <file>libc.a</file>
         <name>fopen.c.obj</name>
      </input_file>
      <input_file id="fl-60">
         <path>C:\ti\ccs1250\ccs\tools\compiler\ti-cgt-armllvm_3.2.0.LTS\lib\armv7em-ti-none-eabi\c\</path>
         <kind>archive</kind>
         <file>libc.a</file>
         <name>fseek.c.obj</name>
      </input_file>
      <input_file id="fl-61">
         <path>C:\ti\ccs1250\ccs\tools\compiler\ti-cgt-armllvm_3.2.0.LTS\lib\armv7em-ti-none-eabi\c\</path>
         <kind>archive</kind>
         <file>libc.a</file>
         <name>fclose.c.obj</name>
      </input_file>
      <input_file id="fl-c5">
         <path>C:\ti\ccs1250\ccs\tools\compiler\ti-cgt-armllvm_3.2.0.LTS\lib\armv7em-ti-none-eabi\c\</path>
         <kind>archive</kind>
         <file>libsysbm.a</file>
         <name>write.c.obj</name>
      </input_file>
      <input_file id="fl-c6">
         <path>C:\ti\ccs1250\ccs\tools\compiler\ti-cgt-armllvm_3.2.0.LTS\lib\armv7em-ti-none-eabi\c\</path>
         <kind>archive</kind>
         <file>libsysbm.a</file>
         <name>host_device.c.obj</name>
      </input_file>
      <input_file id="fl-c7">
         <path>C:\ti\ccs1250\ccs\tools\compiler\ti-cgt-armllvm_3.2.0.LTS\lib\armv7em-ti-none-eabi\c\</path>
         <kind>archive</kind>
         <file>libsysbm.a</file>
         <name>remove.c.obj</name>
      </input_file>
      <input_file id="fl-c8">
         <path>C:\ti\ccs1250\ccs\tools\compiler\ti-cgt-armllvm_3.2.0.LTS\lib\armv7em-ti-none-eabi\c\</path>
         <kind>archive</kind>
         <file>libsysbm.a</file>
         <name>open.c.obj</name>
      </input_file>
      <input_file id="fl-c9">
         <path>C:\ti\ccs1250\ccs\tools\compiler\ti-cgt-armllvm_3.2.0.LTS\lib\armv7em-ti-none-eabi\c\</path>
         <kind>archive</kind>
         <file>libsysbm.a</file>
         <name>lseek.c.obj</name>
      </input_file>
      <input_file id="fl-ca">
         <path>C:\ti\ccs1250\ccs\tools\compiler\ti-cgt-armllvm_3.2.0.LTS\lib\armv7em-ti-none-eabi\c\</path>
         <kind>archive</kind>
         <file>libsysbm.a</file>
         <name>close.c.obj</name>
      </input_file>
      <input_file id="fl-cb">
         <path>C:\ti\ccs1250\ccs\tools\compiler\ti-cgt-armllvm_3.2.0.LTS\lib\armv7em-ti-none-eabi\c\</path>
         <kind>archive</kind>
         <file>libsysbm.a</file>
         <name>unlink.c.obj</name>
      </input_file>
      <input_file id="fl-cc">
         <path>C:\ti\ccs1250\ccs\tools\compiler\ti-cgt-armllvm_3.2.0.LTS\lib\armv7em-ti-none-eabi\c\</path>
         <kind>archive</kind>
         <file>libsysbm.a</file>
         <name>hostclose.c.obj</name>
      </input_file>
      <input_file id="fl-cd">
         <path>C:\ti\ccs1250\ccs\tools\compiler\ti-cgt-armllvm_3.2.0.LTS\lib\armv7em-ti-none-eabi\c\</path>
         <kind>archive</kind>
         <file>libsysbm.a</file>
         <name>hostlseek.c.obj</name>
      </input_file>
      <input_file id="fl-ce">
         <path>C:\ti\ccs1250\ccs\tools\compiler\ti-cgt-armllvm_3.2.0.LTS\lib\armv7em-ti-none-eabi\c\</path>
         <kind>archive</kind>
         <file>libsysbm.a</file>
         <name>hostopen.c.obj</name>
      </input_file>
      <input_file id="fl-cf">
         <path>C:\ti\ccs1250\ccs\tools\compiler\ti-cgt-armllvm_3.2.0.LTS\lib\armv7em-ti-none-eabi\c\</path>
         <kind>archive</kind>
         <file>libsysbm.a</file>
         <name>hostread.c.obj</name>
      </input_file>
      <input_file id="fl-d0">
         <path>C:\ti\ccs1250\ccs\tools\compiler\ti-cgt-armllvm_3.2.0.LTS\lib\armv7em-ti-none-eabi\c\</path>
         <kind>archive</kind>
         <file>libsysbm.a</file>
         <name>hostrename.c.obj</name>
      </input_file>
      <input_file id="fl-d1">
         <path>C:\ti\ccs1250\ccs\tools\compiler\ti-cgt-armllvm_3.2.0.LTS\lib\armv7em-ti-none-eabi\c\</path>
         <kind>archive</kind>
         <file>libsysbm.a</file>
         <name>hostunlink.c.obj</name>
      </input_file>
      <input_file id="fl-d2">
         <path>C:\ti\ccs1250\ccs\tools\compiler\ti-cgt-armllvm_3.2.0.LTS\lib\armv7em-ti-none-eabi\c\</path>
         <kind>archive</kind>
         <file>libsysbm.a</file>
         <name>hostwrite.c.obj</name>
      </input_file>
      <input_file id="fl-d3">
         <path>C:\ti\ccs1250\ccs\tools\compiler\ti-cgt-armllvm_3.2.0.LTS\lib\armv7em-ti-none-eabi\c\</path>
         <kind>archive</kind>
         <file>libsysbm.a</file>
         <name>trgmsg.c.obj</name>
      </input_file>
      <input_file id="fl-d4">
         <path>C:\ti\ccs1250\ccs\tools\compiler\ti-cgt-armllvm_3.2.0.LTS\lib\clang\15.0.7\lib\armv7em-ti-none-eabi\</path>
         <kind>archive</kind>
         <file>libclang_rt.builtins.a</file>
         <name>adddf3.S.obj</name>
      </input_file>
      <input_file id="fl-d5">
         <path>C:\ti\ccs1250\ccs\tools\compiler\ti-cgt-armllvm_3.2.0.LTS\lib\clang\15.0.7\lib\armv7em-ti-none-eabi\</path>
         <kind>archive</kind>
         <file>libclang_rt.builtins.a</file>
         <name>muldf3.S.obj</name>
      </input_file>
      <input_file id="fl-d6">
         <path>C:\ti\ccs1250\ccs\tools\compiler\ti-cgt-armllvm_3.2.0.LTS\lib\clang\15.0.7\lib\armv7em-ti-none-eabi\</path>
         <kind>archive</kind>
         <file>libclang_rt.builtins.a</file>
         <name>divdf3.S.obj</name>
      </input_file>
      <input_file id="fl-d7">
         <path>C:\ti\ccs1250\ccs\tools\compiler\ti-cgt-armllvm_3.2.0.LTS\lib\clang\15.0.7\lib\armv7em-ti-none-eabi\</path>
         <kind>archive</kind>
         <file>libclang_rt.builtins.a</file>
         <name>extendsfdf2.S.obj</name>
      </input_file>
      <input_file id="fl-d8">
         <path>C:\ti\ccs1250\ccs\tools\compiler\ti-cgt-armllvm_3.2.0.LTS\lib\clang\15.0.7\lib\armv7em-ti-none-eabi\</path>
         <kind>archive</kind>
         <file>libclang_rt.builtins.a</file>
         <name>fixdfsi.S.obj</name>
      </input_file>
      <input_file id="fl-d9">
         <path>C:\ti\ccs1250\ccs\tools\compiler\ti-cgt-armllvm_3.2.0.LTS\lib\clang\15.0.7\lib\armv7em-ti-none-eabi\</path>
         <kind>archive</kind>
         <file>libclang_rt.builtins.a</file>
         <name>floatsidf.S.obj</name>
      </input_file>
      <input_file id="fl-da">
         <path>C:\ti\ccs1250\ccs\tools\compiler\ti-cgt-armllvm_3.2.0.LTS\lib\clang\15.0.7\lib\armv7em-ti-none-eabi\</path>
         <kind>archive</kind>
         <file>libclang_rt.builtins.a</file>
         <name>floatsisf.S.obj</name>
      </input_file>
      <input_file id="fl-db">
         <path>C:\ti\ccs1250\ccs\tools\compiler\ti-cgt-armllvm_3.2.0.LTS\lib\clang\15.0.7\lib\armv7em-ti-none-eabi\</path>
         <kind>archive</kind>
         <file>libclang_rt.builtins.a</file>
         <name>aeabi_dcmp.S.obj</name>
      </input_file>
      <input_file id="fl-dc">
         <path>C:\ti\ccs1250\ccs\tools\compiler\ti-cgt-armllvm_3.2.0.LTS\lib\clang\15.0.7\lib\armv7em-ti-none-eabi\</path>
         <kind>archive</kind>
         <file>libclang_rt.builtins.a</file>
         <name>aeabi_memcpy.S.obj</name>
      </input_file>
      <input_file id="fl-dd">
         <path>C:\ti\ccs1250\ccs\tools\compiler\ti-cgt-armllvm_3.2.0.LTS\lib\clang\15.0.7\lib\armv7em-ti-none-eabi\</path>
         <kind>archive</kind>
         <file>libclang_rt.builtins.a</file>
         <name>aeabi_memset.S.obj</name>
      </input_file>
      <input_file id="fl-de">
         <path>C:\ti\ccs1250\ccs\tools\compiler\ti-cgt-armllvm_3.2.0.LTS\lib\clang\15.0.7\lib\armv7em-ti-none-eabi\</path>
         <kind>archive</kind>
         <file>libclang_rt.builtins.a</file>
         <name>aeabi_uldivmod.S.obj</name>
      </input_file>
      <input_file id="fl-df">
         <path>C:\ti\ccs1250\ccs\tools\compiler\ti-cgt-armllvm_3.2.0.LTS\lib\clang\15.0.7\lib\armv7em-ti-none-eabi\</path>
         <kind>archive</kind>
         <file>libclang_rt.builtins.a</file>
         <name>udivmoddi4.S.obj</name>
      </input_file>
      <input_file id="fl-e0">
         <path>C:\ti\ccs1250\ccs\tools\compiler\ti-cgt-armllvm_3.2.0.LTS\lib\clang\15.0.7\lib\armv7em-ti-none-eabi\</path>
         <kind>archive</kind>
         <file>libclang_rt.builtins.a</file>
         <name>comparedf2.c.obj</name>
      </input_file>
      <input_file id="fl-e1">
         <path>C:\ti\ccs1250\ccs\tools\compiler\ti-cgt-armllvm_3.2.0.LTS\lib\clang\15.0.7\lib\armv7em-ti-none-eabi\</path>
         <kind>archive</kind>
         <file>libclang_rt.builtins.a</file>
         <name>aeabi_div0.c.obj</name>
      </input_file>
      <input_file id="fl-e2">
         <path>C:\ti\ccs1250\ccs\tools\compiler\ti-cgt-armllvm_3.2.0.LTS\lib\armv7em-ti-none-eabi\c\</path>
         <kind>archive</kind>
         <file>libc.a</file>
         <name>getdevice.c.obj</name>
      </input_file>
      <input_file id="fl-e3">
         <path>C:\ti\ccs1250\ccs\tools\compiler\ti-cgt-armllvm_3.2.0.LTS\lib\armv7em-ti-none-eabi\c\</path>
         <kind>archive</kind>
         <file>libc.a</file>
         <name>strcmp_t2.S.obj</name>
      </input_file>
      <input_file id="fl-e4">
         <path>C:\ti\ccs1250\ccs\tools\compiler\ti-cgt-armllvm_3.2.0.LTS\lib\armv7em-ti-none-eabi\c\</path>
         <kind>archive</kind>
         <file>libc.a</file>
         <name>memcpy_t2.S.obj</name>
      </input_file>
      <input_file id="fl-e5">
         <path>C:\ti\ccs1250\ccs\tools\compiler\ti-cgt-armllvm_3.2.0.LTS\lib\armv7em-ti-none-eabi\c\</path>
         <kind>archive</kind>
         <file>libc.a</file>
         <name>memset_t2.S.obj</name>
      </input_file>
   </input_file_list>
   <object_component_list>
      <object_component id="oc-231">
         <name>.text:__TI_printfi</name>
         <load_address>0x1000840</load_address>
         <readonly>true</readonly>
         <executable>true</executable>
         <run_address>0x1000840</run_address>
         <size>0x9d8</size>
         <alignment>0x4</alignment>
         <input_file_ref idref="fl-4c"/>
      </object_component>
      <object_component id="oc-d3">
         <name>.text.PRCMCC3200MCUInit</name>
         <load_address>0x1001218</load_address>
         <readonly>true</readonly>
         <executable>true</executable>
         <run_address>0x1001218</run_address>
         <size>0x4b8</size>
         <alignment>0x2</alignment>
         <input_file_ref idref="fl-2e"/>
      </object_component>
      <object_component id="oc-252">
         <name>.text.Power_sleep</name>
         <load_address>0x10016d0</load_address>
         <readonly>true</readonly>
         <executable>true</executable>
         <run_address>0x10016d0</run_address>
         <size>0x3e4</size>
         <alignment>0x4</alignment>
         <input_file_ref idref="fl-18"/>
      </object_component>
      <object_component id="oc-2e9">
         <name>.text._pconv_a</name>
         <load_address>0x1001ab4</load_address>
         <readonly>true</readonly>
         <executable>true</executable>
         <run_address>0x1001ab4</run_address>
         <size>0x228</size>
         <alignment>0x4</alignment>
         <input_file_ref idref="fl-4c"/>
      </object_component>
      <object_component id="oc-1f6">
         <name>.text.UART2CC32XX_hwiIntFxn</name>
         <load_address>0x1001cdc</load_address>
         <readonly>true</readonly>
         <executable>true</executable>
         <run_address>0x1001cdc</run_address>
         <size>0x222</size>
         <alignment>0x2</alignment>
         <input_file_ref idref="fl-1d"/>
      </object_component>
      <object_component id="oc-e3">
         <name>.text.Board_initHook</name>
         <load_address>0x1001efe</load_address>
         <readonly>true</readonly>
         <executable>true</executable>
         <run_address>0x1001efe</run_address>
         <size>0x2</size>
         <alignment>0x2</alignment>
         <input_file_ref idref="fl-2"/>
      </object_component>
      <object_component id="oc-2ec">
         <name>.text._pconv_g</name>
         <load_address>0x1001f00</load_address>
         <readonly>true</readonly>
         <executable>true</executable>
         <run_address>0x1001f00</run_address>
         <size>0x1e8</size>
         <alignment>0x4</alignment>
         <input_file_ref idref="fl-4c"/>
      </object_component>
      <object_component id="oc-162">
         <name>.text.UART2_open</name>
         <load_address>0x10020e8</load_address>
         <readonly>true</readonly>
         <executable>true</executable>
         <run_address>0x10020e8</run_address>
         <size>0x1cc</size>
         <alignment>0x4</alignment>
         <input_file_ref idref="fl-1d"/>
      </object_component>
      <object_component id="oc-35d">
         <name>.text.adddf3_subdf3</name>
         <load_address>0x10022b4</load_address>
         <readonly>true</readonly>
         <executable>true</executable>
         <run_address>0x10022b4</run_address>
         <size>0x1b6</size>
         <alignment>0x4</alignment>
         <input_file_ref idref="fl-d4"/>
      </object_component>
      <object_component id="oc-233">
         <name>.text.UART2_writeTimeoutBlocking</name>
         <load_address>0x100246a</load_address>
         <readonly>true</readonly>
         <executable>true</executable>
         <run_address>0x100246a</run_address>
         <size>0x174</size>
         <alignment>0x2</alignment>
         <input_file_ref idref="fl-1c"/>
      </object_component>
      <object_component id="oc-179">
         <name>.text.I2C_init</name>
         <load_address>0x10025de</load_address>
         <readonly>true</readonly>
         <executable>true</executable>
         <run_address>0x10025de</run_address>
         <size>0x2</size>
         <alignment>0x2</alignment>
         <input_file_ref idref="fl-16"/>
      </object_component>
      <object_component id="oc-1bd">
         <name>.text.PowerCC32XX_sleepPolicy</name>
         <load_address>0x10025e0</load_address>
         <readonly>true</readonly>
         <executable>true</executable>
         <run_address>0x10025e0</run_address>
         <size>0x150</size>
         <alignment>0x4</alignment>
         <input_file_ref idref="fl-25"/>
      </object_component>
      <object_component id="oc-16f">
         <name>.text.Timer_open</name>
         <load_address>0x1002730</load_address>
         <readonly>true</readonly>
         <executable>true</executable>
         <run_address>0x1002730</run_address>
         <size>0x148</size>
         <alignment>0x4</alignment>
         <input_file_ref idref="fl-1b"/>
      </object_component>
      <object_component id="oc-10f">
         <name>.text.GPIO_setConfig</name>
         <load_address>0x1002878</load_address>
         <readonly>true</readonly>
         <executable>true</executable>
         <run_address>0x1002878</run_address>
         <size>0x140</size>
         <alignment>0x4</alignment>
         <input_file_ref idref="fl-15"/>
      </object_component>
      <object_component id="oc-36b">
         <name>.text.fcvt</name>
         <load_address>0x10029b8</load_address>
         <readonly>true</readonly>
         <executable>true</executable>
         <run_address>0x10029b8</run_address>
         <size>0x13c</size>
         <alignment>0x4</alignment>
         <input_file_ref idref="fl-4c"/>
      </object_component>
      <object_component id="oc-216">
         <name>.text.I2CCC32XX_hwiFxn</name>
         <load_address>0x1002af4</load_address>
         <readonly>true</readonly>
         <executable>true</executable>
         <run_address>0x1002af4</run_address>
         <size>0x138</size>
         <alignment>0x2</alignment>
         <input_file_ref idref="fl-17"/>
      </object_component>
      <object_component id="oc-367">
         <name>.text.__divdf3</name>
         <load_address>0x1002c2c</load_address>
         <readonly>true</readonly>
         <executable>true</executable>
         <run_address>0x1002c2c</run_address>
         <size>0x136</size>
         <alignment>0x4</alignment>
         <input_file_ref idref="fl-d6"/>
      </object_component>
      <object_component id="oc-1b8">
         <name>.text.PowerCC32XX_initPolicy</name>
         <load_address>0x1002d62</load_address>
         <readonly>true</readonly>
         <executable>true</executable>
         <run_address>0x1002d62</run_address>
         <size>0x2</size>
         <alignment>0x2</alignment>
         <input_file_ref idref="fl-25"/>
      </object_component>
      <object_component id="oc-b1">
         <name>.text.mainThread</name>
         <load_address>0x1002d64</load_address>
         <readonly>true</readonly>
         <executable>true</executable>
         <run_address>0x1002d64</run_address>
         <size>0x134</size>
         <alignment>0x4</alignment>
         <input_file_ref idref="fl-1"/>
      </object_component>
      <object_component id="oc-21a">
         <name>.text.I2C_transferTimeout</name>
         <load_address>0x1002e98</load_address>
         <readonly>true</readonly>
         <executable>true</executable>
         <run_address>0x1002e98</run_address>
         <size>0x126</size>
         <alignment>0x2</alignment>
         <input_file_ref idref="fl-16"/>
      </object_component>
      <object_component id="oc-28d">
         <name>.text.SemaphoreP_destruct</name>
         <load_address>0x1002fbe</load_address>
         <readonly>true</readonly>
         <executable>true</executable>
         <run_address>0x1002fbe</run_address>
         <size>0x2</size>
         <alignment>0x2</alignment>
         <input_file_ref idref="fl-22"/>
      </object_component>
      <object_component id="oc-2f4">
         <name>.text.aligned_alloc</name>
         <load_address>0x1002fc0</load_address>
         <readonly>true</readonly>
         <executable>true</executable>
         <run_address>0x1002fc0</run_address>
         <size>0x120</size>
         <alignment>0x4</alignment>
         <input_file_ref idref="fl-43"/>
      </object_component>
      <object_component id="oc-232">
         <name>.text.UART2_writeTimeoutNonblocking</name>
         <load_address>0x10030e0</load_address>
         <readonly>true</readonly>
         <executable>true</executable>
         <run_address>0x10030e0</run_address>
         <size>0x11a</size>
         <alignment>0x2</alignment>
         <input_file_ref idref="fl-1c"/>
      </object_component>
      <object_component id="oc-168">
         <name>.text.Timer_init</name>
         <load_address>0x10031fa</load_address>
         <readonly>true</readonly>
         <executable>true</executable>
         <run_address>0x10031fa</run_address>
         <size>0x2</size>
         <alignment>0x2</alignment>
         <input_file_ref idref="fl-1a"/>
      </object_component>
      <object_component id="oc-2ea">
         <name>.text._pconv_e</name>
         <load_address>0x10031fc</load_address>
         <readonly>true</readonly>
         <executable>true</executable>
         <run_address>0x10031fc</run_address>
         <size>0x118</size>
         <alignment>0x4</alignment>
         <input_file_ref idref="fl-4c"/>
      </object_component>
      <object_component id="oc-32b">
         <name>.text.uDMAChannelTransferSet</name>
         <load_address>0x1003314</load_address>
         <readonly>true</readonly>
         <executable>true</executable>
         <run_address>0x1003314</run_address>
         <size>0x112</size>
         <alignment>0x2</alignment>
         <input_file_ref idref="fl-33"/>
      </object_component>
      <object_component id="oc-1f4">
         <name>.text.UART2CC32XX_eventCallback</name>
         <load_address>0x1003426</load_address>
         <readonly>true</readonly>
         <executable>true</executable>
         <run_address>0x1003426</run_address>
         <size>0x2</size>
         <alignment>0x2</alignment>
         <input_file_ref idref="fl-1d"/>
      </object_component>
      <object_component id="oc-222">
         <name>.text.__muldf3</name>
         <load_address>0x1003428</load_address>
         <readonly>true</readonly>
         <executable>true</executable>
         <run_address>0x1003428</run_address>
         <size>0xfc</size>
         <alignment>0x4</alignment>
         <input_file_ref idref="fl-d5"/>
      </object_component>
      <object_component id="oc-1c4">
         <name>.text.free</name>
         <load_address>0x1003524</load_address>
         <readonly>true</readonly>
         <executable>true</executable>
         <run_address>0x1003524</run_address>
         <size>0xf0</size>
         <alignment>0x4</alignment>
         <input_file_ref idref="fl-43"/>
      </object_component>
      <object_component id="oc-17f">
         <name>.text.I2C_open</name>
         <load_address>0x1003614</load_address>
         <readonly>true</readonly>
         <executable>true</executable>
         <run_address>0x1003614</run_address>
         <size>0xe8</size>
         <alignment>0x4</alignment>
         <input_file_ref idref="fl-17"/>
      </object_component>
      <object_component id="oc-1f1">
         <name>.text.UART2_close</name>
         <load_address>0x10036fc</load_address>
         <readonly>true</readonly>
         <executable>true</executable>
         <run_address>0x10036fc</run_address>
         <size>0xe8</size>
         <alignment>0x4</alignment>
         <input_file_ref idref="fl-1d"/>
      </object_component>
      <object_component id="oc-29b">
         <name>.text.UART2Support_dmaStartRx</name>
         <load_address>0x10037e4</load_address>
         <readonly>true</readonly>
         <executable>true</executable>
         <run_address>0x10037e4</run_address>
         <size>0xcc</size>
         <alignment>0x4</alignment>
         <input_file_ref idref="fl-1d"/>
      </object_component>
      <object_component id="oc-320">
         <name>.text.IntDisable</name>
         <load_address>0x10038b0</load_address>
         <readonly>true</readonly>
         <executable>true</executable>
         <run_address>0x10038b0</run_address>
         <size>0xc8</size>
         <alignment>0x2</alignment>
         <input_file_ref idref="fl-2c"/>
      </object_component>
      <object_component id="oc-284">
         <name>.text.IntEnable</name>
         <load_address>0x1003978</load_address>
         <readonly>true</readonly>
         <executable>true</executable>
         <run_address>0x1003978</run_address>
         <size>0xc8</size>
         <alignment>0x2</alignment>
         <input_file_ref idref="fl-2c"/>
      </object_component>
      <object_component id="oc-1ed">
         <name>.text.UART2CC32XX_initHw</name>
         <load_address>0x1003a40</load_address>
         <readonly>true</readonly>
         <executable>true</executable>
         <run_address>0x1003a40</run_address>
         <size>0xc4</size>
         <alignment>0x4</alignment>
         <input_file_ref idref="fl-1d"/>
      </object_component>
      <object_component id="oc-355">
         <name>.text.scalbn</name>
         <load_address>0x1003b04</load_address>
         <readonly>true</readonly>
         <executable>true</executable>
         <run_address>0x1003b04</run_address>
         <size>0xc4</size>
         <alignment>0x4</alignment>
         <input_file_ref idref="fl-58"/>
      </object_component>
      <object_component id="oc-29e">
         <name>.text.UART2Support_dmaStartTx</name>
         <load_address>0x1003bc8</load_address>
         <readonly>true</readonly>
         <executable>true</executable>
         <run_address>0x1003bc8</run_address>
         <size>0xb8</size>
         <alignment>0x4</alignment>
         <input_file_ref idref="fl-1d"/>
      </object_component>
      <object_component id="oc-2fb">
         <name>.text</name>
         <load_address>0x1003c80</load_address>
         <readonly>true</readonly>
         <executable>true</executable>
         <run_address>0x1003c80</run_address>
         <size>0xb0</size>
         <alignment>0x4</alignment>
         <input_file_ref idref="fl-df"/>
      </object_component>
      <object_component id="oc-236">
         <name>.text.GPIOIntTypeSet</name>
         <load_address>0x1003d30</load_address>
         <readonly>true</readonly>
         <executable>true</executable>
         <run_address>0x1003d30</run_address>
         <size>0xac</size>
         <alignment>0x2</alignment>
         <input_file_ref idref="fl-29"/>
      </object_component>
      <object_component id="oc-383">
         <name>.text.IntPendSet</name>
         <load_address>0x1003ddc</load_address>
         <readonly>true</readonly>
         <executable>true</executable>
         <run_address>0x1003ddc</run_address>
         <size>0xa4</size>
         <alignment>0x2</alignment>
         <input_file_ref idref="fl-2c"/>
      </object_component>
      <object_component id="oc-198">
         <name>.text.PinConfigSet</name>
         <load_address>0x1003e80</load_address>
         <readonly>true</readonly>
         <executable>true</executable>
         <run_address>0x1003e80</run_address>
         <size>0xa2</size>
         <alignment>0x2</alignment>
         <input_file_ref idref="fl-2d"/>
      </object_component>
      <object_component id="oc-2c4">
         <name>.text.I2CCC32XX_completeTransfer</name>
         <load_address>0x1003f22</load_address>
         <readonly>true</readonly>
         <executable>true</executable>
         <run_address>0x1003f22</run_address>
         <size>0x9c</size>
         <alignment>0x2</alignment>
         <input_file_ref idref="fl-17"/>
      </object_component>
      <object_component id="oc-2b5">
         <name>.text.I2CMasterInitExpClk</name>
         <load_address>0x1003fbe</load_address>
         <readonly>true</readonly>
         <executable>true</executable>
         <run_address>0x1003fbe</run_address>
         <size>0x98</size>
         <alignment>0x2</alignment>
         <input_file_ref idref="fl-2b"/>
      </object_component>
      <object_component id="oc-372">
         <name>.text.__aeabi_ldiv0</name>
         <load_address>0x1004056</load_address>
         <readonly>true</readonly>
         <executable>true</executable>
         <run_address>0x1004056</run_address>
         <size>0x2</size>
         <alignment>0x2</alignment>
         <input_file_ref idref="fl-e1"/>
      </object_component>
      <object_component id="oc-14a">
         <name>.text.SemaphoreP_pend</name>
         <load_address>0x1004058</load_address>
         <readonly>true</readonly>
         <executable>true</executable>
         <run_address>0x1004058</run_address>
         <size>0x98</size>
         <alignment>0x4</alignment>
         <input_file_ref idref="fl-22"/>
      </object_component>
      <object_component id="oc-307">
         <name>.text</name>
         <load_address>0x10040f0</load_address>
         <readonly>true</readonly>
         <executable>true</executable>
         <run_address>0x10040f0</run_address>
         <size>0x96</size>
         <alignment>0x10</alignment>
         <input_file_ref idref="fl-19"/>
      </object_component>
      <object_component id="oc-27d">
         <name>.text.uDMAChannelAttributeDisable</name>
         <load_address>0x1004186</load_address>
         <readonly>true</readonly>
         <executable>true</executable>
         <run_address>0x1004186</run_address>
         <size>0x92</size>
         <alignment>0x2</alignment>
         <input_file_ref idref="fl-33"/>
      </object_component>
      <object_component id="oc-dd">
         <name>.text.GPIO_init</name>
         <load_address>0x1004218</load_address>
         <readonly>true</readonly>
         <executable>true</executable>
         <run_address>0x1004218</run_address>
         <size>0x90</size>
         <alignment>0x4</alignment>
         <input_file_ref idref="fl-15"/>
      </object_component>
      <object_component id="oc-129">
         <name>.text.PRCMSysResetCauseGet</name>
         <load_address>0x10042a8</load_address>
         <readonly>true</readonly>
         <executable>true</executable>
         <run_address>0x10042a8</run_address>
         <size>0x8e</size>
         <alignment>0x2</alignment>
         <input_file_ref idref="fl-2e"/>
      </object_component>
      <object_component id="oc-1a3">
         <name>.text._nop</name>
         <load_address>0x1004336</load_address>
         <readonly>true</readonly>
         <executable>true</executable>
         <run_address>0x1004336</run_address>
         <size>0x2</size>
         <alignment>0x2</alignment>
         <input_file_ref idref="fl-50"/>
      </object_component>
      <object_component id="oc-13b">
         <name>.text.PowerCC32XX_configureWakeup</name>
         <load_address>0x1004338</load_address>
         <readonly>true</readonly>
         <executable>true</executable>
         <run_address>0x1004338</run_address>
         <size>0x88</size>
         <alignment>0x4</alignment>
         <input_file_ref idref="fl-18"/>
      </object_component>
      <object_component id="oc-2c1">
         <name>.text.I2CCC32XX_primeReadBurst</name>
         <load_address>0x10043c0</load_address>
         <readonly>true</readonly>
         <executable>true</executable>
         <run_address>0x10043c0</run_address>
         <size>0x7a</size>
         <alignment>0x2</alignment>
         <input_file_ref idref="fl-17"/>
      </object_component>
      <object_component id="oc-58">
         <name>.text.busFaultHandler</name>
         <load_address>0x100443a</load_address>
         <readonly>true</readonly>
         <executable>true</executable>
         <run_address>0x100443a</run_address>
         <size>0x2</size>
         <alignment>0x2</alignment>
         <input_file_ref idref="fl-26"/>
      </object_component>
      <object_component id="oc-d8">
         <name>.text.Power_init</name>
         <load_address>0x100443c</load_address>
         <readonly>true</readonly>
         <executable>true</executable>
         <run_address>0x100443c</run_address>
         <size>0x78</size>
         <alignment>0x4</alignment>
         <input_file_ref idref="fl-18"/>
      </object_component>
      <object_component id="oc-f6">
         <name>.text.initI2C</name>
         <load_address>0x10044b4</load_address>
         <readonly>true</readonly>
         <executable>true</executable>
         <run_address>0x10044b4</run_address>
         <size>0x78</size>
         <alignment>0x4</alignment>
         <input_file_ref idref="fl-1"/>
      </object_component>
      <object_component id="oc-1ef">
         <name>.text.HwiP_construct</name>
         <load_address>0x100452c</load_address>
         <readonly>true</readonly>
         <executable>true</executable>
         <run_address>0x100452c</run_address>
         <size>0x74</size>
         <alignment>0x4</alignment>
         <input_file_ref idref="fl-24"/>
      </object_component>
      <object_component id="oc-1b5">
         <name>.text.PRCMHibernateWakeUpGPIOSelect</name>
         <load_address>0x10045a0</load_address>
         <readonly>true</readonly>
         <executable>true</executable>
         <run_address>0x10045a0</run_address>
         <size>0x74</size>
         <alignment>0x2</alignment>
         <input_file_ref idref="fl-2e"/>
      </object_component>
      <object_component id="oc-272">
         <name>.text.UARTConfigSetExpClk</name>
         <load_address>0x1004614</load_address>
         <readonly>true</readonly>
         <executable>true</executable>
         <run_address>0x1004614</run_address>
         <size>0x74</size>
         <alignment>0x2</alignment>
         <input_file_ref idref="fl-32"/>
      </object_component>
      <object_component id="oc-f5">
         <name>.text.initTimer</name>
         <load_address>0x1004688</load_address>
         <readonly>true</readonly>
         <executable>true</executable>
         <run_address>0x1004688</run_address>
         <size>0x74</size>
         <alignment>0x4</alignment>
         <input_file_ref idref="fl-1"/>
      </object_component>
      <object_component id="oc-19">
         <name>.text:decompress:lzss</name>
         <load_address>0x10046fc</load_address>
         <readonly>true</readonly>
         <executable>true</executable>
         <run_address>0x10046fc</run_address>
         <size>0x70</size>
         <alignment>0x2</alignment>
         <input_file_ref idref="fl-4b"/>
      </object_component>
      <object_component id="oc-34f">
         <name>.text.__gedf2</name>
         <load_address>0x100476c</load_address>
         <readonly>true</readonly>
         <executable>true</executable>
         <run_address>0x100476c</run_address>
         <size>0x6e</size>
         <alignment>0x4</alignment>
         <input_file_ref idref="fl-e0"/>
      </object_component>
      <object_component id="oc-1cb">
         <name>.text.clkFxn</name>
         <load_address>0x10047da</load_address>
         <readonly>true</readonly>
         <executable>true</executable>
         <run_address>0x10047da</run_address>
         <size>0x2</size>
         <alignment>0x2</alignment>
         <input_file_ref idref="fl-22"/>
      </object_component>
      <object_component id="oc-349">
         <name>.text.__ledf2</name>
         <load_address>0x10047dc</load_address>
         <readonly>true</readonly>
         <executable>true</executable>
         <run_address>0x10047dc</run_address>
         <size>0x6e</size>
         <alignment>0x4</alignment>
         <input_file_ref idref="fl-e0"/>
      </object_component>
      <object_component id="oc-305">
         <name>.text.PinLockLevelSet</name>
         <load_address>0x100484a</load_address>
         <readonly>true</readonly>
         <executable>true</executable>
         <run_address>0x100484a</run_address>
         <size>0x6c</size>
         <alignment>0x2</alignment>
         <input_file_ref idref="fl-2d"/>
      </object_component>
      <object_component id="oc-57">
         <name>.text.defaultHandler</name>
         <load_address>0x10048b6</load_address>
         <readonly>true</readonly>
         <executable>true</executable>
         <run_address>0x10048b6</run_address>
         <size>0x2</size>
         <alignment>0x2</alignment>
         <input_file_ref idref="fl-26"/>
      </object_component>
      <object_component id="oc-199">
         <name>.text.Power_setDependency</name>
         <load_address>0x10048b8</load_address>
         <readonly>true</readonly>
         <executable>true</executable>
         <run_address>0x10048b8</run_address>
         <size>0x6c</size>
         <alignment>0x4</alignment>
         <input_file_ref idref="fl-18"/>
      </object_component>
      <object_component id="oc-1eb">
         <name>.text.UDMACC32XX_open</name>
         <load_address>0x1004924</load_address>
         <readonly>true</readonly>
         <executable>true</executable>
         <run_address>0x1004924</run_address>
         <size>0x6c</size>
         <alignment>0x4</alignment>
         <input_file_ref idref="fl-20"/>
      </object_component>
      <object_component id="oc-365">
         <name>.text._mcpy</name>
         <load_address>0x1004990</load_address>
         <readonly>true</readonly>
         <executable>true</executable>
         <run_address>0x1004990</run_address>
         <size>0x6c</size>
         <alignment>0x2</alignment>
         <input_file_ref idref="fl-4c"/>
      </object_component>
      <object_component id="oc-151">
         <name>.text.powerNotifyFxn</name>
         <load_address>0x10049fc</load_address>
         <readonly>true</readonly>
         <executable>true</executable>
         <run_address>0x10049fc</run_address>
         <size>0x6c</size>
         <alignment>0x4</alignment>
         <input_file_ref idref="fl-15"/>
      </object_component>
      <object_component id="oc-36f">
         <name>.text.split</name>
         <load_address>0x1004a68</load_address>
         <readonly>true</readonly>
         <executable>true</executable>
         <run_address>0x1004a68</run_address>
         <size>0x6c</size>
         <alignment>0x4</alignment>
         <input_file_ref idref="fl-43"/>
      </object_component>
      <object_component id="oc-131">
         <name>.text.PRCMPeripheralReset</name>
         <load_address>0x1004ad4</load_address>
         <readonly>true</readonly>
         <executable>true</executable>
         <run_address>0x1004ad4</run_address>
         <size>0x6a</size>
         <alignment>0x2</alignment>
         <input_file_ref idref="fl-2e"/>
      </object_component>
      <object_component id="oc-56">
         <name>.text.faultISR</name>
         <load_address>0x1004b3e</load_address>
         <readonly>true</readonly>
         <executable>true</executable>
         <run_address>0x1004b3e</run_address>
         <size>0x2</size>
         <alignment>0x2</alignment>
         <input_file_ref idref="fl-26"/>
      </object_component>
      <object_component id="oc-211">
         <name>.text.I2CCC32XX_initHw</name>
         <load_address>0x1004b40</load_address>
         <readonly>true</readonly>
         <executable>true</executable>
         <run_address>0x1004b40</run_address>
         <size>0x68</size>
         <alignment>0x4</alignment>
         <input_file_ref idref="fl-17"/>
      </object_component>
      <object_component id="oc-281">
         <name>.text.IntPendClear</name>
         <load_address>0x1004ba8</load_address>
         <readonly>true</readonly>
         <executable>true</executable>
         <run_address>0x1004ba8</run_address>
         <size>0x68</size>
         <alignment>0x2</alignment>
         <input_file_ref idref="fl-2c"/>
      </object_component>
      <object_component id="oc-2c2">
         <name>.text.I2CCC32XX_primeWriteBurst</name>
         <load_address>0x1004c10</load_address>
         <readonly>true</readonly>
         <executable>true</executable>
         <run_address>0x1004c10</run_address>
         <size>0x66</size>
         <alignment>0x2</alignment>
         <input_file_ref idref="fl-17"/>
      </object_component>
      <object_component id="oc-55">
         <name>.text.nmiISR</name>
         <load_address>0x1004c76</load_address>
         <readonly>true</readonly>
         <executable>true</executable>
         <run_address>0x1004c76</run_address>
         <size>0x2</size>
         <alignment>0x2</alignment>
         <input_file_ref idref="fl-26"/>
      </object_component>
      <object_component id="oc-2e5">
         <name>.text.__aeabi_dcmp</name>
         <load_address>0x1004c78</load_address>
         <readonly>true</readonly>
         <executable>true</executable>
         <run_address>0x1004c78</run_address>
         <size>0x62</size>
         <alignment>0x4</alignment>
         <input_file_ref idref="fl-db"/>
      </object_component>
      <object_component id="oc-18d">
         <name>.text.GPIO_write</name>
         <load_address>0x1004cdc</load_address>
         <readonly>true</readonly>
         <executable>true</executable>
         <run_address>0x1004cdc</run_address>
         <size>0x60</size>
         <alignment>0x4</alignment>
         <input_file_ref idref="fl-15"/>
      </object_component>
      <object_component id="oc-29d">
         <name>.text.UART2Support_dmaStopTx</name>
         <load_address>0x1004d3c</load_address>
         <readonly>true</readonly>
         <executable>true</executable>
         <run_address>0x1004d3c</run_address>
         <size>0x60</size>
         <alignment>0x2</alignment>
         <input_file_ref idref="fl-1d"/>
      </object_component>
      <object_component id="oc-37e">
         <name>.text.FlashDisable</name>
         <load_address>0x1004d9c</load_address>
         <readonly>true</readonly>
         <executable>true</executable>
         <run_address>0x1004d9c</run_address>
         <size>0x5c</size>
         <alignment>0x2</alignment>
         <input_file_ref idref="fl-35"/>
      </object_component>
      <object_component id="oc-2c7">
         <name>.text.I2CSupport_primeTransfer</name>
         <load_address>0x1004df8</load_address>
         <readonly>true</readonly>
         <executable>true</executable>
         <run_address>0x1004df8</run_address>
         <size>0x5c</size>
         <alignment>0x2</alignment>
         <input_file_ref idref="fl-17"/>
      </object_component>
      <object_component id="oc-1b7">
         <name>.text.PRCMHibernateWakeupSourceDisable</name>
         <load_address>0x1004e54</load_address>
         <readonly>true</readonly>
         <executable>true</executable>
         <run_address>0x1004e54</run_address>
         <size>0x5c</size>
         <alignment>0x2</alignment>
         <input_file_ref idref="fl-2e"/>
      </object_component>
      <object_component id="oc-1fc">
         <name>.text.TimerCC32XX_allocateTimerResource</name>
         <load_address>0x1004eb0</load_address>
         <readonly>true</readonly>
         <executable>true</executable>
         <run_address>0x1004eb0</run_address>
         <size>0x5c</size>
         <alignment>0x4</alignment>
         <input_file_ref idref="fl-1b"/>
      </object_component>
      <object_component id="oc-2eb">
         <name>.text._pconv_f</name>
         <load_address>0x1004f0c</load_address>
         <readonly>true</readonly>
         <executable>true</executable>
         <run_address>0x1004f0c</run_address>
         <size>0x5c</size>
         <alignment>0x2</alignment>
         <input_file_ref idref="fl-4c"/>
      </object_component>
      <object_component id="oc-130">
         <name>.text.PRCMPeripheralClkEnable</name>
         <load_address>0x1004f68</load_address>
         <readonly>true</readonly>
         <executable>true</executable>
         <run_address>0x1004f68</run_address>
         <size>0x5a</size>
         <alignment>0x2</alignment>
         <input_file_ref idref="fl-2e"/>
      </object_component>
      <object_component id="oc-2f9">
         <name>.text.ClockP_startup</name>
         <load_address>0x1004fc4</load_address>
         <readonly>true</readonly>
         <executable>true</executable>
         <run_address>0x1004fc4</run_address>
         <size>0x58</size>
         <alignment>0x4</alignment>
         <input_file_ref idref="fl-23"/>
      </object_component>
      <object_component id="oc-283">
         <name>.text.IntPrioritySet</name>
         <load_address>0x100501c</load_address>
         <readonly>true</readonly>
         <executable>true</executable>
         <run_address>0x100501c</run_address>
         <size>0x58</size>
         <alignment>0x2</alignment>
         <input_file_ref idref="fl-2c"/>
      </object_component>
      <object_component id="oc-311">
         <name>.text.PRCMLPDSEnter</name>
         <load_address>0x1005074</load_address>
         <readonly>true</readonly>
         <executable>true</executable>
         <run_address>0x1005074</run_address>
         <size>0x56</size>
         <alignment>0x2</alignment>
         <input_file_ref idref="fl-2e"/>
      </object_component>
      <object_component id="oc-359">
         <name>.text.__TI_ltoa</name>
         <load_address>0x10050ca</load_address>
         <readonly>true</readonly>
         <executable>true</executable>
         <run_address>0x10050ca</run_address>
         <size>0x56</size>
         <alignment>0x2</alignment>
         <input_file_ref idref="fl-51"/>
      </object_component>
      <object_component id="oc-1a2">
         <name>.text.GPIO_toggle</name>
         <load_address>0x1005120</load_address>
         <readonly>true</readonly>
         <executable>true</executable>
         <run_address>0x1005120</run_address>
         <size>0x54</size>
         <alignment>0x4</alignment>
         <input_file_ref idref="fl-15"/>
      </object_component>
      <object_component id="oc-1d7">
         <name>.text.PowerCC32XX_setParkState</name>
         <load_address>0x1005174</load_address>
         <readonly>true</readonly>
         <executable>true</executable>
         <run_address>0x1005174</run_address>
         <size>0x54</size>
         <alignment>0x4</alignment>
         <input_file_ref idref="fl-18"/>
      </object_component>
      <object_component id="oc-290">
         <name>.text.Power_releaseDependency</name>
         <load_address>0x10051c8</load_address>
         <readonly>true</readonly>
         <executable>true</executable>
         <run_address>0x10051c8</run_address>
         <size>0x54</size>
         <alignment>0x4</alignment>
         <input_file_ref idref="fl-18"/>
      </object_component>
      <object_component id="oc-351">
         <name>.text.frexp</name>
         <load_address>0x100521c</load_address>
         <readonly>true</readonly>
         <executable>true</executable>
         <run_address>0x100521c</run_address>
         <size>0x54</size>
         <alignment>0x4</alignment>
         <input_file_ref idref="fl-57"/>
      </object_component>
      <object_component id="oc-1a1">
         <name>.text.GPIO_hwiIntFxn</name>
         <load_address>0x1005270</load_address>
         <readonly>true</readonly>
         <executable>true</executable>
         <run_address>0x1005270</run_address>
         <size>0x50</size>
         <alignment>0x4</alignment>
         <input_file_ref idref="fl-15"/>
      </object_component>
      <object_component id="oc-1b6">
         <name>.text.PRCMHibernateWakeupSourceEnable</name>
         <load_address>0x10052c0</load_address>
         <readonly>true</readonly>
         <executable>true</executable>
         <run_address>0x10052c0</run_address>
         <size>0x50</size>
         <alignment>0x2</alignment>
         <input_file_ref idref="fl-2e"/>
      </object_component>
      <object_component id="oc-25b">
         <name>.text.SemaphoreP_construct</name>
         <load_address>0x1005310</load_address>
         <readonly>true</readonly>
         <executable>true</executable>
         <run_address>0x1005310</run_address>
         <size>0x50</size>
         <alignment>0x4</alignment>
         <input_file_ref idref="fl-22"/>
      </object_component>
      <object_component id="oc-18c">
         <name>.text.readTemp</name>
         <load_address>0x1005360</load_address>
         <readonly>true</readonly>
         <executable>true</executable>
         <run_address>0x1005360</run_address>
         <size>0x50</size>
         <alignment>0x4</alignment>
         <input_file_ref idref="fl-1"/>
      </object_component>
      <object_component id="oc-363">
         <name>.text._ecpy</name>
         <load_address>0x10053b0</load_address>
         <readonly>true</readonly>
         <executable>true</executable>
         <run_address>0x10053b0</run_address>
         <size>0x4e</size>
         <alignment>0x2</alignment>
         <input_file_ref idref="fl-4c"/>
      </object_component>
      <object_component id="oc-27c">
         <name>.text.uDMAChannelAssign</name>
         <load_address>0x10053fe</load_address>
         <readonly>true</readonly>
         <executable>true</executable>
         <run_address>0x10053fe</run_address>
         <size>0x4e</size>
         <alignment>0x2</alignment>
         <input_file_ref idref="fl-33"/>
      </object_component>
      <object_component id="oc-19e">
         <name>.text.GPIO_setInterruptConfig</name>
         <load_address>0x100544c</load_address>
         <readonly>true</readonly>
         <executable>true</executable>
         <run_address>0x100544c</run_address>
         <size>0x4c</size>
         <alignment>0x4</alignment>
         <input_file_ref idref="fl-15"/>
      </object_component>
      <object_component id="oc-37c">
         <name>.text.PRCMLPDSRestoreInfoSet</name>
         <load_address>0x1005498</load_address>
         <readonly>true</readonly>
         <executable>true</executable>
         <run_address>0x1005498</run_address>
         <size>0x4c</size>
         <alignment>0x2</alignment>
         <input_file_ref idref="fl-2e"/>
      </object_component>
      <object_component id="oc-200">
         <name>.text.initHw</name>
         <load_address>0x10054e4</load_address>
         <readonly>true</readonly>
         <executable>true</executable>
         <run_address>0x10054e4</run_address>
         <size>0x4c</size>
         <alignment>0x2</alignment>
         <input_file_ref idref="fl-1b"/>
      </object_component>
      <object_component id="oc-299">
         <name>.text.UART2Support_dmaStopRx</name>
         <load_address>0x1005530</load_address>
         <readonly>true</readonly>
         <executable>true</executable>
         <run_address>0x1005530</run_address>
         <size>0x4a</size>
         <alignment>0x2</alignment>
         <input_file_ref idref="fl-1d"/>
      </object_component>
      <object_component id="oc-1ff">
         <name>.text.getPrescaler</name>
         <load_address>0x100557a</load_address>
         <readonly>true</readonly>
         <executable>true</executable>
         <run_address>0x100557a</run_address>
         <size>0x4a</size>
         <alignment>0x2</alignment>
         <input_file_ref idref="fl-1b"/>
      </object_component>
      <object_component id="oc-327">
         <name>.text.uDMAChannelSizeGet</name>
         <load_address>0x10055c4</load_address>
         <readonly>true</readonly>
         <executable>true</executable>
         <run_address>0x10055c4</run_address>
         <size>0x4a</size>
         <alignment>0x2</alignment>
         <input_file_ref idref="fl-33"/>
      </object_component>
      <object_component id="oc-59">
         <name>.text.ClockP_sysTickHandler</name>
         <load_address>0x1005610</load_address>
         <readonly>true</readonly>
         <executable>true</executable>
         <run_address>0x1005610</run_address>
         <size>0x48</size>
         <alignment>0x4</alignment>
         <input_file_ref idref="fl-23"/>
      </object_component>
      <object_component id="oc-30b">
         <name>.text.PRCMIntEnable</name>
         <load_address>0x1005658</load_address>
         <readonly>true</readonly>
         <executable>true</executable>
         <run_address>0x1005658</run_address>
         <size>0x48</size>
         <alignment>0x2</alignment>
         <input_file_ref idref="fl-2e"/>
      </object_component>
      <object_component id="oc-234">
         <name>.text.PRCMPeripheralStatusGet</name>
         <load_address>0x10056a0</load_address>
         <readonly>true</readonly>
         <executable>true</executable>
         <run_address>0x10056a0</run_address>
         <size>0x48</size>
         <alignment>0x2</alignment>
         <input_file_ref idref="fl-2e"/>
      </object_component>
      <object_component id="oc-379">
         <name>.text.PinConfigGet</name>
         <load_address>0x10056e8</load_address>
         <readonly>true</readonly>
         <executable>true</executable>
         <run_address>0x10056e8</run_address>
         <size>0x48</size>
         <alignment>0x2</alignment>
         <input_file_ref idref="fl-2d"/>
      </object_component>
      <object_component id="oc-226">
         <name>.text.__fixdfsi</name>
         <load_address>0x1005730</load_address>
         <readonly>true</readonly>
         <executable>true</executable>
         <run_address>0x1005730</run_address>
         <size>0x48</size>
         <alignment>0x4</alignment>
         <input_file_ref idref="fl-d8"/>
      </object_component>
      <object_component id="oc-2c0">
         <name>.text.I2CCC32XX_fillTransmitFifo</name>
         <load_address>0x1005778</load_address>
         <readonly>true</readonly>
         <executable>true</executable>
         <run_address>0x1005778</run_address>
         <size>0x46</size>
         <alignment>0x2</alignment>
         <input_file_ref idref="fl-17"/>
      </object_component>
      <object_component id="oc-310">
         <name>.text.PRCMLPDSEnterKeepDebugIf</name>
         <load_address>0x10057be</load_address>
         <readonly>true</readonly>
         <executable>true</executable>
         <run_address>0x10057be</run_address>
         <size>0x46</size>
         <alignment>0x2</alignment>
         <input_file_ref idref="fl-2e"/>
      </object_component>
      <object_component id="oc-325">
         <name>.text.RingBuf_put</name>
         <load_address>0x1005804</load_address>
         <readonly>true</readonly>
         <executable>true</executable>
         <run_address>0x1005804</run_address>
         <size>0x46</size>
         <alignment>0x2</alignment>
         <input_file_ref idref="fl-1f"/>
      </object_component>
      <object_component id="oc-19c">
         <name>.text.GPIODirModeSet</name>
         <load_address>0x100584a</load_address>
         <readonly>true</readonly>
         <executable>true</executable>
         <run_address>0x100584a</run_address>
         <size>0x44</size>
         <alignment>0x2</alignment>
         <input_file_ref idref="fl-29"/>
      </object_component>
      <object_component id="oc-237">
         <name>.text.GPIO_disableInt</name>
         <load_address>0x1005890</load_address>
         <readonly>true</readonly>
         <executable>true</executable>
         <run_address>0x1005890</run_address>
         <size>0x44</size>
         <alignment>0x4</alignment>
         <input_file_ref idref="fl-15"/>
      </object_component>
      <object_component id="oc-f3">
         <name>.text.GPIO_enableInt</name>
         <load_address>0x10058d4</load_address>
         <readonly>true</readonly>
         <executable>true</executable>
         <run_address>0x10058d4</run_address>
         <size>0x44</size>
         <alignment>0x4</alignment>
         <input_file_ref idref="fl-15"/>
      </object_component>
      <object_component id="oc-29c">
         <name>.text.Power_releaseConstraint</name>
         <load_address>0x1005918</load_address>
         <readonly>true</readonly>
         <executable>true</executable>
         <run_address>0x1005918</run_address>
         <size>0x44</size>
         <alignment>0x4</alignment>
         <input_file_ref idref="fl-18"/>
      </object_component>
      <object_component id="oc-175">
         <name>.text.Timer_start</name>
         <load_address>0x100595c</load_address>
         <readonly>true</readonly>
         <executable>true</executable>
         <run_address>0x100595c</run_address>
         <size>0x44</size>
         <alignment>0x2</alignment>
         <input_file_ref idref="fl-1a"/>
      </object_component>
      <object_component id="oc-7e">
         <name>.text.addToList</name>
         <load_address>0x10059a0</load_address>
         <readonly>true</readonly>
         <executable>true</executable>
         <run_address>0x10059a0</run_address>
         <size>0x44</size>
         <alignment>0x4</alignment>
         <input_file_ref idref="fl-23"/>
      </object_component>
      <object_component id="oc-102">
         <name>.text.snprintf</name>
         <load_address>0x10059e4</load_address>
         <readonly>true</readonly>
         <executable>true</executable>
         <run_address>0x10059e4</run_address>
         <size>0x44</size>
         <alignment>0x4</alignment>
         <input_file_ref idref="fl-42"/>
      </object_component>
      <object_component id="oc-138">
         <name>.text.PinModeSet</name>
         <load_address>0x1005a28</load_address>
         <readonly>true</readonly>
         <executable>true</executable>
         <run_address>0x1005a28</run_address>
         <size>0x42</size>
         <alignment>0x2</alignment>
         <input_file_ref idref="fl-2d"/>
      </object_component>
      <object_component id="oc-2ab">
         <name>.text.TimerControlStall</name>
         <load_address>0x1005a6a</load_address>
         <readonly>true</readonly>
         <executable>true</executable>
         <run_address>0x1005a6a</run_address>
         <size>0x42</size>
         <alignment>0x2</alignment>
         <input_file_ref idref="fl-31"/>
      </object_component>
      <object_component id="oc-1fe">
         <name>.text.Timer_close</name>
         <load_address>0x1005aac</load_address>
         <readonly>true</readonly>
         <executable>true</executable>
         <run_address>0x1005aac</run_address>
         <size>0x42</size>
         <alignment>0x2</alignment>
         <input_file_ref idref="fl-1b"/>
      </object_component>
      <object_component id="oc-247">
         <name>.text.getCountsRTC</name>
         <load_address>0x1005aee</load_address>
         <readonly>true</readonly>
         <executable>true</executable>
         <run_address>0x1005aee</run_address>
         <size>0x42</size>
         <alignment>0x2</alignment>
         <input_file_ref idref="fl-25"/>
      </object_component>
      <object_component id="oc-14c">
         <name>.text.SemaphoreP_post</name>
         <load_address>0x1005b30</load_address>
         <readonly>true</readonly>
         <executable>true</executable>
         <run_address>0x1005b30</run_address>
         <size>0x40</size>
         <alignment>0x4</alignment>
         <input_file_ref idref="fl-22"/>
      </object_component>
      <object_component id="oc-2a1">
         <name>.text.Timer_stop</name>
         <load_address>0x1005b70</load_address>
         <readonly>true</readonly>
         <executable>true</executable>
         <run_address>0x1005b70</run_address>
         <size>0x40</size>
         <alignment>0x2</alignment>
         <input_file_ref idref="fl-1a"/>
      </object_component>
      <object_component id="oc-2d7">
         <name>.text.atoi</name>
         <load_address>0x1005bb0</load_address>
         <readonly>true</readonly>
         <executable>true</executable>
         <run_address>0x1005bb0</run_address>
         <size>0x40</size>
         <alignment>0x4</alignment>
         <input_file_ref idref="fl-54"/>
      </object_component>
      <object_component id="oc-32a">
         <name>.text.uDMAChannelControlSet</name>
         <load_address>0x1005bf0</load_address>
         <readonly>true</readonly>
         <executable>true</executable>
         <run_address>0x1005bf0</run_address>
         <size>0x40</size>
         <alignment>0x2</alignment>
         <input_file_ref idref="fl-33"/>
      </object_component>
      <object_component id="oc-37b">
         <name>.text.PinDirModeSet</name>
         <load_address>0x1005c30</load_address>
         <readonly>true</readonly>
         <executable>true</executable>
         <run_address>0x1005c30</run_address>
         <size>0x3e</size>
         <alignment>0x2</alignment>
         <input_file_ref idref="fl-2d"/>
      </object_component>
      <object_component id="oc-25f">
         <name>.text.ClockP_stop</name>
         <load_address>0x1005c70</load_address>
         <readonly>true</readonly>
         <executable>true</executable>
         <run_address>0x1005c70</run_address>
         <size>0x3c</size>
         <alignment>0x4</alignment>
         <input_file_ref idref="fl-23"/>
      </object_component>
      <object_component id="oc-1e6">
         <name>.text.UDMACC32XX_init</name>
         <load_address>0x1005cac</load_address>
         <readonly>true</readonly>
         <executable>true</executable>
         <run_address>0x1005cac</run_address>
         <size>0x3c</size>
         <alignment>0x4</alignment>
         <input_file_ref idref="fl-20"/>
      </object_component>
      <object_component id="oc-208">
         <name>.text.TimerSupport_timerEnable</name>
         <load_address>0x1005ce8</load_address>
         <readonly>true</readonly>
         <executable>true</executable>
         <run_address>0x1005ce8</run_address>
         <size>0x3a</size>
         <alignment>0x2</alignment>
         <input_file_ref idref="fl-1b"/>
      </object_component>
      <object_component id="oc-1ca">
         <name>.text.ClockP_destruct</name>
         <load_address>0x1005d24</load_address>
         <readonly>true</readonly>
         <executable>true</executable>
         <run_address>0x1005d24</run_address>
         <size>0x38</size>
         <alignment>0x4</alignment>
         <input_file_ref idref="fl-23"/>
      </object_component>
      <object_component id="oc-2b0">
         <name>.text.Power_setConstraint</name>
         <load_address>0x1005d5c</load_address>
         <readonly>true</readonly>
         <executable>true</executable>
         <run_address>0x1005d5c</run_address>
         <size>0x38</size>
[...]
      <symbol id="sm-625">
         <name>SysTickEnable</name>
         <value>0x1006ecf</value>
         <object_component_ref idref="oc-255"/>
      </symbol>
      <symbol id="sm-626">
         <name>SysTickIntDisable</name>
         <value>0x1006ee1</value>
         <object_component_ref idref="oc-24c"/>
      </symbol>
      <symbol id="sm-627">
         <name>SysTickIntEnable</name>
         <value>0x1006ef3</value>
         <object_component_ref idref="oc-256"/>
      </symbol>
      <symbol id="sm-628">
         <name>SysTickPeriodSet</name>
         <value>0x1006c8d</value>
         <object_component_ref idref="oc-254"/>
      </symbol>
      <symbol id="sm-667">
         <name>TimerControlStall</name>
         <value>0x1005a6b</value>
         <object_component_ref idref="oc-2ab"/>
      </symbol>
      <symbol id="sm-668">
         <name>TimerDisable</name>
         <value>0x100696d</value>
         <object_component_ref idref="oc-2a4"/>
      </symbol>
      <symbol id="sm-669">
         <name>TimerEnable</name>
         <value>0x1006b8b</value>
         <object_component_ref idref="oc-2b1"/>
      </symbol>
      <symbol id="sm-66a">
         <name>TimerIntClear</name>
         <value>0x1006fcd</value>
         <object_component_ref idref="oc-2ae"/>
      </symbol>
      <symbol id="sm-66b">
         <name>TimerIntDisable</name>
         <value>0x1006ca3</value>
         <object_component_ref idref="oc-388"/>
      </symbol>
      <symbol id="sm-66c">
         <name>TimerIntEnable</name>
         <value>0x1006db1</value>
         <object_component_ref idref="oc-2af"/>
      </symbol>
      <symbol id="sm-66d">
         <name>TimerLoadSet</name>
         <value>0x1006255</value>
         <object_component_ref idref="oc-2aa"/>
      </symbol>
      <symbol id="sm-66e">
         <name>TimerPrescaleSet</name>
         <value>0x1006285</value>
         <object_component_ref idref="oc-2a9"/>
      </symbol>
      <symbol id="sm-6d8">
         <name>UARTBusy</name>
         <value>0x1006ffd</value>
         <object_component_ref idref="oc-36e"/>
      </symbol>
      <symbol id="sm-6d9">
         <name>UARTCharPutNonBlocking</name>
         <value>0x1005f89</value>
         <object_component_ref idref="oc-36d"/>
      </symbol>
      <symbol id="sm-6da">
         <name>UARTCharsAvail</name>
         <value>0x1006cb9</value>
         <object_component_ref idref="oc-29a"/>
      </symbol>
      <symbol id="sm-6db">
         <name>UARTConfigSetExpClk</name>
         <value>0x1004615</value>
         <object_component_ref idref="oc-272"/>
      </symbol>
      <symbol id="sm-6dc">
         <name>UARTDMADisable</name>
         <value>0x1006ccf</value>
         <object_component_ref idref="oc-289"/>
      </symbol>
      <symbol id="sm-6dd">
         <name>UARTDMAEnable</name>
         <value>0x1006dc5</value>
         <object_component_ref idref="oc-32d"/>
      </symbol>
      <symbol id="sm-6de">
         <name>UARTDisable</name>
         <value>0x10063cf</value>
         <object_component_ref idref="oc-28b"/>
      </symbol>
      <symbol id="sm-6df">
         <name>UARTEnable</name>
         <value>0x10069c9</value>
         <object_component_ref idref="oc-278"/>
      </symbol>
      <symbol id="sm-6e0">
         <name>UARTFIFOLevelSet</name>
         <value>0x1006ce5</value>
         <object_component_ref idref="oc-27a"/>
      </symbol>
      <symbol id="sm-6e1">
         <name>UARTFlowControlSet</name>
         <value>0x1006ba5</value>
         <object_component_ref idref="oc-27b"/>
      </symbol>
      <symbol id="sm-6e2">
         <name>UARTIntClear</name>
         <value>0x100700d</value>
         <object_component_ref idref="oc-277"/>
      </symbol>
      <symbol id="sm-6e3">
         <name>UARTIntDisable</name>
         <value>0x1006cfb</value>
         <object_component_ref idref="oc-288"/>
      </symbol>
      <symbol id="sm-6e4">
         <name>UARTIntEnable</name>
         <value>0x1006dd9</value>
         <object_component_ref idref="oc-279"/>
      </symbol>
      <symbol id="sm-6e5">
         <name>UARTIntStatus</name>
         <value>0x1006501</value>
         <object_component_ref idref="oc-295"/>
      </symbol>
      <symbol id="sm-6e6">
         <name>UARTRxErrorGet</name>
         <value>0x100701d</value>
         <object_component_ref idref="oc-297"/>
      </symbol>
      <symbol id="sm-73f">
         <name>uDMAChannelAssign</name>
         <value>0x10053ff</value>
         <object_component_ref idref="oc-27c"/>
      </symbol>
      <symbol id="sm-740">
         <name>uDMAChannelAttributeDisable</name>
         <value>0x1004187</value>
         <object_component_ref idref="oc-27d"/>
      </symbol>
      <symbol id="sm-741">
         <name>uDMAChannelControlSet</name>
         <value>0x1005bf1</value>
         <object_component_ref idref="oc-32a"/>
      </symbol>
      <symbol id="sm-742">
         <name>uDMAChannelDisable</name>
         <value>0x1006a05</value>
         <object_component_ref idref="oc-326"/>
      </symbol>
      <symbol id="sm-743">
         <name>uDMAChannelEnable</name>
         <value>0x1006a23</value>
         <object_component_ref idref="oc-32c"/>
      </symbol>
      <symbol id="sm-744">
         <name>uDMAChannelIsEnabled</name>
         <value>0x1006a41</value>
         <object_component_ref idref="oc-298"/>
      </symbol>
      <symbol id="sm-745">
         <name>uDMAChannelSizeGet</name>
         <value>0x10055c5</value>
         <object_component_ref idref="oc-327"/>
      </symbol>
      <symbol id="sm-746">
         <name>uDMAChannelTransferSet</name>
         <value>0x1003315</value>
         <object_component_ref idref="oc-32b"/>
      </symbol>
      <symbol id="sm-747">
         <name>uDMAControlBaseSet</name>
         <value>0x1006e29</value>
         <object_component_ref idref="oc-26f"/>
      </symbol>
      <symbol id="sm-748">
         <name>uDMAEnable</name>
         <value>0x1007095</value>
         <object_component_ref idref="oc-26a"/>
      </symbol>
      <symbol id="sm-749">
         <name>uDMAErrorStatusClear</name>
         <value>0x10070a3</value>
         <object_component_ref idref="oc-39d"/>
      </symbol>
      <symbol id="sm-74a">
         <name>uDMAErrorStatusGet</name>
         <value>0x1007175</value>
         <object_component_ref idref="oc-39c"/>
      </symbol>
      <symbol id="sm-74b">
         <name>uDMAIntClear</name>
         <value>0x1006e3d</value>
         <object_component_ref idref="oc-328"/>
      </symbol>
      <symbol id="sm-756">
         <name>UtilsDelay</name>
         <value>0x1007205</value>
         <object_component_ref idref="oc-12a"/>
      </symbol>
      <symbol id="sm-783">
         <name>FlashDisable</name>
         <value>0x1004d9d</value>
         <object_component_ref idref="oc-37e"/>
      </symbol>
      <symbol id="sm-794">
         <name>snprintf</name>
         <value>0x10059e5</value>
         <object_component_ref idref="oc-102"/>
      </symbol>
      <symbol id="sm-7b4">
         <name>malloc</name>
         <value>0x100721d</value>
         <object_component_ref idref="oc-235"/>
      </symbol>
      <symbol id="sm-7b5">
         <name>aligned_alloc</name>
         <value>0x1002fc1</value>
         <object_component_ref idref="oc-2f4"/>
      </symbol>
      <symbol id="sm-7b6">
         <name>free</name>
         <value>0x1003525</value>
         <object_component_ref idref="oc-1c4"/>
      </symbol>
      <symbol id="sm-7b7">
         <name>_sys_memory</name>
         <value>0x20000310</value>
         <object_component_ref idref="oc-32"/>
      </symbol>
      <symbol id="sm-7b8">
         <name>memalign</name>
         <value>0x1002fc1</value>
         <object_component_ref idref="oc-2f4"/>
      </symbol>
      <symbol id="sm-7c3">
         <name>_c_int00_noargs</name>
         <value>0x1006801</value>
         <object_component_ref idref="oc-77"/>
      </symbol>
      <symbol id="sm-7c4">
         <name>__stack</name>
         <value>0x2003f000</value>
         <object_component_ref idref="oc-17"/>
      </symbol>
      <symbol id="sm-7d0">
         <name>__TI_auto_init_nobinit_nopinit</name>
         <value>0x1005ee5</value>
         <object_component_ref idref="oc-c0"/>
      </symbol>
      <symbol id="sm-7d8">
         <name>_system_pre_init</name>
         <value>0x1007269</value>
         <object_component_ref idref="oc-8c"/>
      </symbol>
      <symbol id="sm-7e3">
         <name>__TI_zero_init</name>
         <value>0x100704d</value>
         <object_component_ref idref="oc-4a"/>
      </symbol>
      <symbol id="sm-7ec">
         <name>__TI_decompress_none</name>
         <value>0x10070bf</value>
         <object_component_ref idref="oc-1d"/>
      </symbol>
      <symbol id="sm-7f6">
         <name>__TI_decompress_lzss</name>
         <value>0x10046fd</value>
         <object_component_ref idref="oc-19"/>
      </symbol>
      <symbol id="sm-83d">
         <name>__TI_printfi</name>
         <value>0x1000841</value>
         <object_component_ref idref="oc-231"/>
      </symbol>
      <symbol id="sm-846">
         <name>wcslen</name>
         <value>0x100703d</value>
         <object_component_ref idref="oc-2db"/>
      </symbol>
      <symbol id="sm-851">
         <name>__aeabi_errno_addr</name>
         <value>0x100720d</value>
         <object_component_ref idref="oc-2df"/>
      </symbol>
      <symbol id="sm-852">
         <name>__aeabi_errno</name>
         <value>0x200094a4</value>
         <object_component_ref idref="oc-345"/>
      </symbol>
      <symbol id="sm-85c">
         <name>abort</name>
         <value>0x100726d</value>
         <object_component_ref idref="oc-b9"/>
      </symbol>
      <symbol id="sm-85d">
         <name>C$$EXIT</name>
         <value>0x100726c</value>
         <object_component_ref idref="oc-b9"/>
      </symbol>
      <symbol id="sm-866">
         <name>_nop</name>
         <value>0x1004337</value>
         <object_component_ref idref="oc-1a3"/>
      </symbol>
      <symbol id="sm-867">
         <name>_lock</name>
         <value>0x200094a8</value>
         <object_component_ref idref="oc-11f"/>
      </symbol>
      <symbol id="sm-868">
         <name>_unlock</name>
         <value>0x200094ac</value>
         <object_component_ref idref="oc-122"/>
      </symbol>
      <symbol id="sm-871">
         <name>__TI_ltoa</name>
         <value>0x10050cb</value>
         <object_component_ref idref="oc-359"/>
      </symbol>
      <symbol id="sm-87d">
         <name>atoi</name>
         <value>0x1005bb1</value>
         <object_component_ref idref="oc-2d7"/>
      </symbol>
      <symbol id="sm-887">
         <name>memccpy</name>
         <value>0x10069e7</value>
         <object_component_ref idref="oc-2d0"/>
      </symbol>
      <symbol id="sm-891">
         <name>frexp</name>
         <value>0x100521d</value>
         <object_component_ref idref="oc-351"/>
      </symbol>
      <symbol id="sm-892">
         <name>frexpl</name>
         <value>0x100521d</value>
         <object_component_ref idref="oc-351"/>
      </symbol>
      <symbol id="sm-89c">
         <name>scalbn</name>
         <value>0x1003b05</value>
         <object_component_ref idref="oc-355"/>
      </symbol>
      <symbol id="sm-89d">
         <name>ldexp</name>
         <value>0x1003b05</value>
         <object_component_ref idref="oc-355"/>
      </symbol>
      <symbol id="sm-89e">
         <name>scalbnl</name>
         <value>0x1003b05</value>
         <object_component_ref idref="oc-355"/>
      </symbol>
      <symbol id="sm-89f">
         <name>ldexpl</name>
         <value>0x1003b05</value>
         <object_component_ref idref="oc-355"/>
      </symbol>
      <symbol id="sm-8a5">
         <name>__aeabi_ctype_table_</name>
         <value>0x1007270</value>
         <object_component_ref idref="oc-33e"/>
      </symbol>
      <symbol id="sm-8a6">
         <name>__aeabi_ctype_table_C</name>
         <value>0x1007270</value>
         <object_component_ref idref="oc-33e"/>
      </symbol>
      <symbol id="sm-8be">
         <name>__aeabi_dadd</name>
         <value>0x10022bf</value>
         <object_component_ref idref="oc-35d"/>
      </symbol>
      <symbol id="sm-8bf">
         <name>__adddf3</name>
         <value>0x10022bf</value>
         <object_component_ref idref="oc-35d"/>
      </symbol>
      <symbol id="sm-8c0">
         <name>__aeabi_dsub</name>
         <value>0x10022b5</value>
         <object_component_ref idref="oc-35d"/>
      </symbol>
      <symbol id="sm-8c1">
         <name>__subdf3</name>
         <value>0x10022b5</value>
         <object_component_ref idref="oc-35d"/>
      </symbol>
      <symbol id="sm-8c7">
         <name>__aeabi_dmul</name>
         <value>0x1003429</value>
         <object_component_ref idref="oc-222"/>
      </symbol>
      <symbol id="sm-8c8">
         <name>__muldf3</name>
         <value>0x1003429</value>
         <object_component_ref idref="oc-222"/>
      </symbol>
      <symbol id="sm-8ce">
         <name>__aeabi_ddiv</name>
         <value>0x1002c2d</value>
         <object_component_ref idref="oc-367"/>
      </symbol>
      <symbol id="sm-8cf">
         <name>__divdf3</name>
         <value>0x1002c2d</value>
         <object_component_ref idref="oc-367"/>
      </symbol>
      <symbol id="sm-8d5">
         <name>__aeabi_f2d</name>
         <value>0x1005e75</value>
         <object_component_ref idref="oc-fe"/>
      </symbol>
      <symbol id="sm-8d6">
         <name>__extendsfdf2</name>
         <value>0x1005e75</value>
         <object_component_ref idref="oc-fe"/>
      </symbol>
      <symbol id="sm-8dc">
         <name>__aeabi_d2iz</name>
         <value>0x1005731</value>
         <object_component_ref idref="oc-226"/>
      </symbol>
      <symbol id="sm-8dd">
         <name>__fixdfsi</name>
         <value>0x1005731</value>
         <object_component_ref idref="oc-226"/>
      </symbol>
      <symbol id="sm-8e3">
         <name>__aeabi_i2d</name>
         <value>0x10063fd</value>
         <object_component_ref idref="oc-21e"/>
      </symbol>
      <symbol id="sm-8e4">
         <name>__floatsidf</name>
         <value>0x10063fd</value>
         <object_component_ref idref="oc-21e"/>
      </symbol>
      <symbol id="sm-8ea">
         <name>__aeabi_i2f</name>
         <value>0x1005ead</value>
         <object_component_ref idref="oc-fa"/>
      </symbol>
      <symbol id="sm-8eb">
         <name>__floatsisf</name>
         <value>0x1005ead</value>
         <object_component_ref idref="oc-fa"/>
      </symbol>
      <symbol id="sm-8f1">
         <name>__aeabi_dcmpeq</name>
         <value>0x1004c79</value>
         <object_component_ref idref="oc-2e5"/>
      </symbol>
      <symbol id="sm-8f2">
         <name>__aeabi_dcmplt</name>
         <value>0x1004c8d</value>
         <object_component_ref idref="oc-2e5"/>
      </symbol>
      <symbol id="sm-8f3">
         <name>__aeabi_dcmple</name>
         <value>0x1004ca1</value>
         <object_component_ref idref="oc-2e5"/>
      </symbol>
      <symbol id="sm-8f4">
         <name>__aeabi_dcmpge</name>
         <value>0x1004cb5</value>
         <object_component_ref idref="oc-2e5"/>
      </symbol>
      <symbol id="sm-8f5">
         <name>__aeabi_dcmpgt</name>
         <value>0x1004cc9</value>
         <object_component_ref idref="oc-2e5"/>
      </symbol>
      <symbol id="sm-8fb">
         <name>__aeabi_memcpy</name>
         <value>0x1007265</value>
         <object_component_ref idref="oc-3d"/>
      </symbol>
      <symbol id="sm-8fc">
         <name>__aeabi_memcpy4</name>
         <value>0x1007265</value>
         <object_component_ref idref="oc-3d"/>
      </symbol>
      <symbol id="sm-8fd">
         <name>__aeabi_memcpy8</name>
         <value>0x1007265</value>
         <object_component_ref idref="oc-3d"/>
      </symbol>
      <symbol id="sm-906">
         <name>__aeabi_memset</name>
         <value>0x10071c9</value>
         <object_component_ref idref="oc-2cf"/>
      </symbol>
      <symbol id="sm-907">
         <name>__aeabi_memset4</name>
         <value>0x10071c9</value>
         <object_component_ref idref="oc-2cf"/>
      </symbol>
      <symbol id="sm-908">
         <name>__aeabi_memset8</name>
         <value>0x10071c9</value>
         <object_component_ref idref="oc-2cf"/>
      </symbol>
      <symbol id="sm-909">
         <name>__aeabi_memclr</name>
         <value>0x1007215</value>
         <object_component_ref idref="oc-68"/>
      </symbol>
      <symbol id="sm-90a">
         <name>__aeabi_memclr4</name>
         <value>0x1007215</value>
         <object_component_ref idref="oc-68"/>
      </symbol>
      <symbol id="sm-90b">
         <name>__aeabi_memclr8</name>
         <value>0x1007215</value>
         <object_component_ref idref="oc-68"/>
      </symbol>
      <symbol id="sm-911">
         <name>__aeabi_uldivmod</name>
         <value>0x1006ded</value>
         <object_component_ref idref="oc-248"/>
      </symbol>
      <symbol id="sm-917">
         <name>__udivmoddi4</name>
         <value>0x1003c81</value>
         <object_component_ref idref="oc-2fb"/>
      </symbol>
      <symbol id="sm-923">
         <name>__ledf2</name>
         <value>0x10047dd</value>
         <object_component_ref idref="oc-349"/>
      </symbol>
      <symbol id="sm-924">
         <name>__gedf2</name>
         <value>0x100476d</value>
         <object_component_ref idref="oc-34f"/>
      </symbol>
      <symbol id="sm-925">
         <name>__cmpdf2</name>
         <value>0x10047dd</value>
         <object_component_ref idref="oc-349"/>
      </symbol>
      <symbol id="sm-926">
         <name>__eqdf2</name>
         <value>0x10047dd</value>
         <object_component_ref idref="oc-349"/>
      </symbol>
      <symbol id="sm-927">
         <name>__ltdf2</name>
         <value>0x10047dd</value>
         <object_component_ref idref="oc-349"/>
      </symbol>
      <symbol id="sm-928">
         <name>__nedf2</name>
         <value>0x10047dd</value>
         <object_component_ref idref="oc-349"/>
      </symbol>
      <symbol id="sm-929">
         <name>__gtdf2</name>
         <value>0x100476d</value>
         <object_component_ref idref="oc-34f"/>
      </symbol>
      <symbol id="sm-933">
         <name>__aeabi_ldiv0</name>
         <value>0x1004057</value>
         <object_component_ref idref="oc-372"/>
      </symbol>
      <symbol id="sm-93c">
         <name>TI_memcpy_small</name>
         <value>0x1006f29</value>
         <object_component_ref idref="oc-82"/>
      </symbol>
      <symbol id="sm-944">
         <name>TI_memset_small</name>
         <value>0x10070b1</value>
         <object_component_ref idref="oc-9f"/>
      </symbol>
      <symbol id="sm-945">
         <name>__TI_static_base__</name>
         <value>0x100785c</value>
      </symbol>
      <symbol id="sm-948">
         <name>ITM_flush</name>
         <value>0x0</value>
      </symbol>
      <symbol id="sm-949">
         <name>ITM_restore</name>
         <value>0x0</value>
      </symbol>
      <symbol id="sm-94a">
         <name>__mpu_init</name>
         <value>0x0</value>
      </symbol>
      <symbol id="sm-94b">
         <name>_system_post_cinit</name>
         <value>0x0</value>
      </symbol>
   </symbol_table>
   <title>Link successful</title>
</link_info>
